[INFO] [0(s)] Creating CSV File : /workspace/scenarios//generatedResults.csv
[INFO] [0(s)] Clearing engine
[INFO] [0(s)] Initializing engine
[INFO] [0(s)] Human Adult Whole Body
[INFO] [0(s)] Version : 4.3.1
[INFO] [0(s)] GitHash : 143ad0826
[INFO] [0(s)] Build Time : Thu Apr 23 12:10:32 2026
[INFO] [0(s)] Looking for files in .
[INFO] [0(s)] [Provided Patient] Name: "StandardMale"
Age {
  ScalarTime {
    Value: 44
    Unit: "yr"
  }
}
Weight {
  ScalarMass {
    Value: 170
    Unit: "lb"
  }
}
Height {
  ScalarLength {
    Value: 71
    Unit: "in"
  }
}
BodyFatFraction {
  Scalar0To1 {
    Value: 0.21
  }
}
DiastolicArterialPressureBaseline {
  ScalarPressure {
    Value: 73.5
    Unit: "mmHg"
  }
}
HeartRateBaseline {
  ScalarFrequency {
    Value: 72
    Unit: "1/min"
  }
}
RespirationRateBaseline {
  ScalarFrequency {
    Value: 12
    Unit: "1/min"
  }
}
SystolicArterialPressureBaseline {
  ScalarPressure {
    Value: 114
    Unit: "mmHg"
  }
}

[INFO] [0(s)] Patient ideal body weight computed and set to 75.3 kg.
[INFO] [0(s)] Patient lean body mass computed and set to 60.9175 kg.
[INFO] [0(s)] Patient body density computed and set to 1.05052 g/cm^3.
[INFO] [0(s)] No patient heart rate maximum set. Using a computed value of 177.2 bpm.
[INFO] [0(s)] No patient heart rate minimum set. Using a default value of 0.001 bpm.
[INFO] [0(s)] No patient blood volume baseline set. Using a computed value of 5517.73 mL.
[INFO] [0(s)] No patient right lung ratio set. Using the standard value of 0.525.
[INFO] [0(s)] No patient total lung capacity set. Using a computed value of 6.024 L.
[INFO] [0(s)] No patient functional residual capacity set. Using a computed value of 2.259 L.
[INFO] [0(s)] No patient residual volume set. Using a computed value of 1.2048 L.
[INFO] [0(s)] Patient tidal volume computed and set to 0.5271 L.
[INFO] [0(s)] Patient vital capacity computed and set to 4.8192 L.
[INFO] [0(s)] Patient expiratory reserve volume computed and set to 1.0542 L.
[INFO] [0(s)] Patient inspiratory reserve volume computed and set to 3.2379 L.
[INFO] [0(s)] Patient inspiratory capacity computed and set to 3.765 L.
[INFO] [0(s)] No patient alveoli surface area set. Using a computed value of 68.3436 m^2.
[INFO] [0(s)] No patient skin surface area set. Using a computed value of 1.96812 m^2.
[INFO] [0(s)] No patient basal metabolic rate set. Using a computed value of 1737.35 kcal/day.
[INFO] [0(s)] [Patient] 
{
 "Name": "StandardMale",
 "Age": {
  "ScalarTime": {
   "Value": 44,
   "Unit": "yr"
  }
 },
 "Weight": {
  "ScalarMass": {
   "Value": 170,
   "Unit": "lb"
  }
 },
 "Height": {
  "ScalarLength": {
   "Value": 71,
   "Unit": "in"
  }
 },
 "BodyDensity": {
  "ScalarMassPerVolume": {
   "Value": 1.0505236628887222,
   "Unit": "g/cm^3"
  }
 },
 "BodyFatFraction": {
  "Scalar0To1": {
   "Value": 0.21
  }
 },
 "BodyMassIndex": {
  "Value": 23.70994416557371
 },
 "LeanBodyMass": {
  "ScalarMass": {
   "Value": 60.91745529100001,
   "Unit": "kg"
  }
 },
 "IdealBodyWeight": {
  "ScalarMass": {
   "Value": 75.3,
   "Unit": "kg"
  }
 },
 "AlveoliSurfaceArea": {
  "ScalarArea": {
   "Value": 68.343598055105346,
   "Unit": "m^2"
  }
 },
 "RightLungRatio": {
  "Scalar0To1": {
   "Value": 0.525
  }
 },
 "SkinSurfaceArea": {
  "ScalarArea": {
   "Value": 1.968118127917069,
   "Unit": "m^2"
  }
 },
 "BasalMetabolicRate": {
  "ScalarPower": {
   "Value": 1737.3477467513003,
   "Unit": "kcal/day"
  }
 },
 "BloodVolumeBaseline": {
  "ScalarVolume": {
   "Value": 5517.734437810328,
   "Unit": "mL"
  }
 },
 "DiastolicArterialPressureBaseline": {
  "ScalarPressure": {
   "Value": 73.5,
   "Unit": "mmHg"
  }
 },
 "HeartRateBaseline": {
  "ScalarFrequency": {
   "Value": 72,
   "Unit": "1/min"
  }
 },
 "MeanArterialPressureBaseline": {
  "ScalarPressure": {
   "Value": 87,
   "Unit": "mmHg"
  }
 },
 "PulsePressureBaseline": {
  "ScalarPressure": {
   "Value": 40.5,
   "Unit": "mmHg"
  }
 },
 "RespirationRateBaseline": {
  "ScalarFrequency": {
   "Value": 12,
   "Unit": "1/min"
  }
 },
 "SystolicArterialPressureBaseline": {
  "ScalarPressure": {
   "Value": 114,
   "Unit": "mmHg"
  }
 },
 "TidalVolumeBaseline": {
  "ScalarVolume": {
   "Value": 0.5270999999999999,
   "Unit": "L"
  }
 },
 "HeartRateMaximum": {
  "ScalarFrequency": {
   "Value": 177.2,
   "Unit": "1/min"
  }
 },
 "HeartRateMinimum": {
  "ScalarFrequency": {
   "Value": 0.001,
   "Unit": "1/min"
  }
 },
 "ExpiratoryReserveVolume": {
  "ScalarVolume": {
   "Value": 1.0542,
   "Unit": "L"
  }
 },
 "FunctionalResidualCapacity": {
  "ScalarVolume": {
   "Value": 2.259,
   "Unit": "L"
  }
 },
 "InspiratoryCapacity": {
  "ScalarVolume": {
   "Value": 3.765,
   "Unit": "L"
  }
 },
 "InspiratoryReserveVolume": {
  "ScalarVolume": {
   "Value": 3.2379000000000002,
   "Unit": "L"
  }
 },
 "ResidualVolume": {
  "ScalarVolume": {
   "Value": 1.2047999999999999,
   "Unit": "L"
  }
 },
 "TotalLungCapacity": {
  "ScalarVolume": {
   "Value": 6.024,
   "Unit": "L"
  }
 },
 "VitalCapacity": {
  "ScalarVolume": {
   "Value": 4.8192,
   "Unit": "L"
  }
 }
}

[INFO] [0(s)] Resetting Substances
[INFO] [0(s)] Reading substance files from .
[INFO] [0(s)] Initializing Configuration
[INFO] [0(s)] Merging OnDisk Configuration
[INFO] [0(s)] Creating Circuits and Compartments
[INFO] [0(s)] Setting Up Cardiovascular
[INFO] [0(s)] Setting Up Renal
[INFO] [0(s)] Setting Up Tissue
[INFO] [0(s)] Setting Up Gastrointestinal
[INFO] [0(s)] Setting Up ECMO
[INFO] [0(s)] Setting Up External Temperature
[INFO] [0(s)] Setting Up Internal Temperature
[INFO] [0(s)] Setting Up Respiratory
[INFO] [0(s)] Setting Up Anesthesia Machine
[INFO] [0(s)] Setting Up BagValveMask
[INFO] [0(s)] Setting Up Inhaler
[INFO] [0(s)] Setting Up MechanicalVentilation
[INFO] [0(s)] Setting Up MechanicalVentilator
[INFO] [0(s)] Setting Up Nasal Cannula
[INFO] [0(s)] Setting Up NonRebreather Mask
[INFO] [0(s)] Setting Up Simple Mask
[INFO] [0(s)] Initializing Gas Substances
[INFO] [0(s)] Initializing Liquid Substances
[INFO] [0(s)] Initializing Models
[INFO] [0(s)] Tuning to patient parameters : HeartRate(bpm):72 Systolic(mmHg):114 Diastolic(mmHg):73.5
[INFO] [0(s)] We are stable at 77.18
[INFO] [0(s)] Tuning paths, Current values : HeartRate(bpm):72 Systolic(mmHg):112.189 Diastolic(mmHg):93.2097 Cardiac Output(mL/min):5178.87 Mean CVP(mmHg):4.21738 MAP(mmHg):103.441 BloodVolume(mL): 5490.18
[INFO] [0(s)] We are stable at 117.5
[INFO] [0(s)] Tuning paths, Current values : HeartRate(bpm):72 Systolic(mmHg):119.941 Diastolic(mmHg):84.5573 Cardiac Output(mL/min):5169.56 Mean CVP(mmHg):4.21685 MAP(mmHg):103.241 BloodVolume(mL): 5490.06
[INFO] [0(s)] We are stable at 187.22
[INFO] [0(s)] Tuning paths, Current values : HeartRate(bpm):72 Systolic(mmHg):114.217 Diastolic(mmHg):75.433 Cardiac Output(mL/min):5724.2 Mean CVP(mmHg):4.64713 MAP(mmHg):96.18 BloodVolume(mL): 5490.29
[INFO] [0(s)] We are stable at 227.54
[INFO] [0(s)] Tuning paths, Current values : HeartRate(bpm):72 Systolic(mmHg):113.577 Diastolic(mmHg):74.384 Cardiac Output(mL/min):5791.12 Mean CVP(mmHg):4.69915 MAP(mmHg):95.3675 BloodVolume(mL): 5490.47
[INFO] [0(s)] We are stable at 245.18
[INFO] [0(s)] Successfully tuned circuit (No Tissues). Final values : HeartRate(bpm):72 Systolic(mmHg):114.32 Diastolic(mmHg):73.6137 Cardiac Output(mL/min):5791.77 Mean CVP(mmHg):4.69983 MAP(mmHg):95.3694 BloodVolume(mL): 5490.55
[INFO] [0(s)] Tuning Tissue resistances at 245.2s
[INFO] [0(s)]   Initial BoneT2ToBoneT1 Flow : -0.00280274(mL/s)
[INFO] [0(s)]   Initial BoneT2ToBoneT1 Resistance : 1904.76(mmHg s/mL)
[INFO] [0(s)]   Initial BrainT2ToBrainT1 Flow : -1.70593e-06(mL/s)
[INFO] [0(s)]   Initial BrainT2ToBrainT1 Resistance : 13793.1(mmHg s/mL)
[INFO] [0(s)]   Initial FatT2ToFatT1 Flow : -0.00438153(mL/s)
[INFO] [0(s)]   Initial FatT2ToFatT1 Resistance : 1235.08(mmHg s/mL)
[INFO] [0(s)]   Initial GutT2ToGutT1 Flow : -0.000279184(mL/s)
[INFO] [0(s)]   Initial GutT2ToGutT1 Resistance : 19607.8(mmHg s/mL)
[INFO] [0(s)]   Initial LiverT2ToLiverT1 Flow : -0.000433867(mL/s)
[INFO] [0(s)]   Initial LiverT2ToLiverT1 Resistance : 11111.1(mmHg s/mL)
[INFO] [0(s)]   Initial LeftKidneyT2ToLeftKidneyT1 Flow : 0.000116284(mL/s)
[INFO] [0(s)]   Initial LeftKidneyT2ToLeftKidneyT1 Resistance : 129032(mmHg s/mL)
[INFO] [0(s)]   Initial RightKidneyT2ToRightKidneyT1 Flow : 0.000116284(mL/s)
[INFO] [0(s)]   Initial RightKidneyT2ToRightKidneyT1 Resistance : 129032(mmHg s/mL)
[INFO] [0(s)]   Initial LeftLungT2ToLeftLungT1 Flow : 2.55072e-05(mL/s)
[INFO] [0(s)]   Initial LeftLungT2ToLeftLungT1 Resistance : 84210.5(mmHg s/mL)
[INFO] [0(s)]   Initial MuscleT2ToMuscleT1 Flow : -0.0111085(mL/s)
[INFO] [0(s)]   Initial MuscleT2ToMuscleT1 Resistance : 689.655(mmHg s/mL)
[INFO] [0(s)]   Initial MyocardiumT2ToMyocardiumT1 Flow : -6.69131e-05(mL/s)
[INFO] [0(s)]   Initial MyocardiumT2ToMyocardiumT1 Resistance : 60606.1(mmHg s/mL)
[INFO] [0(s)]   Initial RightLungT2ToRightLungT1 Flow : 2.71693e-05(mL/s)
[INFO] [0(s)]   Initial RightLungT2ToRightLungT1 Resistance : 76190.5(mmHg s/mL)
[INFO] [0(s)]   Initial SkinT2ToSkinT1 Flow : -1.77893e-05(mL/s)
[INFO] [0(s)]   Initial SkinT2ToSkinT1 Resistance : 6060.61(mmHg s/mL)
[INFO] [0(s)]   Initial SpleenT2ToSpleenT1 Flow : -3.38045e-05(mL/s)
[INFO] [0(s)]   Initial SpleenT2ToSpleenT1 Resistance : 133333(mmHg s/mL)
[INFO] [0(s)] Tuning 9/13 paths at 265.22s
[INFO] [0(s)] Tuning 9/13 paths at 285.24s
[INFO] [0(s)] Tuning 8/13 paths at 305.26s
[INFO] [0(s)] Tuning 6/13 paths at 325.28s
[INFO] [0(s)] Tuning 3/13 paths at 345.3s
[INFO] [0(s)] Tuning 1/13 paths at 365.32s
[INFO] [0(s)] Tuning 0/13 paths at 385.34s
[INFO] [0(s)] Finalizing CV Circuit...
[INFO] [0(s)] Successfully tuned tissue circuit at 415.36s
[INFO] [0(s)]   Final BoneT2ToBoneT1 Resistance : 476.19(mmHg s/mL)
[INFO] [0(s)]   Final BoneT2ToBoneT1 Flow : -0.0002154(mL/s)
[INFO] [0(s)]   Final BrainT2ToBrainT1 Resistance : 1724.14(mmHg s/mL)
[INFO] [0(s)]   Final BrainT2ToBrainT1 Flow : -2.63534e-06(mL/s)
[INFO] [0(s)]   Final FatT2ToFatT1 Resistance : 617.541(mmHg s/mL)
[INFO] [0(s)]   Final FatT2ToFatT1 Flow : -6.45848e-05(mL/s)
[INFO] [0(s)]   Final GutT2ToGutT1 Resistance : 1225.49(mmHg s/mL)
[INFO] [0(s)]   Final GutT2ToGutT1 Flow : 9.22884e-07(mL/s)
[INFO] [0(s)]   Final LiverT2ToLiverT1 Resistance : 347.222(mmHg s/mL)
[INFO] [0(s)]   Final LiverT2ToLiverT1 Flow : 2.248e-06(mL/s)
[INFO] [0(s)]   Final LeftKidneyT2ToLeftKidneyT1 Resistance : 129032(mmHg s/mL)
[INFO] [0(s)]   Final LeftKidneyT2ToLeftKidneyT1 Flow : 0.000134679(mL/s)
[INFO] [0(s)]   Final RightKidneyT2ToRightKidneyT1 Resistance : 129032(mmHg s/mL)
[INFO] [0(s)]   Final RightKidneyT2ToRightKidneyT1 Flow : 0.000134679(mL/s)
[INFO] [0(s)]   Final LeftLungT2ToLeftLungT1 Resistance : 10526.3(mmHg s/mL)
[INFO] [0(s)]   Final LeftLungT2ToLeftLungT1 Flow : 1.19899e-05(mL/s)
[INFO] [0(s)]   Final MuscleT2ToMuscleT1 Resistance : 689.655(mmHg s/mL)
[INFO] [0(s)]   Final MuscleT2ToMuscleT1 Flow : -3.02859e-05(mL/s)
[INFO] [0(s)]   Final MyocardiumT2ToMyocardiumT1 Resistance : 3787.88(mmHg s/mL)
[INFO] [0(s)]   Final MyocardiumT2ToMyocardiumT1 Flow : -1.20933e-06(mL/s)
[INFO] [0(s)]   Final RightLungT2ToRightLungT1 Resistance : 9523.81(mmHg s/mL)
[INFO] [0(s)]   Final RightLungT2ToRightLungT1 Flow : 1.17324e-05(mL/s)
[INFO] [0(s)]   Final SkinT2ToSkinT1 Resistance : 189.394(mmHg s/mL)
[INFO] [0(s)]   Final SkinT2ToSkinT1 Flow : 1.13533e-05(mL/s)
[INFO] [0(s)]   Final SpleenT2ToSpleenT1 Resistance : 2083.33(mmHg s/mL)
[INFO] [0(s)]   Final SpleenT2ToSpleenT1 Flow : 6.09652e-07(mL/s)
[INFO] [0(s)] Successfully tuned circuit with tissue resistances. Final values : HeartRate(bpm):72 Systolic(mmHg):114.311 Diastolic(mmHg):73.606 Cardiac Output(mL/min):5791.92 Mean CVP(mmHg):4.69886 MAP(mmHg):95.3607 BloodVolume(mL): 5488.15
[INFO] [0(s)] Cardiovascular Graph does not have cmpt Pericardium
[INFO] [0(s)] [Event Stabilizing 1]  Engine is stabilizing
[INFO] [10.02(s)] Converging System... it took 1.34s to simulate the past 10s
[INFO] [20.04(s)] Converging System... it took 1.57s to simulate the past 10s
[INFO] [27.1(s)] 27.1s - Resetting the target for TidalVolume to 0.374886, the last target value was 0.404409
[INFO] [30.06(s)] Converging System... it took 1.39s to simulate the past 10s
[INFO] [32.56(s)] 32.56s - Resetting the target for OxygenSaturation to 0.984426, the last target value was 0.986897
[INFO] [33.18(s)] 33.18s - Resetting the target for TidalVolume to 0.348417, the last target value was 0.374886
[INFO] [39.08(s)] 39.08s - Resetting the target for TidalVolume to 0.331934, the last target value was 0.348417
[INFO] [40.08(s)] Converging System... it took 1.59s to simulate the past 10s
[INFO] [40.12(s)] 40.12s - Resetting the target for OxygenSaturation to 0.981948, the last target value was 0.984426
[INFO] [44.58(s)] 44.58s - Resetting the target for TidalVolume to 0.324407, the last target value was 0.331934
[INFO] [47.7(s)] 47.7s - Resetting the target for OxygenSaturation to 0.979478, the last target value was 0.981948
[INFO] [50.1(s)] Converging System... it took 1.56s to simulate the past 10s
[INFO] [54.18(s)] 54.18s - Resetting the target for TidalVolume to 0.331266, the last target value was 0.324407
[INFO] [56.06(s)] 56.06s - Resetting the target for OxygenSaturation to 0.97702, the last target value was 0.979478
[INFO] [58.52(s)] 58.52s - Resetting the target for TidalVolume to 0.34751, the last target value was 0.331266
[INFO] [60.12(s)] Converging System... it took 1.42s to simulate the past 10s
[INFO] [62.74(s)] 62.74s - Resetting the target for TidalVolume to 0.37568, the last target value was 0.34751
[INFO] [67(s)] 67s - Resetting the target for TidalVolume to 0.41643, the last target value was 0.37568
[INFO] [70.14(s)] Converging System... it took 1.19s to simulate the past 10s
[INFO] [71.4(s)] 71.4s - Resetting the target for TidalVolume to 0.464558, the last target value was 0.41643
[INFO] [76(s)] 76s - Resetting the target for TidalVolume to 0.50946, the last target value was 0.464558
[INFO] [80.16(s)] Converging System... it took 1.71s to simulate the past 10s
[INFO] [80.72(s)] 80.72s - Resetting the target for TidalVolume to 0.543041, the last target value was 0.50946
[INFO] [85.6(s)] 85.6s - Resetting the target for TidalVolume to 0.560989, the last target value was 0.543041
[INFO] [90.18(s)] Converging System... it took 1.63s to simulate the past 10s
[INFO] [90.56(s)] 90.56s - Resetting the target for TidalVolume to 0.56505, the last target value was 0.560989
[INFO] [95.6(s)] 95.6s - Resetting the target for TidalVolume to 0.557766, the last target value was 0.56505
[INFO] [100.2(s)] Converging System... it took 1.46s to simulate the past 10s
[INFO] [100.7(s)] 100.7s - Resetting the target for TidalVolume to 0.543275, the last target value was 0.557766
[INFO] [105.86(s)] 105.86s - Resetting the target for TidalVolume to 0.525677, the last target value was 0.543275
[INFO] [110.22(s)] Converging System... it took 1.68s to simulate the past 10s
[INFO] [111.02(s)] 111.02s - Resetting the target for TidalVolume to 0.508259, the last target value was 0.525677
[INFO] [116.16(s)] 116.16s - Resetting the target for TidalVolume to 0.493559, the last target value was 0.508259
[INFO] [120.24(s)] Converging System... it took 1.48s to simulate the past 10s
[INFO] [121.28(s)] 121.28s - Resetting the target for TidalVolume to 0.482925, the last target value was 0.493559
[INFO] [126.34(s)] 126.34s - Resetting the target for TidalVolume to 0.476903, the last target value was 0.482925
[INFO] [128.36(s)] 128.36s - Resetting the target for OxygenSaturation to 0.974573, the last target value was 0.97702
[INFO] [130.26(s)] Converging System... it took 1.27s to simulate the past 10s
[INFO] [131.34(s)] 131.34s - Resetting the target for TidalVolume to 0.475549, the last target value was 0.476903
[INFO] [136.3(s)] 136.3s - Resetting the target for TidalVolume to 0.478411, the last target value was 0.475549
[INFO] [140.28(s)] Converging System... it took 1.47s to simulate the past 10s
[INFO] [141.22(s)] 141.22s - Resetting the target for TidalVolume to 0.484782, the last target value was 0.478411
[INFO] [146.12(s)] 146.12s - Resetting the target for TidalVolume to 0.493508, the last target value was 0.484782
[INFO] [150.3(s)] Converging System... it took 1.46s to simulate the past 10s
[INFO] [151(s)] 151s - Resetting the target for TidalVolume to 0.503265, the last target value was 0.493508
[INFO] [155.9(s)] 155.9s - Resetting the target for TidalVolume to 0.513047, the last target value was 0.503265
[INFO] [160.32(s)] Converging System... it took 1.42s to simulate the past 10s
[INFO] [160.82(s)] 160.82s - Resetting the target for TidalVolume to 0.521521, the last target value was 0.513047
[INFO] [165.76(s)] 165.76s - Resetting the target for TidalVolume to 0.527729, the last target value was 0.521521
[INFO] [170.34(s)] Converging System... it took 1.42s to simulate the past 10s
[INFO] [170.72(s)] 170.72s - Resetting the target for TidalVolume to 0.5313, the last target value was 0.527729
[INFO] [180.36(s)] Converging System... it took 1.71s to simulate the past 10s
[INFO] [185.72(s)] 185.72s - Resetting the target for TidalVolume to 0.528679, the last target value was 0.5313
[INFO] [190.38(s)] Converging System... it took 1.33s to simulate the past 10s
[INFO] [190.74(s)] 190.74s - Resetting the target for TidalVolume to 0.525565, the last target value was 0.528679
[INFO] [195.76(s)] 195.76s - Resetting the target for TidalVolume to 0.522575, the last target value was 0.525565
[INFO] [200.4(s)] Converging System... it took 1.33s to simulate the past 10s
[INFO] [200.78(s)] 200.78s - Resetting the target for TidalVolume to 0.520252, the last target value was 0.522575
[INFO] [205.78(s)] 205.78s - Resetting the target for TidalVolume to 0.518924, the last target value was 0.520252
[INFO] [210.42(s)] Converging System... it took 1.7s to simulate the past 10s
[INFO] [220.44(s)] Converging System... it took 1.63s to simulate the past 10s
[INFO] [220.74(s)] 220.74s - Resetting the target for TidalVolume to 0.521655, the last target value was 0.518924
[INFO] [221.38(s)] 221.38s - Resetting the target for SkinTemperature to 32.9062, the last target value was 32.9887
[INFO] [225.7(s)] 225.7s - Resetting the target for TidalVolume to 0.524411, the last target value was 0.521655
[INFO] [230.46(s)] Converging System... it took 1.35s to simulate the past 10s
[INFO] [230.66(s)] 230.66s - Resetting the target for TidalVolume to 0.527483, the last target value was 0.524411
[INFO] [235.62(s)] 235.62s - Resetting the target for TidalVolume to 0.53045, the last target value was 0.527483
[INFO] [240.48(s)] Converging System... it took 1.62s to simulate the past 10s
[INFO] [240.58(s)] 240.58s - Resetting the target for TidalVolume to 0.532966, the last target value was 0.53045
[INFO] [245.56(s)] 245.56s - Resetting the target for TidalVolume to 0.53481, the last target value was 0.532966
[INFO] [250.5(s)] Converging System... it took 1.61s to simulate the past 10s
[INFO] [255.52(s)] 255.52s - Resetting the target for TidalVolume to 0.536299, the last target value was 0.53481
[INFO] [260.52(s)] Converging System... it took 1.42s to simulate the past 10s
[INFO] [270.54(s)] Converging System... it took 1.34s to simulate the past 10s
[INFO] [270.54(s)] We have passed required and optional convergence criteria.
[INFO] [270.54(s)] Convergence took 40.1s to simulate 271s to get engine to a steady state
[INFO] [270.54(s)] Initial Stabilization Homeostasis: Patient heart rate = 72(1/min)
[INFO] [270.54(s)] Initial Stabilization Homeostasis: Patient diastolic arterial pressure = 73.5831(mmHg)
[INFO] [270.54(s)] Initial Stabilization Homeostasis: Patient systolic arterial pressure = 114.256(mmHg)
[INFO] [270.54(s)] Initial Stabilization Homeostasis: Patient mean arterial pressure = 95.3234(mmHg)
[INFO] [270.54(s)] Initial Stabilization Homeostasis: Patient tidal volume = 0.53526 L.
[INFO] [270.54(s)] Initial Stabilization Homeostasis: Patient inspiratory reserve volume = 3.22974 L.
[INFO] [270.54(s)] Activating Chemoreceptors
[INFO] [270.54(s)] Secondary Stabilization Homeostasis: Patient heart rate = 72(1/min)
[INFO] [270.54(s)] Secondary Stabilization Homeostasis: Patient diastolic arterial pressure = 73.5831(mmHg)
[INFO] [270.54(s)] Secondary Stabilization Homeostasis: Patient systolic arterial pressure = 114.256(mmHg)
[INFO] [270.54(s)] Secondary Stabilization Homeostasis: Patient mean arterial pressure = 95.3234(mmHg)
[INFO] [270.54(s)] Secondary Stabilization Homeostasis: Patient tidal volume = 0.53526 L.
[INFO] [270.54(s)] Secondary Stabilization Homeostasis: Patient inspiratory reserve volume = 3.22974 L.
[INFO] [270.54(s)] Activating Baroreceptors
[INFO] [270.54(s)] [Event Stabilizing 0]  Engine completed stabilizing
[INFO] [0(s)] Starting Patient heart rate = 72(1/min)
[INFO] [0(s)] Starting Patient diastolic arterial pressure = 73.5831(mmHg)
[INFO] [0(s)] Starting Patient systolic arterial pressure = 114.256(mmHg)
[INFO] [0(s)] Starting Patient mean arterial pressure = 95.3234(mmHg)
[INFO] [0(s)] Starting Patient tidal volume = 0.53526 L.
[INFO] [0(s)] Starting Patient inspiratory reserve volume = 3.22974 L.
[INFO] [0(s)] Executing Scenario
[INFO] [0(s)] [Action]
{
 "AdvanceTime": {
  "Action": {
   "Comment": ""
  },
  "Time": {
   "ScalarTime": {
    "Value": 60,
    "Unit": "s",
    "ReadOnly": false
   }
  }
 }
}

[INFO] [60(s)] Current Time is 60s, it took 23.323s to simulate the past 60s
[INFO] [60(s)] [Action]
{
 "PatientAction": {
  "Hemorrhage": {
   "PatientAction": {
    "Action": {
     "Comment": ""
    }
   },
   "Compartment": "Aorta",
   "Type": "External",
   "Severity": {
    "Scalar0To1": {
     "Value": 0.4,
     "Unit": "",
     "ReadOnly": false
    }
   }
  }
 }
}

[INFO] [60(s)] [Action]
{
 "AdvanceTime": {
  "Action": {
   "Comment": ""
  },
  "Time": {
   "ScalarTime": {
    "Value": 240,
    "Unit": "s",
    "ReadOnly": false
   }
  }
 }
}

[INFO] [60.86(s)] Starting Baroreceptor timer 
[INFO] [60.86(s)] Baroreceptors Saturated 
[INFO] [61.7(s)] [Event Antidiuresis 1]  Patient has Antidiuresis
[INFO] [85.72(s)] [Event IntracranialHypotension 1]  Patient has Intracranial Hypotension
[INFO] [120(s)] Current Time is 120s, it took 22.103s to simulate the past 60s
[INFO] [132.92(s)] [Event HypovolemicShock 1]  Patient is in Hypovolemic Shock
[INFO] [145.58(s)] [Event BrainOxygenDeficit 1]  Oxygen tension in the brain is dangerously low
[INFO] [163.8(s)] [Event Hypoxia 1]  Patient has Hypoxia
[INFO] [174.4(s)] [Event Tachycardia 1]  Patient has Tachycardia
[INFO] [180(s)] Current Time is 180s, it took 20.547s to simulate the past 60s
[FATAL] [187.28(s)] Can't transport with a negative volume included. Node = RightPulmonaryVeins. Volume = -0.366155 mL
[INFO] [187.28(s)] [Event IrreversibleState 1]  Patient has entered irreversible state
