[INFO] [0(s)] Creating CSV File : /workspace/data/calibration_pilot/arm_c/gu136/run2//scenarioResults.csv
[INFO] [0(s)] Clearing engine
[INFO] [0(s)] Initializing engine
[INFO] [0(s)] Human Adult Whole Body
[INFO] [0(s)] Version : 4.3.1
[INFO] [0(s)] GitHash : 143ad0826
[INFO] [0(s)] Build Time : Fri Oct  2 15:55:02 2026
[INFO] [0(s)] Looking for files in .
[INFO] [0(s)] [Provided Patient] Name: "Synthetic_gu136_armC_run2"
Age {
  ScalarTime {
    Value: 60
    Unit: "yr"
  }
}
Weight {
  ScalarMass {
    Value: 73.2
    Unit: "kg"
  }
}
Height {
  ScalarLength {
    Value: 183
    Unit: "cm"
  }
}
DiastolicArterialPressureBaseline {
  ScalarPressure {
    Value: 63
    Unit: "mmHg"
  }
}
HeartRateBaseline {
  ScalarFrequency {
    Value: 54.5
    Unit: "1/min"
  }
}
SystolicArterialPressureBaseline {
  ScalarPressure {
    Value: 101
    Unit: "mmHg"
  }
}

[INFO] [0(s)] Patient ideal body weight computed and set to 77.7087 kg.
[INFO] [0(s)] No patient body fat fraction set. Using the standard value of 0.21.
[INFO] [0(s)] Patient lean body mass computed and set to 57.828 kg.
[INFO] [0(s)] Patient body density computed and set to 1.05052 g/cm^3.
[INFO] [0(s)] Patient heart rate baseline of 54.5 bpm is bradycardic. Bradycardia heart rate  is [50,60] bpm.
[INFO] [0(s)] No patient heart rate maximum set. Using a computed value of 166 bpm.
[INFO] [0(s)] No patient heart rate minimum set. Using a default value of 0.001 bpm.
[INFO] [0(s)] No patient blood volume baseline set. Using a computed value of 5232.45 mL.
[INFO] [0(s)] No patient respiration rate baseline set. Using the standard value of 12 bpm.
[INFO] [0(s)] No patient right lung ratio set. Using the standard value of 0.525.
[INFO] [0(s)] No patient total lung capacity set. Using a computed value of 6.21669 L.
[INFO] [0(s)] No patient functional residual capacity set. Using a computed value of 2.33126 L.
[INFO] [0(s)] No patient residual volume set. Using a computed value of 1.24334 L.
[INFO] [0(s)] Patient tidal volume computed and set to 0.543961 L.
[INFO] [0(s)] Patient vital capacity computed and set to 4.97335 L.
[INFO] [0(s)] Patient expiratory reserve volume computed and set to 1.08792 L.
[INFO] [0(s)] Patient inspiratory reserve volume computed and set to 3.34147 L.
[INFO] [0(s)] Patient inspiratory capacity computed and set to 3.88543 L.
[INFO] [0(s)] No patient alveoli surface area set. Using a computed value of 70.5297 m^2.
[INFO] [0(s)] No patient skin surface area set. Using a computed value of 1.94561 m^2.
[INFO] [0(s)] No patient basal metabolic rate set. Using a computed value of 1606.89 kcal/day.
[INFO] [0(s)] [Patient] 
{
 "Name": "Synthetic_gu136_armC_run2",
 "Age": {
  "ScalarTime": {
   "Value": 60,
   "Unit": "yr"
  }
 },
 "Weight": {
  "ScalarMass": {
   "Value": 73.2,
   "Unit": "kg"
  }
 },
 "Height": {
  "ScalarLength": {
   "Value": 183,
   "Unit": "cm"
  }
 },
 "BodyDensity": {
  "ScalarMassPerVolume": {
   "Value": 1.0505236628887222,
   "Unit": "g/cm^3"
  }
 },
 "BodyFatFraction": {
  "Scalar0To1": {
   "Value": 0.21
  }
 },
 "BodyMassIndex": {
  "Value": 21.857923497267759
 },
 "LeanBodyMass": {
  "ScalarMass": {
   "Value": 57.828,
   "Unit": "kg"
  }
 },
 "IdealBodyWeight": {
  "ScalarMass": {
   "Value": 77.708661417322816,
   "Unit": "kg"
  }
 },
 "AlveoliSurfaceArea": {
  "ScalarArea": {
   "Value": 70.529741318801911,
   "Unit": "m^2"
  }
 },
 "RightLungRatio": {
  "Scalar0To1": {
   "Value": 0.525
  }
 },
 "SkinSurfaceArea": {
  "ScalarArea": {
   "Value": 1.945606158867502,
   "Unit": "m^2"
  }
 },
 "BasalMetabolicRate": {
  "ScalarPower": {
   "Value": 1606.8894,
   "Unit": "kcal/day"
  }
 },
 "BloodVolumeBaseline": {
  "ScalarVolume": {
   "Value": 5232.4506630764336,
   "Unit": "mL"
  }
 },
 "DiastolicArterialPressureBaseline": {
  "ScalarPressure": {
   "Value": 63,
   "Unit": "mmHg"
  }
 },
 "HeartRateBaseline": {
  "ScalarFrequency": {
   "Value": 54.5,
   "Unit": "1/min"
  }
 },
 "MeanArterialPressureBaseline": {
  "ScalarPressure": {
   "Value": 75.666666666666657,
   "Unit": "mmHg"
  }
 },
 "PulsePressureBaseline": {
  "ScalarPressure": {
   "Value": 38,
   "Unit": "mmHg"
  }
 },
 "RespirationRateBaseline": {
  "ScalarFrequency": {
   "Value": 12,
   "Unit": "1/min"
  }
 },
 "SystolicArterialPressureBaseline": {
  "ScalarPressure": {
   "Value": 101,
   "Unit": "mmHg"
  }
 },
 "TidalVolumeBaseline": {
  "ScalarVolume": {
   "Value": 0.54396062992125982,
   "Unit": "L"
  }
 },
 "HeartRateMaximum": {
  "ScalarFrequency": {
   "Value": 166,
   "Unit": "1/min"
  }
 },
 "HeartRateMinimum": {
  "ScalarFrequency": {
   "Value": 0.001,
   "Unit": "1/min"
  }
 },
 "ExpiratoryReserveVolume": {
  "ScalarVolume": {
   "Value": 1.0879212598425194,
   "Unit": "L"
  }
 },
 "FunctionalResidualCapacity": {
  "ScalarVolume": {
   "Value": 2.3312598425196844,
   "Unit": "L"
  }
 },
 "InspiratoryCapacity": {
  "ScalarVolume": {
   "Value": 3.8854330708661404,
   "Unit": "L"
  }
 },
 "InspiratoryReserveVolume": {
  "ScalarVolume": {
   "Value": 3.3414724409448806,
   "Unit": "L"
  }
 },
 "ResidualVolume": {
  "ScalarVolume": {
   "Value": 1.243338582677165,
   "Unit": "L"
  }
 },
 "TotalLungCapacity": {
  "ScalarVolume": {
   "Value": 6.2166929133858249,
   "Unit": "L"
  }
 },
 "VitalCapacity": {
  "ScalarVolume": {
   "Value": 4.97335433070866,
   "Unit": "L"
  }
 }
}

[INFO] [0(s)] Resetting Substances
[INFO] [0(s)] Reading substance files from .
[INFO] [0(s)] Initializing Configuration
[INFO] [0(s)] Merging OnDisk Configuration
[INFO] [0(s)] Creating Circuits and Compartments
[INFO] [0(s)] Setting Up Cardiovascular
[INFO] [0(s)] Setting Up Renal
[INFO] [0(s)] Setting Up Tissue
[INFO] [0(s)] Setting Up Gastrointestinal
[INFO] [0(s)] Setting Up ECMO
[INFO] [0(s)] Setting Up External Temperature
[INFO] [0(s)] Setting Up Internal Temperature
[INFO] [0(s)] Setting Up Respiratory
[INFO] [0(s)] Setting Up Anesthesia Machine
[INFO] [0(s)] Setting Up BagValveMask
[INFO] [0(s)] Setting Up Inhaler
[INFO] [0(s)] Setting Up MechanicalVentilation
[INFO] [0(s)] Setting Up MechanicalVentilator
[INFO] [0(s)] Setting Up Nasal Cannula
[INFO] [0(s)] Setting Up NonRebreather Mask
[INFO] [0(s)] Setting Up Simple Mask
[INFO] [0(s)] Initializing Gas Substances
[INFO] [0(s)] Initializing Liquid Substances
[INFO] [0(s)] Initializing Models
[INFO] [0(s)] Tuning to patient parameters : HeartRate(bpm):54.5 Systolic(mmHg):101 Diastolic(mmHg):63
[INFO] [0(s)] [Event Bradycardia 1]  Patient has Bradycardia
[INFO] [0(s)] We are stable at 86.54
[INFO] [0(s)] Tuning paths, Current values : HeartRate(bpm):54.5 Systolic(mmHg):95.8161 Diastolic(mmHg):74.7796 Cardiac Output(mL/min):4706.13 Mean CVP(mmHg):3.9218 MAP(mmHg):86.3885 BloodVolume(mL): 5207.19
[INFO] [0(s)] We are stable at 147.04
[INFO] [0(s)] Tuning paths, Current values : HeartRate(bpm):54.5 Systolic(mmHg):104.006 Diastolic(mmHg):65.155 Cardiac Output(mL/min):4691.06 Mean CVP(mmHg):3.91552 MAP(mmHg):86.0959 BloodVolume(mL): 5207.67
[INFO] [0(s)] We are stable at 206.44
[INFO] [0(s)] Tuning paths, Current values : HeartRate(bpm):54.5 Systolic(mmHg):102.63 Diastolic(mmHg):62.7916 Cardiac Output(mL/min):4823.63 Mean CVP(mmHg):4.02172 MAP(mmHg):84.2867 BloodVolume(mL): 5208.22
[INFO] [0(s)] We are stable at 226.24
[INFO] [0(s)] Tuning paths, Current values : HeartRate(bpm):54.5 Systolic(mmHg):101.227 Diastolic(mmHg):64.6068 Cardiac Output(mL/min):4830.67 Mean CVP(mmHg):4.02441 MAP(mmHg):84.3951 BloodVolume(mL): 5208.41
[INFO] [0(s)] We are stable at 261.44
[INFO] [0(s)] Tuning paths, Current values : HeartRate(bpm):54.5 Systolic(mmHg):100.67 Diastolic(mmHg):63.7556 Cardiac Output(mL/min):4873.22 Mean CVP(mmHg):4.06113 MAP(mmHg):83.7114 BloodVolume(mL): 5208.76
[INFO] [0(s)] We are stable at 277.94
[INFO] [0(s)] Successfully tuned circuit (No Tissues). Final values : HeartRate(bpm):54.5 Systolic(mmHg):101.235 Diastolic(mmHg):63.1336 Cardiac Output(mL/min):4874.41 Mean CVP(mmHg):4.06148 MAP(mmHg):83.7197 BloodVolume(mL): 5208.92
[INFO] [0(s)] Tuning Tissue resistances at 277.96s
[INFO] [0(s)]   Initial BoneT2ToBoneT1 Flow : -0.00251316(mL/s)
[INFO] [0(s)]   Initial BoneT2ToBoneT1 Resistance : 2006.52(mmHg s/mL)
[INFO] [0(s)]   Initial BrainT2ToBrainT1 Flow : -8.91356e-06(mL/s)
[INFO] [0(s)]   Initial BrainT2ToBrainT1 Resistance : 13793.1(mmHg s/mL)
[INFO] [0(s)]   Initial FatT2ToFatT1 Flow : -0.00390291(mL/s)
[INFO] [0(s)]   Initial FatT2ToFatT1 Resistance : 1301.07(mmHg s/mL)
[INFO] [0(s)]   Initial GutT2ToGutT1 Flow : -0.000248532(mL/s)
[INFO] [0(s)]   Initial GutT2ToGutT1 Resistance : 20655.4(mmHg s/mL)
[INFO] [0(s)]   Initial LiverT2ToLiverT1 Flow : -0.000384248(mL/s)
[INFO] [0(s)]   Initial LiverT2ToLiverT1 Resistance : 11704.7(mmHg s/mL)
[INFO] [0(s)]   Initial LeftKidneyT2ToLeftKidneyT1 Flow : 0.000138954(mL/s)
[INFO] [0(s)]   Initial LeftKidneyT2ToLeftKidneyT1 Resistance : 135926(mmHg s/mL)
[INFO] [0(s)]   Initial RightKidneyT2ToRightKidneyT1 Flow : 0.000138954(mL/s)
[INFO] [0(s)]   Initial RightKidneyT2ToRightKidneyT1 Resistance : 135926(mmHg s/mL)
[INFO] [0(s)]   Initial LeftLungT2ToLeftLungT1 Flow : 2.98157e-05(mL/s)
[INFO] [0(s)]   Initial LeftLungT2ToLeftLungT1 Resistance : 88709.5(mmHg s/mL)
[INFO] [0(s)]   Initial MuscleT2ToMuscleT1 Flow : -0.00970492(mL/s)
[INFO] [0(s)]   Initial MuscleT2ToMuscleT1 Resistance : 726.5(mmHg s/mL)
[INFO] [0(s)]   Initial MyocardiumT2ToMyocardiumT1 Flow : -6.01503e-05(mL/s)
[INFO] [0(s)]   Initial MyocardiumT2ToMyocardiumT1 Resistance : 63843.9(mmHg s/mL)
[INFO] [0(s)]   Initial RightLungT2ToRightLungT1 Flow : 3.20448e-05(mL/s)
[INFO] [0(s)]   Initial RightLungT2ToRightLungT1 Resistance : 80260.9(mmHg s/mL)
[INFO] [0(s)]   Initial SkinT2ToSkinT1 Flow : -3.7078e-05(mL/s)
[INFO] [0(s)]   Initial SkinT2ToSkinT1 Resistance : 6130.73(mmHg s/mL)
[INFO] [0(s)]   Initial SpleenT2ToSpleenT1 Flow : -3.04599e-05(mL/s)
[INFO] [0(s)]   Initial SpleenT2ToSpleenT1 Resistance : 140457(mmHg s/mL)
[INFO] [0(s)] Tuning 9/13 paths at 297.98s
[INFO] [0(s)] Tuning 9/13 paths at 318s
[INFO] [0(s)] Tuning 9/13 paths at 338.02s
[INFO] [0(s)] Tuning 5/13 paths at 358.04s
[INFO] [0(s)] Tuning 2/13 paths at 378.06s
[INFO] [0(s)] Tuning 1/13 paths at 398.08s
[INFO] [0(s)] Tuning 0/13 paths at 418.1s
[INFO] [0(s)] Finalizing CV Circuit...
[INFO] [0(s)] Successfully tuned tissue circuit at 448.12s
[INFO] [0(s)]   Final BoneT2ToBoneT1 Resistance : 501.631(mmHg s/mL)
[INFO] [0(s)]   Final BoneT2ToBoneT1 Flow : -0.000163095(mL/s)
[INFO] [0(s)]   Final BrainT2ToBrainT1 Resistance : 1724.14(mmHg s/mL)
[INFO] [0(s)]   Final BrainT2ToBrainT1 Flow : -3.42912e-05(mL/s)
[INFO] [0(s)]   Final FatT2ToFatT1 Resistance : 650.533(mmHg s/mL)
[INFO] [0(s)]   Final FatT2ToFatT1 Flow : -9.30724e-05(mL/s)
[INFO] [0(s)]   Final GutT2ToGutT1 Resistance : 1290.96(mmHg s/mL)
[INFO] [0(s)]   Final GutT2ToGutT1 Flow : -4.13328e-05(mL/s)
[INFO] [0(s)]   Final LiverT2ToLiverT1 Resistance : 365.773(mmHg s/mL)
[INFO] [0(s)]   Final LiverT2ToLiverT1 Flow : -3.45242e-05(mL/s)
[INFO] [0(s)]   Final LeftKidneyT2ToLeftKidneyT1 Resistance : 135926(mmHg s/mL)
[INFO] [0(s)]   Final LeftKidneyT2ToLeftKidneyT1 Flow : 7.35791e-05(mL/s)
[INFO] [0(s)]   Final RightKidneyT2ToRightKidneyT1 Resistance : 135926(mmHg s/mL)
[INFO] [0(s)]   Final RightKidneyT2ToRightKidneyT1 Flow : 7.35791e-05(mL/s)
[INFO] [0(s)]   Final LeftLungT2ToLeftLungT1 Resistance : 11088.7(mmHg s/mL)
[INFO] [0(s)]   Final LeftLungT2ToLeftLungT1 Flow : -2.74012e-05(mL/s)
[INFO] [0(s)]   Final MuscleT2ToMuscleT1 Resistance : 726.5(mmHg s/mL)
[INFO] [0(s)]   Final MuscleT2ToMuscleT1 Flow : -6.68307e-05(mL/s)
[INFO] [0(s)]   Final MyocardiumT2ToMyocardiumT1 Resistance : 3990.25(mmHg s/mL)
[INFO] [0(s)]   Final MyocardiumT2ToMyocardiumT1 Flow : -2.94614e-05(mL/s)
[INFO] [0(s)]   Final RightLungT2ToRightLungT1 Resistance : 10032.6(mmHg s/mL)
[INFO] [0(s)]   Final RightLungT2ToRightLungT1 Flow : -2.99851e-05(mL/s)
[INFO] [0(s)]   Final SkinT2ToSkinT1 Resistance : 383.171(mmHg s/mL)
[INFO] [0(s)]   Final SkinT2ToSkinT1 Flow : -1.54937e-05(mL/s)
[INFO] [0(s)]   Final SpleenT2ToSpleenT1 Resistance : 2194.64(mmHg s/mL)
[INFO] [0(s)]   Final SpleenT2ToSpleenT1 Flow : -2.77369e-05(mL/s)
[INFO] [0(s)] Successfully tuned circuit with tissue resistances. Final values : HeartRate(bpm):54.5 Systolic(mmHg):101.258 Diastolic(mmHg):63.1439 Cardiac Output(mL/min):4876.07 Mean CVP(mmHg):4.06146 MAP(mmHg):83.7363 BloodVolume(mL): 5207.85
[INFO] [0(s)] Cardiovascular Graph does not have cmpt Pericardium
[INFO] [0(s)] [Event Stabilizing 1]  Engine is stabilizing
[INFO] [10.02(s)] Converging System... it took 0.934s to simulate the past 10s
[INFO] [20.04(s)] Converging System... it took 0.96s to simulate the past 10s
[INFO] [26.86(s)] 26.86s - Resetting the target for TidalVolume to 0.385442, the last target value was 0.416251
[INFO] [30.06(s)] Converging System... it took 0.939s to simulate the past 10s
[INFO] [32.88(s)] 32.88s - Resetting the target for TidalVolume to 0.357579, the last target value was 0.385442
[INFO] [33.04(s)] 33.04s - Resetting the target for OxygenSaturation to 0.986683, the last target value was 0.989159
[INFO] [39.16(s)] 39.16s - Resetting the target for TidalVolume to 0.333528, the last target value was 0.357579
[INFO] [40.08(s)] Converging System... it took 0.966s to simulate the past 10s
[INFO] [41.74(s)] 41.74s - Resetting the target for OxygenSaturation to 0.984212, the last target value was 0.986683
[INFO] [45.46(s)] 45.46s - Resetting the target for TidalVolume to 0.316312, the last target value was 0.333528
[INFO] [50.1(s)] Converging System... it took 1s to simulate the past 10s
[INFO] [50.46(s)] 50.46s - Resetting the target for OxygenSaturation to 0.981748, the last target value was 0.984212
[INFO] [51.38(s)] 51.38s - Resetting the target for TidalVolume to 0.306965, the last target value was 0.316312
[INFO] [56.78(s)] 56.78s - Resetting the target for TidalVolume to 0.303163, the last target value was 0.306965
[INFO] [59.14(s)] 59.14s - Resetting the target for OxygenSaturation to 0.979272, the last target value was 0.981748
[INFO] [60.12(s)] Converging System... it took 0.958s to simulate the past 10s
[INFO] [61.64(s)] 61.64s - Resetting the target for TidalVolume to 0.304398, the last target value was 0.303163
[INFO] [66.08(s)] 66.08s - Resetting the target for TidalVolume to 0.311409, the last target value was 0.304398
[INFO] [67.98(s)] 67.98s - Resetting the target for OxygenSaturation to 0.976803, the last target value was 0.979272
[INFO] [70.14(s)] Converging System... it took 0.993s to simulate the past 10s
[INFO] [70.22(s)] 70.22s - Resetting the target for TidalVolume to 0.326954, the last target value was 0.311409
[INFO] [74.28(s)] 74.28s - Resetting the target for TidalVolume to 0.35498, the last target value was 0.326954
[INFO] [78.4(s)] 78.4s - Resetting the target for TidalVolume to 0.397919, the last target value was 0.35498
[INFO] [80.16(s)] Converging System... it took 1.01s to simulate the past 10s
[INFO] [82.7(s)] 82.7s - Resetting the target for TidalVolume to 0.450742, the last target value was 0.397919
[INFO] [87.22(s)] 87.22s - Resetting the target for TidalVolume to 0.501568, the last target value was 0.450742
[INFO] [90.18(s)] Converging System... it took 1.23s to simulate the past 10s
[INFO] [91.9(s)] 91.9s - Resetting the target for TidalVolume to 0.540113, the last target value was 0.501568
[INFO] [96.76(s)] 96.76s - Resetting the target for TidalVolume to 0.561907, the last target value was 0.540113
[INFO] [100.2(s)] Converging System... it took 0.977s to simulate the past 10s
[INFO] [101.74(s)] 101.74s - Resetting the target for TidalVolume to 0.565186, the last target value was 0.561907
[INFO] [106.82(s)] 106.82s - Resetting the target for TidalVolume to 0.554397, the last target value was 0.565186
[INFO] [110.22(s)] Converging System... it took 1.04s to simulate the past 10s
[INFO] [112(s)] 112s - Resetting the target for TidalVolume to 0.533789, the last target value was 0.554397
[INFO] [117.22(s)] 117.22s - Resetting the target for TidalVolume to 0.509219, the last target value was 0.533789
[INFO] [120.24(s)] Converging System... it took 0.97s to simulate the past 10s
[INFO] [122.5(s)] 122.5s - Resetting the target for TidalVolume to 0.484612, the last target value was 0.509219
[INFO] [127.78(s)] 127.78s - Resetting the target for TidalVolume to 0.463131, the last target value was 0.484612
[INFO] [130.26(s)] Converging System... it took 0.943s to simulate the past 10s
[INFO] [133.04(s)] 133.04s - Resetting the target for TidalVolume to 0.446708, the last target value was 0.463131
[INFO] [138.22(s)] 138.22s - Resetting the target for TidalVolume to 0.435834, the last target value was 0.446708
[INFO] [140.28(s)] Converging System... it took 0.995s to simulate the past 10s
[INFO] [143.28(s)] 143.28s - Resetting the target for TidalVolume to 0.431038, the last target value was 0.435834
[INFO] [147.24(s)] 147.24s - Resetting the target for OxygenSaturation to 0.974361, the last target value was 0.976803
[INFO] [148(s)] 148s - Resetting the target for SkinTemperature to 32.9, the last target value was 32.9825
[INFO] [148.24(s)] 148.24s - Resetting the target for TidalVolume to 0.432373, the last target value was 0.431038
[INFO] [150.3(s)] Converging System... it took 0.982s to simulate the past 10s
[INFO] [153.12(s)] 153.12s - Resetting the target for TidalVolume to 0.439291, the last target value was 0.432373
[INFO] [157.92(s)] 157.92s - Resetting the target for TidalVolume to 0.451169, the last target value was 0.439291
[INFO] [160.32(s)] Converging System... it took 1.11s to simulate the past 10s
[INFO] [162.72(s)] 162.72s - Resetting the target for TidalVolume to 0.466673, the last target value was 0.451169
[INFO] [167.52(s)] 167.52s - Resetting the target for TidalVolume to 0.483967, the last target value was 0.466673
[INFO] [170.34(s)] Converging System... it took 0.98s to simulate the past 10s
[INFO] [172.32(s)] 172.32s - Resetting the target for TidalVolume to 0.500424, the last target value was 0.483967
[INFO] [177.18(s)] 177.18s - Resetting the target for TidalVolume to 0.514132, the last target value was 0.500424
[INFO] [180.36(s)] Converging System... it took 0.967s to simulate the past 10s
[INFO] [182.1(s)] 182.1s - Resetting the target for TidalVolume to 0.522873, the last target value was 0.514132
[INFO] [187.06(s)] 187.06s - Resetting the target for TidalVolume to 0.526473, the last target value was 0.522873
[INFO] [190.38(s)] Converging System... it took 1.03s to simulate the past 10s
[INFO] [192.06(s)] 192.06s - Resetting the target for TidalVolume to 0.524802, the last target value was 0.526473
[INFO] [197.12(s)] 197.12s - Resetting the target for TidalVolume to 0.519378, the last target value was 0.524802
[INFO] [200.4(s)] Converging System... it took 1s to simulate the past 10s
[INFO] [202.18(s)] 202.18s - Resetting the target for TidalVolume to 0.51133, the last target value was 0.519378
[INFO] [207.26(s)] 207.26s - Resetting the target for TidalVolume to 0.502481, the last target value was 0.51133
[INFO] [210.42(s)] Converging System... it took 1.03s to simulate the past 10s
[INFO] [212.34(s)] 212.34s - Resetting the target for TidalVolume to 0.493987, the last target value was 0.502481
[INFO] [217.4(s)] 217.4s - Resetting the target for TidalVolume to 0.486967, the last target value was 0.493987
[INFO] [220.44(s)] Converging System... it took 1s to simulate the past 10s
[INFO] [222.44(s)] 222.44s - Resetting the target for TidalVolume to 0.48217, the last target value was 0.486967
[INFO] [227.46(s)] 227.46s - Resetting the target for TidalVolume to 0.479973, the last target value was 0.48217
[INFO] [230.46(s)] Converging System... it took 0.996s to simulate the past 10s
[INFO] [237.4(s)] 237.4s - Resetting the target for TidalVolume to 0.483295, the last target value was 0.479973
[INFO] [240.48(s)] Converging System... it took 0.991s to simulate the past 10s
[INFO] [242.34(s)] 242.34s - Resetting the target for TidalVolume to 0.488263, the last target value was 0.483295
[INFO] [247.26(s)] 247.26s - Resetting the target for TidalVolume to 0.494528, the last target value was 0.488263
[INFO] [250.5(s)] Converging System... it took 0.991s to simulate the past 10s
[INFO] [252.18(s)] 252.18s - Resetting the target for TidalVolume to 0.501434, the last target value was 0.494528
[INFO] [257.08(s)] 257.08s - Resetting the target for TidalVolume to 0.507927, the last target value was 0.501434
[INFO] [260.52(s)] Converging System... it took 0.989s to simulate the past 10s
[INFO] [262.02(s)] 262.02s - Resetting the target for TidalVolume to 0.513481, the last target value was 0.507927
[INFO] [266.98(s)] 266.98s - Resetting the target for TidalVolume to 0.517258, the last target value was 0.513481
[INFO] [270.54(s)] Converging System... it took 0.975s to simulate the past 10s
[INFO] [271.96(s)] 271.96s - Resetting the target for TidalVolume to 0.519305, the last target value was 0.517258
[INFO] [280.56(s)] Converging System... it took 0.999s to simulate the past 10s
[INFO] [280.6(s)] 280.6s - Resetting the target for SkinTemperature to 32.8178, the last target value was 32.9
[INFO] [286.98(s)] 286.98s - Resetting the target for TidalVolume to 0.515539, the last target value was 0.519305
[INFO] [290.58(s)] Converging System... it took 1.04s to simulate the past 10s
[INFO] [292(s)] 292s - Resetting the target for TidalVolume to 0.512585, the last target value was 0.515539
[INFO] [297.02(s)] 297.02s - Resetting the target for TidalVolume to 0.50954, the last target value was 0.512585
[INFO] [300.6(s)] Converging System... it took 0.988s to simulate the past 10s
[INFO] [302.04(s)] 302.04s - Resetting the target for TidalVolume to 0.506836, the last target value was 0.50954
[INFO] [307.04(s)] 307.04s - Resetting the target for TidalVolume to 0.504971, the last target value was 0.506836
[INFO] [310.62(s)] Converging System... it took 0.967s to simulate the past 10s
[INFO] [320.64(s)] Converging System... it took 0.97s to simulate the past 10s
[INFO] [322.06(s)] We have passed required and optional convergence criteria.
[INFO] [322.06(s)] Convergence took 32.1s to simulate 322s to get engine to a steady state
[INFO] [322.06(s)] Initial Stabilization Homeostasis: Patient heart rate = 54.5(1/min)
[INFO] [322.06(s)] Initial Stabilization Homeostasis: Patient diastolic arterial pressure = 63.1624(mmHg)
[INFO] [322.06(s)] Initial Stabilization Homeostasis: Patient systolic arterial pressure = 101.28(mmHg)
[INFO] [322.06(s)] Initial Stabilization Homeostasis: Patient mean arterial pressure = 83.7585(mmHg)
[INFO] [322.06(s)] Initial Stabilization Homeostasis: Patient tidal volume = 0.505383 L.
[INFO] [322.06(s)] Initial Stabilization Homeostasis: Patient inspiratory reserve volume = 3.38005 L.
[INFO] [322.06(s)] Activating Chemoreceptors
[INFO] [322.06(s)] [Condition]
{
 "PatientCondition": {
  "ChronicVentricularSystolicDysfunction": {
   "PatientCondition": {
    "Condition": {
     "Comment": ""
    }
   }
  }
 }
}

[INFO] [322.06(s)] Converging provided condition to a steady state
[INFO] [323(s)] [Event Antidiuresis 1]  Patient has Antidiuresis
[INFO] [325.84(s)] [Event IntracranialHypotension 1]  Patient has Intracranial Hypotension
[INFO] [332.08(s)] Converging System... it took 0.944s to simulate the past 10s
[INFO] [342.1(s)] Converging System... it took 0.947s to simulate the past 10s
[INFO] [348.32(s)] 26.26s - Resetting the target for LeftAfferentArterioleResistance to 2.76334, the last target value was 2.77183
[INFO] [348.32(s)] 26.26s - Resetting the target for RightAfferentArterioleResistance to 2.76334, the last target value was 2.77183
[INFO] [350.52(s)] 28.46s - Resetting the target for LeftAfferentArterioleResistance to 2.75519, the last target value was 2.76334
[INFO] [350.52(s)] 28.46s - Resetting the target for RightAfferentArterioleResistance to 2.75519, the last target value was 2.76334
[INFO] [352.12(s)] Converging System... it took 0.971s to simulate the past 10s
[INFO] [352.72(s)] 30.66s - Resetting the target for LeftAfferentArterioleResistance to 2.74733, the last target value was 2.75519
[INFO] [352.72(s)] 30.66s - Resetting the target for RightAfferentArterioleResistance to 2.74733, the last target value was 2.75519
[INFO] [354.92(s)] 32.86s - Resetting the target for LeftAfferentArterioleResistance to 2.73971, the last target value was 2.74733
[INFO] [354.92(s)] 32.86s - Resetting the target for RightAfferentArterioleResistance to 2.73971, the last target value was 2.74733
[INFO] [357.12(s)] 35.06s - Resetting the target for LeftAfferentArterioleResistance to 2.73228, the last target value was 2.73971
[INFO] [357.12(s)] 35.06s - Resetting the target for RightAfferentArterioleResistance to 2.73228, the last target value was 2.73971
[INFO] [358.22(s)] 36.16s - Resetting the target for CardiacOutput to 3992.77, the last target value was 3833.77
[INFO] [359.32(s)] 37.26s - Resetting the target for LeftAfferentArterioleResistance to 2.72503, the last target value was 2.73228
[INFO] [359.32(s)] 37.26s - Resetting the target for RightAfferentArterioleResistance to 2.72503, the last target value was 2.73228
[INFO] [361.52(s)] 39.46s - Resetting the target for LeftAfferentArterioleResistance to 2.71792, the last target value was 2.72503
[INFO] [361.52(s)] 39.46s - Resetting the target for RightAfferentArterioleResistance to 2.71792, the last target value was 2.72503
[INFO] [362.14(s)] Converging System... it took 1.06s to simulate the past 10s
[INFO] [363.72(s)] 41.66s - Resetting the target for LeftAfferentArterioleResistance to 2.71093, the last target value was 2.71792
[INFO] [363.72(s)] 41.66s - Resetting the target for RightAfferentArterioleResistance to 2.71093, the last target value was 2.71792
[INFO] [365.92(s)] 43.86s - Resetting the target for LeftAfferentArterioleResistance to 2.70404, the last target value was 2.71093
[INFO] [365.92(s)] 43.86s - Resetting the target for RightAfferentArterioleResistance to 2.70404, the last target value was 2.71093
[INFO] [366.84(s)] 44.78s - Resetting the target for TidalVolume to 0.507081, the last target value was 0.508658
[INFO] [368.12(s)] 46.06s - Resetting the target for LeftAfferentArterioleResistance to 2.69724, the last target value was 2.70404
[INFO] [368.12(s)] 46.06s - Resetting the target for RightAfferentArterioleResistance to 2.69724, the last target value was 2.70404
[INFO] [369.22(s)] 47.16s - Resetting the target for SystolicArterialPressure to 86.3633, the last target value was 82.999
[INFO] [371.42(s)] 49.36s - Resetting the target for LeftAfferentArterioleResistance to 2.6872, the last target value was 2.69724
[INFO] [371.42(s)] 49.36s - Resetting the target for RightAfferentArterioleResistance to 2.6872, the last target value was 2.69724
[INFO] [372.16(s)] Converging System... it took 1.04s to simulate the past 10s
[INFO] [374.72(s)] 52.66s - Resetting the target for LeftAfferentArterioleResistance to 2.6773, the last target value was 2.6872
[INFO] [374.72(s)] 52.66s - Resetting the target for RightAfferentArterioleResistance to 2.6773, the last target value was 2.6872
[INFO] [378.02(s)] 55.96s - Resetting the target for LeftAfferentArterioleResistance to 2.66753, the last target value was 2.6773
[INFO] [378.02(s)] 55.96s - Resetting the target for RightAfferentArterioleResistance to 2.66753, the last target value was 2.6773
[INFO] [381.32(s)] 59.26s - Resetting the target for LeftAfferentArterioleResistance to 2.65787, the last target value was 2.66753
[INFO] [381.32(s)] 59.26s - Resetting the target for RightAfferentArterioleResistance to 2.65787, the last target value was 2.66753
[INFO] [381.86(s)] 59.8s - Resetting the target for TidalVolume to 0.505337, the last target value was 0.507081
[INFO] [382.18(s)] Converging System... it took 1s to simulate the past 10s
[INFO] [384.62(s)] 62.56s - Resetting the target for LeftAfferentArterioleResistance to 2.64831, the last target value was 2.65787
[INFO] [384.62(s)] 62.56s - Resetting the target for RightAfferentArterioleResistance to 2.64831, the last target value was 2.65787
[INFO] [386.82(s)] 64.76s - Resetting the target for DiastolicArterialPressure to 54.0236, the last target value was 51.9441
[INFO] [387.92(s)] 65.86s - Resetting the target for LeftAfferentArterioleResistance to 2.63884, the last target value was 2.64831
[INFO] [387.92(s)] 65.86s - Resetting the target for RightAfferentArterioleResistance to 2.63884, the last target value was 2.64831
[INFO] [391.22(s)] 69.16s - Resetting the target for LeftAfferentArterioleResistance to 2.62946, the last target value was 2.63884
[INFO] [391.22(s)] 69.16s - Resetting the target for RightAfferentArterioleResistance to 2.62946, the last target value was 2.63884
[INFO] [392.2(s)] Converging System... it took 0.993s to simulate the past 10s
[INFO] [394.52(s)] 72.46s - Resetting the target for LeftAfferentArterioleResistance to 2.62016, the last target value was 2.62946
[INFO] [394.52(s)] 72.46s - Resetting the target for RightAfferentArterioleResistance to 2.62016, the last target value was 2.62946
[INFO] [397.82(s)] 75.76s - Resetting the target for LeftAfferentArterioleResistance to 2.61093, the last target value was 2.62016
[INFO] [397.82(s)] 75.76s - Resetting the target for RightAfferentArterioleResistance to 2.61093, the last target value was 2.62016
[INFO] [401.12(s)] 79.06s - Resetting the target for LeftAfferentArterioleResistance to 2.60177, the last target value was 2.61093
[INFO] [401.12(s)] 79.06s - Resetting the target for RightAfferentArterioleResistance to 2.60177, the last target value was 2.61093
[INFO] [402.22(s)] Converging System... it took 1s to simulate the past 10s
[INFO] [404.42(s)] 82.36s - Resetting the target for LeftAfferentArterioleResistance to 2.59268, the last target value was 2.60177
[INFO] [404.42(s)] 82.36s - Resetting the target for RightAfferentArterioleResistance to 2.59268, the last target value was 2.60177
[INFO] [405.66(s)] 83.6s - Resetting the target for OxygenSaturation to 0.971881, the last target value was 0.974316
[INFO] [407.72(s)] 85.66s - Resetting the target for LeftAfferentArterioleResistance to 2.58366, the last target value was 2.59268
[INFO] [407.72(s)] 85.66s - Resetting the target for RightAfferentArterioleResistance to 2.58366, the last target value was 2.59268
[INFO] [411.02(s)] 88.96s - Resetting the target for LeftAfferentArterioleResistance to 2.57471, the last target value was 2.58366
[INFO] [411.02(s)] 88.96s - Resetting the target for RightAfferentArterioleResistance to 2.57471, the last target value was 2.58366
[INFO] [412.24(s)] Converging System... it took 0.994s to simulate the past 10s
[INFO] [414.32(s)] 92.26s - Resetting the target for LeftAfferentArterioleResistance to 2.56582, the last target value was 2.57471
[INFO] [414.32(s)] 92.26s - Resetting the target for RightAfferentArterioleResistance to 2.56582, the last target value was 2.57471
[INFO] [417.62(s)] 95.56s - Resetting the target for LeftAfferentArterioleResistance to 2.55699, the last target value was 2.56582
[INFO] [417.62(s)] 95.56s - Resetting the target for RightAfferentArterioleResistance to 2.55699, the last target value was 2.56582
[INFO] [420.92(s)] 98.86s - Resetting the target for LeftAfferentArterioleResistance to 2.54822, the last target value was 2.55699
[INFO] [420.92(s)] 98.86s - Resetting the target for RightAfferentArterioleResistance to 2.54822, the last target value was 2.55699
[INFO] [422.26(s)] Converging System... it took 0.97s to simulate the past 10s
[INFO] [424.22(s)] 102.16s - Resetting the target for LeftAfferentArterioleResistance to 2.53952, the last target value was 2.54822
[INFO] [424.22(s)] 102.16s - Resetting the target for RightAfferentArterioleResistance to 2.53952, the last target value was 2.54822
[INFO] [427.52(s)] 105.46s - Resetting the target for LeftAfferentArterioleResistance to 2.53087, the last target value was 2.53952
[INFO] [427.52(s)] 105.46s - Resetting the target for RightAfferentArterioleResistance to 2.53087, the last target value was 2.53952
[INFO] [430.82(s)] 108.76s - Resetting the target for LeftAfferentArterioleResistance to 2.52229, the last target value was 2.53087
[INFO] [430.82(s)] 108.76s - Resetting the target for RightAfferentArterioleResistance to 2.52229, the last target value was 2.53087
[INFO] [432.28(s)] Converging System... it took 0.983s to simulate the past 10s
[INFO] [434.12(s)] 112.06s - Resetting the target for LeftAfferentArterioleResistance to 2.51376, the last target value was 2.52229
[INFO] [434.12(s)] 112.06s - Resetting the target for RightAfferentArterioleResistance to 2.51376, the last target value was 2.52229
[INFO] [437.42(s)] 115.36s - Resetting the target for LeftAfferentArterioleResistance to 2.50529, the last target value was 2.51376
[INFO] [437.42(s)] 115.36s - Resetting the target for RightAfferentArterioleResistance to 2.50529, the last target value was 2.51376
[INFO] [440.72(s)] 118.66s - Resetting the target for LeftAfferentArterioleResistance to 2.49689, the last target value was 2.50529
[INFO] [440.72(s)] 118.66s - Resetting the target for RightAfferentArterioleResistance to 2.49689, the last target value was 2.50529
[INFO] [440.98(s)] 118.92s - Resetting the target for OxygenSaturation to 0.96945, the last target value was 0.971881
[INFO] [442.3(s)] Converging System... it took 0.97s to simulate the past 10s
[INFO] [444.02(s)] 121.96s - Resetting the target for LeftAfferentArterioleResistance to 2.48854, the last target value was 2.49689
[INFO] [444.02(s)] 121.96s - Resetting the target for RightAfferentArterioleResistance to 2.48854, the last target value was 2.49689
[INFO] [447.32(s)] 125.26s - Resetting the target for LeftAfferentArterioleResistance to 2.48024, the last target value was 2.48854
[INFO] [447.32(s)] 125.26s - Resetting the target for RightAfferentArterioleResistance to 2.48024, the last target value was 2.48854
[INFO] [450.28(s)] 128.22s - Resetting the target for SkinTemperature to 32.6874, the last target value was 32.7693
[INFO] [450.62(s)] 128.56s - Resetting the target for LeftAfferentArterioleResistance to 2.47201, the last target value was 2.48024
[INFO] [450.62(s)] 128.56s - Resetting the target for RightAfferentArterioleResistance to 2.47201, the last target value was 2.48024
[INFO] [452.32(s)] Converging System... it took 0.976s to simulate the past 10s
[INFO] [453.92(s)] 131.86s - Resetting the target for LeftAfferentArterioleResistance to 2.46383, the last target value was 2.47201
[INFO] [453.92(s)] 131.86s - Resetting the target for RightAfferentArterioleResistance to 2.46383, the last target value was 2.47201
[INFO] [457.22(s)] 135.16s - Resetting the target for LeftAfferentArterioleResistance to 2.4557, the last target value was 2.46383
[INFO] [457.22(s)] 135.16s - Resetting the target for RightAfferentArterioleResistance to 2.4557, the last target value was 2.46383
[INFO] [460.52(s)] 138.46s - Resetting the target for LeftAfferentArterioleResistance to 2.44763, the last target value was 2.4557
[INFO] [460.52(s)] 138.46s - Resetting the target for RightAfferentArterioleResistance to 2.44763, the last target value was 2.4557
[INFO] [462.08(s)] 140.02s - Resetting the target for TidalVolume to 0.507293, the last target value was 0.505337
[INFO] [462.34(s)] Converging System... it took 0.973s to simulate the past 10s
[INFO] [463.82(s)] 141.76s - Resetting the target for LeftAfferentArterioleResistance to 2.43962, the last target value was 2.44763
[INFO] [463.82(s)] 141.76s - Resetting the target for RightAfferentArterioleResistance to 2.43962, the last target value was 2.44763
[INFO] [467.12(s)] 145.06s - Resetting the target for LeftAfferentArterioleResistance to 2.43165, the last target value was 2.43962
[INFO] [467.12(s)] 145.06s - Resetting the target for RightAfferentArterioleResistance to 2.43165, the last target value was 2.43962
[INFO] [470.42(s)] 148.36s - Resetting the target for LeftAfferentArterioleResistance to 2.42375, the last target value was 2.43165
[INFO] [470.42(s)] 148.36s - Resetting the target for RightAfferentArterioleResistance to 2.42375, the last target value was 2.43165
[INFO] [472.02(s)] 149.96s - Resetting the target for TidalVolume to 0.509429, the last target value was 0.507293
[INFO] [472.36(s)] Converging System... it took 1.05s to simulate the past 10s
[INFO] [473.72(s)] 151.66s - Resetting the target for LeftAfferentArterioleResistance to 2.4159, the last target value was 2.42375
[INFO] [473.72(s)] 151.66s - Resetting the target for RightAfferentArterioleResistance to 2.4159, the last target value was 2.42375
[INFO] [476.96(s)] 154.9s - Resetting the target for TidalVolume to 0.510836, the last target value was 0.509429
[INFO] [477.02(s)] 154.96s - Resetting the target for LeftAfferentArterioleResistance to 2.4081, the last target value was 2.4159
[INFO] [477.02(s)] 154.96s - Resetting the target for RightAfferentArterioleResistance to 2.4081, the last target value was 2.4159
[INFO] [480.32(s)] 158.26s - Resetting the target for LeftAfferentArterioleResistance to 2.40035, the last target value was 2.4081
[INFO] [480.32(s)] 158.26s - Resetting the target for RightAfferentArterioleResistance to 2.40035, the last target value was 2.4081
[INFO] [481.9(s)] 159.84s - Resetting the target for TidalVolume to 0.512443, the last target value was 0.510836
[INFO] [482.38(s)] Converging System... it took 0.995s to simulate the past 10s
[INFO] [483.62(s)] 161.56s - Resetting the target for LeftAfferentArterioleResistance to 2.39266, the last target value was 2.40035
[INFO] [483.62(s)] 161.56s - Resetting the target for RightAfferentArterioleResistance to 2.39266, the last target value was 2.40035
[INFO] [486.82(s)] 164.76s - Resetting the target for TidalVolume to 0.514264, the last target value was 0.512443
[INFO] [486.92(s)] 164.86s - Resetting the target for LeftAfferentArterioleResistance to 2.38501, the last target value was 2.39266
[INFO] [486.92(s)] 164.86s - Resetting the target for RightAfferentArterioleResistance to 2.38501, the last target value was 2.39266
[INFO] [490.22(s)] 168.16s - Resetting the target for LeftAfferentArterioleResistance to 2.37742, the last target value was 2.38501
[INFO] [490.22(s)] 168.16s - Resetting the target for RightAfferentArterioleResistance to 2.37742, the last target value was 2.38501
[INFO] [491.72(s)] 169.66s - Resetting the target for TidalVolume to 0.516225, the last target value was 0.514264
[INFO] [492.4(s)] Converging System... it took 1.01s to simulate the past 10s
[INFO] [493.52(s)] 171.46s - Resetting the target for LeftAfferentArterioleResistance to 2.36988, the last target value was 2.37742
[INFO] [493.52(s)] 171.46s - Resetting the target for RightAfferentArterioleResistance to 2.36988, the last target value was 2.37742
[INFO] [496.6(s)] 174.54s - Resetting the target for TidalVolume to 0.518302, the last target value was 0.516225
[INFO] [496.82(s)] 174.76s - Resetting the target for LeftAfferentArterioleResistance to 2.36239, the last target value was 2.36988
[INFO] [496.82(s)] 174.76s - Resetting the target for RightAfferentArterioleResistance to 2.36239, the last target value was 2.36988
[INFO] [500.12(s)] 178.06s - Resetting the target for LeftAfferentArterioleResistance to 2.35496, the last target value was 2.36239
[INFO] [500.12(s)] 178.06s - Resetting the target for RightAfferentArterioleResistance to 2.35496, the last target value was 2.36239
[INFO] [501.46(s)] 179.4s - Resetting the target for TidalVolume to 0.52044, the last target value was 0.518302
[INFO] [502.42(s)] Converging System... it took 0.971s to simulate the past 10s
[INFO] [503.42(s)] 181.36s - Resetting the target for LeftAfferentArterioleResistance to 2.34757, the last target value was 2.35496
[INFO] [503.42(s)] 181.36s - Resetting the target for RightAfferentArterioleResistance to 2.34757, the last target value was 2.35496
[INFO] [506.3(s)] 184.24s - Resetting the target for TidalVolume to 0.522598, the last target value was 0.52044
[INFO] [506.72(s)] 184.66s - Resetting the target for LeftAfferentArterioleResistance to 2.34023, the last target value was 2.34757
[INFO] [506.72(s)] 184.66s - Resetting the target for RightAfferentArterioleResistance to 2.34023, the last target value was 2.34757
[INFO] [510.02(s)] 187.96s - Resetting the target for LeftAfferentArterioleResistance to 2.33294, the last target value was 2.34023
[INFO] [510.02(s)] 187.96s - Resetting the target for RightAfferentArterioleResistance to 2.33294, the last target value was 2.34023
[INFO] [511.12(s)] 189.06s - Resetting the target for TidalVolume to 0.524721, the last target value was 0.522598
[INFO] [512.44(s)] Converging System... it took 1.06s to simulate the past 10s
[INFO] [513.32(s)] 191.26s - Resetting the target for LeftAfferentArterioleResistance to 2.3257, the last target value was 2.33294
[INFO] [513.32(s)] 191.26s - Resetting the target for RightAfferentArterioleResistance to 2.3257, the last target value was 2.33294
[INFO] [515.92(s)] 193.86s - Resetting the target for TidalVolume to 0.526809, the last target value was 0.524721
[INFO] [516.62(s)] 194.56s - Resetting the target for LeftAfferentArterioleResistance to 2.31851, the last target value was 2.3257
[INFO] [516.62(s)] 194.56s - Resetting the target for RightAfferentArterioleResistance to 2.31851, the last target value was 2.3257
[INFO] [519.92(s)] 197.86s - Resetting the target for LeftAfferentArterioleResistance to 2.31137, the last target value was 2.31851
[INFO] [519.92(s)] 197.86s - Resetting the target for RightAfferentArterioleResistance to 2.31137, the last target value was 2.31851
[INFO] [520.72(s)] 198.66s - Resetting the target for TidalVolume to 0.528782, the last target value was 0.526809
[INFO] [522.46(s)] Converging System... it took 1.04s to simulate the past 10s
[INFO] [523.22(s)] 201.16s - Resetting the target for LeftAfferentArterioleResistance to 2.30427, the last target value was 2.31137
[INFO] [523.22(s)] 201.16s - Resetting the target for RightAfferentArterioleResistance to 2.30427, the last target value was 2.31137
[INFO] [525.5(s)] 203.44s - Resetting the target for TidalVolume to 0.530634, the last target value was 0.528782
[INFO] [526.52(s)] 204.46s - Resetting the target for LeftAfferentArterioleResistance to 2.29722, the last target value was 2.30427
[INFO] [526.52(s)] 204.46s - Resetting the target for RightAfferentArterioleResistance to 2.29722, the last target value was 2.30427
[INFO] [529.82(s)] 207.76s - Resetting the target for LeftAfferentArterioleResistance to 2.29022, the last target value was 2.29722
[INFO] [529.82(s)] 207.76s - Resetting the target for RightAfferentArterioleResistance to 2.29022, the last target value was 2.29722
[INFO] [530.26(s)] 208.2s - Resetting the target for TidalVolume to 0.532352, the last target value was 0.530634
[INFO] [532.48(s)] Converging System... it took 1.01s to simulate the past 10s
[INFO] [533.12(s)] 211.06s - Resetting the target for LeftAfferentArterioleResistance to 2.28327, the last target value was 2.29022
[INFO] [533.12(s)] 211.06s - Resetting the target for RightAfferentArterioleResistance to 2.28327, the last target value was 2.29022
[INFO] [535(s)] 212.94s - Resetting the target for TidalVolume to 0.533888, the last target value was 0.532352
[INFO] [536.42(s)] 214.36s - Resetting the target for LeftAfferentArterioleResistance to 2.27636, the last target value was 2.28327
[INFO] [536.42(s)] 214.36s - Resetting the target for RightAfferentArterioleResistance to 2.27636, the last target value was 2.28327
[INFO] [539.72(s)] 217.66s - Resetting the target for LeftAfferentArterioleResistance to 2.26949, the last target value was 2.27636
[INFO] [539.72(s)] 217.66s - Resetting the target for RightAfferentArterioleResistance to 2.26949, the last target value was 2.27636
[INFO] [539.74(s)] 217.68s - Resetting the target for TidalVolume to 0.535284, the last target value was 0.533888
[INFO] [542.5(s)] Converging System... it took 0.985s to simulate the past 10s
[INFO] [543.02(s)] 220.96s - Resetting the target for LeftAfferentArterioleResistance to 2.26268, the last target value was 2.26949
[INFO] [543.02(s)] 220.96s - Resetting the target for RightAfferentArterioleResistance to 2.26268, the last target value was 2.26949
[INFO] [546.32(s)] 224.26s - Resetting the target for LeftAfferentArterioleResistance to 2.25591, the last target value was 2.26268
[INFO] [546.32(s)] 224.26s - Resetting the target for RightAfferentArterioleResistance to 2.25591, the last target value was 2.26268
[INFO] [549.18(s)] 227.12s - Resetting the target for TidalVolume to 0.537614, the last target value was 0.535284
[INFO] [549.62(s)] 227.56s - Resetting the target for LeftAfferentArterioleResistance to 2.24918, the last target value was 2.25591
[INFO] [549.62(s)] 227.56s - Resetting the target for RightAfferentArterioleResistance to 2.24918, the last target value was 2.25591
[INFO] [552.52(s)] Converging System... it took 1s to simulate the past 10s
[INFO] [552.92(s)] 230.86s - Resetting the target for LeftAfferentArterioleResistance to 2.2425, the last target value was 2.24918
[INFO] [552.92(s)] 230.86s - Resetting the target for RightAfferentArterioleResistance to 2.2425, the last target value was 2.24918
[INFO] [556.22(s)] 234.16s - Resetting the target for LeftAfferentArterioleResistance to 2.23586, the last target value was 2.2425
[INFO] [556.22(s)] 234.16s - Resetting the target for RightAfferentArterioleResistance to 2.23586, the last target value was 2.2425
[INFO] [558.58(s)] 236.52s - Resetting the target for TidalVolume to 0.539389, the last target value was 0.537614
[INFO] [559.52(s)] 237.46s - Resetting the target for LeftAfferentArterioleResistance to 2.22927, the last target value was 2.23586
[INFO] [559.52(s)] 237.46s - Resetting the target for RightAfferentArterioleResistance to 2.22927, the last target value was 2.23586
[INFO] [559.6(s)] 237.54s - Resetting the target for SkinTemperature to 32.6056, the last target value was 32.6874
[INFO] [562.54(s)] Converging System... it took 0.972s to simulate the past 10s
[INFO] [562.82(s)] 240.76s - Resetting the target for LeftAfferentArterioleResistance to 2.22272, the last target value was 2.22927
[INFO] [562.82(s)] 240.76s - Resetting the target for RightAfferentArterioleResistance to 2.22272, the last target value was 2.22927
[INFO] [566.12(s)] 244.06s - Resetting the target for LeftAfferentArterioleResistance to 2.21621, the last target value was 2.22272
[INFO] [566.12(s)] 244.06s - Resetting the target for RightAfferentArterioleResistance to 2.21621, the last target value was 2.22272
[INFO] [569.42(s)] 247.36s - Resetting the target for LeftAfferentArterioleResistance to 2.20975, the last target value was 2.21621
[INFO] [569.42(s)] 247.36s - Resetting the target for RightAfferentArterioleResistance to 2.20975, the last target value was 2.21621
[INFO] [572.56(s)] Converging System... it took 0.97s to simulate the past 10s
[INFO] [572.66(s)] 250.6s - Resetting the target for TidalVolume to 0.541227, the last target value was 0.539389
[INFO] [572.72(s)] 250.66s - Resetting the target for LeftAfferentArterioleResistance to 2.20333, the last target value was 2.20975
[INFO] [572.72(s)] 250.66s - Resetting the target for RightAfferentArterioleResistance to 2.20333, the last target value was 2.20975
[INFO] [582.58(s)] Converging System... it took 0.99s to simulate the past 10s
[INFO] [587.74(s)] We have passed required and optional convergence criteria.
[INFO] [587.74(s)] Convergence took 26.4s to simulate 266s to get engine to a steady state
[INFO] [587.74(s)] Secondary Stabilization Homeostasis: Patient heart rate = 54.6998(1/min)
[INFO] [587.74(s)] Secondary Stabilization Homeostasis: Patient diastolic arterial pressure = 54.0564(mmHg)
[INFO] [587.74(s)] Secondary Stabilization Homeostasis: Patient systolic arterial pressure = 87.0486(mmHg)
[INFO] [587.74(s)] Secondary Stabilization Homeostasis: Patient mean arterial pressure = 70.1923(mmHg)
[INFO] [587.74(s)] Secondary Stabilization Homeostasis: Patient tidal volume = 0.542384 L.
[INFO] [587.74(s)] Secondary Stabilization Homeostasis: Patient inspiratory reserve volume = 3.34305 L.
[INFO] [587.74(s)] Activating Baroreceptors
[INFO] [587.74(s)] [Event Stabilizing 0]  Engine completed stabilizing
[INFO] [0(s)] Starting Patient heart rate = 54.6998(1/min)
[INFO] [0(s)] Starting Patient diastolic arterial pressure = 54.0564(mmHg)
[INFO] [0(s)] Starting Patient systolic arterial pressure = 87.0486(mmHg)
[INFO] [0(s)] Starting Patient mean arterial pressure = 70.1923(mmHg)
[INFO] [0(s)] Starting Patient tidal volume = 0.542384 L.
[INFO] [0(s)] Starting Patient inspiratory reserve volume = 3.34305 L.
[INFO] [0(s)] Executing Scenario
[INFO] [0(s)] [Action]
{
 "AdvanceTime": {
  "Action": {
   "Comment": ""
  },
  "Time": {
   "ScalarTime": {
    "Value": 60,
    "Unit": "s",
    "ReadOnly": false
   }
  }
 }
}

[INFO] [60(s)] Current Time is 60s, it took 9.264s to simulate the past 60s
[INFO] [60(s)] [Action]
{
 "PatientAction": {
  "CardiovascularMechanicsModification": {
   "PatientAction": {
    "Action": {
     "Comment": ""
    }
   },
   "Modifiers": {
    "SystemicResistanceMultiplier": {
     "ScalarUnsigned": {
      "Value": 1,
      "Unit": "",
      "ReadOnly": false
     }
    },
    "SystemicComplianceMultiplier": {
     "ScalarUnsigned": {
      "Value": 1,
      "Unit": "",
      "ReadOnly": false
     }
    },
    "StrokeVolumeMultiplier": {
     "ScalarUnsigned": {
      "Value": 0.9127,
      "Unit": "",
      "ReadOnly": false
     }
    }
   },
   "Incremental": true
  }
 }
}

[INFO] [60(s)] [Action]
{
 "AdvanceTime": {
  "Action": {
   "Comment": ""
  },
  "Time": {
   "ScalarTime": {
    "Value": 3,
    "Unit": "min",
    "ReadOnly": false
   }
  }
 }
}

[INFO] [61.96(s)] Baroreceptors Saturated 
[INFO] [120(s)] Current Time is 120s, it took 9.554s to simulate the past 60s
[INFO] [180(s)] Current Time is 180s, it took 9.715s to simulate the past 60s
[INFO] [240(s)] Current Time is 240s, it took 9.215s to simulate the past 60s
[INFO] [240(s)] It took 37.75s to run this simulation
[INFO] [240(s)] [Final SimTime] 240(s)
[INFO] [240(s)] [Expected Final SimTime] 240(s)
