[INFO] [0(s)] Creating CSV File : /workspace/data/calibration_pilot/runs/A_prod/gu56//scenarioResults.csv
[INFO] [0(s)] Clearing engine
[INFO] [0(s)] Initializing engine
[INFO] [0(s)] Human Adult Whole Body
[INFO] [0(s)] Version : 4.3.1
[INFO] [0(s)] GitHash : 143ad0826
[INFO] [0(s)] Build Time : Fri Oct  2 12:04:06 2026
[INFO] [0(s)] Looking for files in .
[INFO] [0(s)] [Provided Patient] Name: "Synthetic_gu56"
Age {
  ScalarTime {
    Value: 60
    Unit: "yr"
  }
}
Weight {
  ScalarMass {
    Value: 96.6
    Unit: "kg"
  }
}
Height {
  ScalarLength {
    Value: 191
    Unit: "cm"
  }
}

[WARN] [0(s)] Patient height of 191 cm is outside of typical ranges - above 97th percentile(163 cm). No guarantees of model validity.
[INFO] [0(s)] Patient ideal body weight computed and set to 84.9528 kg.
[WARN] [0(s)] Patient Body Mass Index (BMI) of 26.4795 kg/m^2 is overweight. No guarantees of model validity.
[INFO] [0(s)] No patient body fat fraction set. Using the standard value of 0.21.
[INFO] [0(s)] Patient lean body mass computed and set to 76.314 kg.
[INFO] [0(s)] Patient body density computed and set to 1.05052 g/cm^3.
[INFO] [0(s)] No patient heart rate baseline set. Using the standard value of 72 bpm.
[INFO] [0(s)] No patient heart rate maximum set. Using a computed value of 166 bpm.
[INFO] [0(s)] No patient heart rate minimum set. Using a default value of 0.001 bpm.
[INFO] [0(s)] No patient systolic pressure baseline set. Using the standard value of 114 mmHg.
[INFO] [0(s)] No patient diastolic pressure baseline set. Using the standard value of 73.5 mmHg.
[INFO] [0(s)] No patient blood volume baseline set. Using a computed value of 6943.53 mL.
[INFO] [0(s)] No patient respiration rate baseline set. Using the standard value of 12 bpm.
[INFO] [0(s)] No patient right lung ratio set. Using the standard value of 0.525.
[INFO] [0(s)] No patient total lung capacity set. Using a computed value of 6.79622 L.
[INFO] [0(s)] No patient functional residual capacity set. Using a computed value of 2.54858 L.
[INFO] [0(s)] No patient residual volume set. Using a computed value of 1.35924 L.
[INFO] [0(s)] Patient tidal volume computed and set to 0.594669 L.
[INFO] [0(s)] Patient vital capacity computed and set to 5.43698 L.
[INFO] [0(s)] Patient expiratory reserve volume computed and set to 1.18934 L.
[INFO] [0(s)] Patient inspiratory reserve volume computed and set to 3.65297 L.
[INFO] [0(s)] Patient inspiratory capacity computed and set to 4.24764 L.
[INFO] [0(s)] No patient alveoli surface area set. Using a computed value of 77.1046 m^2.
[INFO] [0(s)] No patient skin surface area set. Using a computed value of 2.25801 m^2.
[INFO] [0(s)] No patient basal metabolic rate set. Using a computed value of 1958.77 kcal/day.
[INFO] [0(s)] [Patient] 
{
 "Name": "Synthetic_gu56",
 "Age": {
  "ScalarTime": {
   "Value": 60,
   "Unit": "yr"
  }
 },
 "Weight": {
  "ScalarMass": {
   "Value": 96.6,
   "Unit": "kg"
  }
 },
 "Height": {
  "ScalarLength": {
   "Value": 191,
   "Unit": "cm"
  }
 },
 "BodyDensity": {
  "ScalarMassPerVolume": {
   "Value": 1.0505236628887222,
   "Unit": "g/cm^3"
  }
 },
 "BodyFatFraction": {
  "Scalar0To1": {
   "Value": 0.21
  }
 },
 "BodyMassIndex": {
  "Value": 26.479537293385594
 },
 "LeanBodyMass": {
  "ScalarMass": {
   "Value": 76.314,
   "Unit": "kg"
  }
 },
 "IdealBodyWeight": {
  "ScalarMass": {
   "Value": 84.9527559055118,
   "Unit": "kg"
  }
 },
 "AlveoliSurfaceArea": {
  "ScalarArea": {
   "Value": 77.104608277287852,
   "Unit": "m^2"
  }
 },
 "RightLungRatio": {
  "Scalar0To1": {
   "Value": 0.525
  }
 },
 "SkinSurfaceArea": {
  "ScalarArea": {
   "Value": 2.2580063183988774,
   "Unit": "m^2"
  }
 },
 "BasalMetabolicRate": {
  "ScalarPower": {
   "Value": 1958.7712000000001,
   "Unit": "kcal/day"
  }
 },
 "BloodVolumeBaseline": {
  "ScalarVolume": {
   "Value": 6943.5330709516866,
   "Unit": "mL"
  }
 },
 "DiastolicArterialPressureBaseline": {
  "ScalarPressure": {
   "Value": 73.5,
   "Unit": "mmHg"
  }
 },
 "HeartRateBaseline": {
  "ScalarFrequency": {
   "Value": 72,
   "Unit": "1/min"
  }
 },
 "MeanArterialPressureBaseline": {
  "ScalarPressure": {
   "Value": 87,
   "Unit": "mmHg"
  }
 },
 "PulsePressureBaseline": {
  "ScalarPressure": {
   "Value": 40.5,
   "Unit": "mmHg"
  }
 },
 "RespirationRateBaseline": {
  "ScalarFrequency": {
   "Value": 12,
   "Unit": "1/min"
  }
 },
 "SystolicArterialPressureBaseline": {
  "ScalarPressure": {
   "Value": 114,
   "Unit": "mmHg"
  }
 },
 "TidalVolumeBaseline": {
  "ScalarVolume": {
   "Value": 0.59466929133858271,
   "Unit": "L"
  }
 },
 "HeartRateMaximum": {
  "ScalarFrequency": {
   "Value": 166,
   "Unit": "1/min"
  }
 },
 "HeartRateMinimum": {
  "ScalarFrequency": {
   "Value": 0.001,
   "Unit": "1/min"
  }
 },
 "ExpiratoryReserveVolume": {
  "ScalarVolume": {
   "Value": 1.189338582677165,
   "Unit": "L"
  }
 },
 "FunctionalResidualCapacity": {
  "ScalarVolume": {
   "Value": 2.5485826771653537,
   "Unit": "L"
  }
 },
 "InspiratoryCapacity": {
  "ScalarVolume": {
   "Value": 4.24763779527559,
   "Unit": "L"
  }
 },
 "InspiratoryReserveVolume": {
  "ScalarVolume": {
   "Value": 3.6529685039370077,
   "Unit": "L"
  }
 },
 "ResidualVolume": {
  "ScalarVolume": {
   "Value": 1.3592440944881887,
   "Unit": "L"
  }
 },
 "TotalLungCapacity": {
  "ScalarVolume": {
   "Value": 6.7962204724409441,
   "Unit": "L"
  }
 },
 "VitalCapacity": {
  "ScalarVolume": {
   "Value": 5.4369763779527549,
   "Unit": "L"
  }
 }
}

[INFO] [0(s)] Resetting Substances
[INFO] [0(s)] Reading substance files from .
[INFO] [0(s)] Initializing Configuration
[INFO] [0(s)] Merging OnDisk Configuration
[INFO] [0(s)] Creating Circuits and Compartments
[INFO] [0(s)] Setting Up Cardiovascular
[INFO] [0(s)] Setting Up Renal
[INFO] [0(s)] Setting Up Tissue
[INFO] [0(s)] Setting Up Gastrointestinal
[INFO] [0(s)] Setting Up ECMO
[INFO] [0(s)] Setting Up External Temperature
[INFO] [0(s)] Setting Up Internal Temperature
[INFO] [0(s)] Setting Up Respiratory
[INFO] [0(s)] Setting Up Anesthesia Machine
[INFO] [0(s)] Setting Up BagValveMask
[INFO] [0(s)] Setting Up Inhaler
[INFO] [0(s)] Setting Up MechanicalVentilation
[INFO] [0(s)] Setting Up MechanicalVentilator
[INFO] [0(s)] Setting Up Nasal Cannula
[INFO] [0(s)] Setting Up NonRebreather Mask
[INFO] [0(s)] Setting Up Simple Mask
[INFO] [0(s)] Initializing Gas Substances
[INFO] [0(s)] Initializing Liquid Substances
[INFO] [0(s)] Initializing Models
[INFO] [0(s)] Tuning to patient parameters : HeartRate(bpm):72 Systolic(mmHg):114 Diastolic(mmHg):73.5
[INFO] [0(s)] We are stable at 97.34
[INFO] [0(s)] Tuning paths, Current values : HeartRate(bpm):72 Systolic(mmHg):111.525 Diastolic(mmHg):96.19 Cardiac Output(mL/min):5231.26 Mean CVP(mmHg):4.23473 MAP(mmHg):104.453 BloodVolume(mL): 6908.95
[INFO] [0(s)] We are stable at 140.18
[INFO] [0(s)] Tuning paths, Current values : HeartRate(bpm):72 Systolic(mmHg):117.951 Diastolic(mmHg):88.9106 Cardiac Output(mL/min):5223.58 Mean CVP(mmHg):4.23458 MAP(mmHg):104.29 BloodVolume(mL): 6908.89
[INFO] [0(s)] We are stable at 212.42
[INFO] [0(s)] Tuning paths, Current values : HeartRate(bpm):72 Systolic(mmHg):110.986 Diastolic(mmHg):78.7849 Cardiac Output(mL/min):5872.62 Mean CVP(mmHg):4.73643 MAP(mmHg):96.0649 BloodVolume(mL): 6909.37
[INFO] [0(s)] We are stable at 249.38
[INFO] [0(s)] Tuning paths, Current values : HeartRate(bpm):72 Systolic(mmHg):116.254 Diastolic(mmHg):72.9352 Cardiac Output(mL/min):5867.4 Mean CVP(mmHg):4.73605 MAP(mmHg):95.9575 BloodVolume(mL): 6909.67
[INFO] [0(s)] We are stable at 275.42
[INFO] [0(s)] Tuning paths, Current values : HeartRate(bpm):72 Systolic(mmHg):114.059 Diastolic(mmHg):75.3335 Cardiac Output(mL/min):5875.82 Mean CVP(mmHg):4.73883 MAP(mmHg):96.0792 BloodVolume(mL): 6909.88
[INFO] [0(s)] We are stable at 324.14
[INFO] [0(s)] Tuning paths, Current values : HeartRate(bpm):72 Systolic(mmHg):113.431 Diastolic(mmHg):74.4521 Cardiac Output(mL/min):5932.17 Mean CVP(mmHg):4.78379 MAP(mmHg):95.3186 BloodVolume(mL): 6910.3
[INFO] [0(s)] We are stable at 341.78
[INFO] [0(s)] Successfully tuned circuit (No Tissues). Final values : HeartRate(bpm):72 Systolic(mmHg):114.316 Diastolic(mmHg):73.562 Cardiac Output(mL/min):5931.1 Mean CVP(mmHg):4.784 MAP(mmHg):95.2979 BloodVolume(mL): 6910.45
[INFO] [0(s)] Tuning Tissue resistances at 341.8s
[INFO] [0(s)]   Initial BoneT2ToBoneT1 Flow : -0.0034977(mL/s)
[INFO] [0(s)]   Initial BoneT2ToBoneT1 Resistance : 1520.47(mmHg s/mL)
[INFO] [0(s)]   Initial BrainT2ToBrainT1 Flow : 3.60415e-06(mL/s)
[INFO] [0(s)]   Initial BrainT2ToBrainT1 Resistance : 13793.1(mmHg s/mL)
[INFO] [0(s)]   Initial FatT2ToFatT1 Flow : -0.005444(mL/s)
[INFO] [0(s)]   Initial FatT2ToFatT1 Resistance : 985.902(mmHg s/mL)
[INFO] [0(s)]   Initial GutT2ToGutT1 Flow : -0.000345003(mL/s)
[INFO] [0(s)]   Initial GutT2ToGutT1 Resistance : 15651.9(mmHg s/mL)
[INFO] [0(s)]   Initial LiverT2ToLiverT1 Flow : -0.000537592(mL/s)
[INFO] [0(s)]   Initial LiverT2ToLiverT1 Resistance : 8869.42(mmHg s/mL)
[INFO] [0(s)]   Initial LeftKidneyT2ToLeftKidneyT1 Flow : 0.000145716(mL/s)
[INFO] [0(s)]   Initial LeftKidneyT2ToLeftKidneyT1 Resistance : 103000(mmHg s/mL)
[INFO] [0(s)]   Initial RightKidneyT2ToRightKidneyT1 Flow : 0.000145716(mL/s)
[INFO] [0(s)]   Initial RightKidneyT2ToRightKidneyT1 Resistance : 103000(mmHg s/mL)
[INFO] [0(s)]   Initial LeftLungT2ToLeftLungT1 Flow : 3.42712e-05(mL/s)
[INFO] [0(s)]   Initial LeftLungT2ToLeftLungT1 Resistance : 67220.8(mmHg s/mL)
[INFO] [0(s)]   Initial MuscleT2ToMuscleT1 Flow : -0.0138152(mL/s)
[INFO] [0(s)]   Initial MuscleT2ToMuscleT1 Resistance : 550.516(mmHg s/mL)
[INFO] [0(s)]   Initial MyocardiumT2ToMyocardiumT1 Flow : -8.32209e-05(mL/s)
[INFO] [0(s)]   Initial MyocardiumT2ToMyocardiumT1 Resistance : 48378.6(mmHg s/mL)
[INFO] [0(s)]   Initial RightLungT2ToRightLungT1 Flow : 3.65354e-05(mL/s)
[INFO] [0(s)]   Initial RightLungT2ToRightLungT1 Resistance : 60818.9(mmHg s/mL)
[INFO] [0(s)]   Initial SkinT2ToSkinT1 Flow : -5.93116e-06(mL/s)
[INFO] [0(s)]   Initial SkinT2ToSkinT1 Resistance : 5282.53(mmHg s/mL)
[INFO] [0(s)]   Initial SpleenT2ToSpleenT1 Flow : -4.16759e-05(mL/s)
[INFO] [0(s)]   Initial SpleenT2ToSpleenT1 Resistance : 106433(mmHg s/mL)
[INFO] [0(s)] Tuning 9/13 paths at 361.82s
[INFO] [0(s)] Tuning 9/13 paths at 381.84s
[INFO] [0(s)] Tuning 8/13 paths at 401.86s
[INFO] [0(s)] Tuning 9/13 paths at 421.88s
[INFO] [0(s)] Tuning 3/13 paths at 441.9s
[INFO] [0(s)] Tuning 1/13 paths at 461.92s
[INFO] [0(s)] Tuning 0/13 paths at 481.94s
[INFO] [0(s)] Finalizing CV Circuit...
[INFO] [0(s)] Successfully tuned tissue circuit at 511.96s
[INFO] [0(s)]   Final BoneT2ToBoneT1 Resistance : 380.118(mmHg s/mL)
[INFO] [0(s)]   Final BoneT2ToBoneT1 Flow : -0.000194326(mL/s)
[INFO] [0(s)]   Final BrainT2ToBrainT1 Resistance : 862.069(mmHg s/mL)
[INFO] [0(s)]   Final BrainT2ToBrainT1 Flow : -3.19386e-06(mL/s)
[INFO] [0(s)]   Final FatT2ToFatT1 Resistance : 492.951(mmHg s/mL)
[INFO] [0(s)]   Final FatT2ToFatT1 Flow : -7.92474e-05(mL/s)
[INFO] [0(s)]   Final GutT2ToGutT1 Resistance : 978.244(mmHg s/mL)
[INFO] [0(s)]   Final GutT2ToGutT1 Flow : -6.0338e-07(mL/s)
[INFO] [0(s)]   Final LiverT2ToLiverT1 Resistance : 277.169(mmHg s/mL)
[INFO] [0(s)]   Final LiverT2ToLiverT1 Flow : -3.93983e-06(mL/s)
[INFO] [0(s)]   Final LeftKidneyT2ToLeftKidneyT1 Resistance : 103000(mmHg s/mL)
[INFO] [0(s)]   Final LeftKidneyT2ToLeftKidneyT1 Flow : 0.000170039(mL/s)
[INFO] [0(s)]   Final RightKidneyT2ToRightKidneyT1 Resistance : 103000(mmHg s/mL)
[INFO] [0(s)]   Final RightKidneyT2ToRightKidneyT1 Flow : 0.000170039(mL/s)
[INFO] [0(s)]   Final LeftLungT2ToLeftLungT1 Resistance : 4201.3(mmHg s/mL)
[INFO] [0(s)]   Final LeftLungT2ToLeftLungT1 Flow : 1.32748e-05(mL/s)
[INFO] [0(s)]   Final MuscleT2ToMuscleT1 Resistance : 550.516(mmHg s/mL)
[INFO] [0(s)]   Final MuscleT2ToMuscleT1 Flow : -4.34615e-05(mL/s)
[INFO] [0(s)]   Final MyocardiumT2ToMyocardiumT1 Resistance : 3023.66(mmHg s/mL)
[INFO] [0(s)]   Final MyocardiumT2ToMyocardiumT1 Flow : 2.91682e-07(mL/s)
[INFO] [0(s)]   Final RightLungT2ToRightLungT1 Resistance : 3801.18(mmHg s/mL)
[INFO] [0(s)]   Final RightLungT2ToRightLungT1 Flow : 1.27205e-05(mL/s)
[INFO] [0(s)]   Final SkinT2ToSkinT1 Resistance : 165.079(mmHg s/mL)
[INFO] [0(s)]   Final SkinT2ToSkinT1 Flow : 1.32077e-05(mL/s)
[INFO] [0(s)]   Final SpleenT2ToSpleenT1 Resistance : 1663.02(mmHg s/mL)
[INFO] [0(s)]   Final SpleenT2ToSpleenT1 Flow : -7.3182e-08(mL/s)
[INFO] [0(s)] Successfully tuned circuit with tissue resistances. Final values : HeartRate(bpm):72 Systolic(mmHg):114.321 Diastolic(mmHg):73.5624 Cardiac Output(mL/min):5932.01 Mean CVP(mmHg):4.78318 MAP(mmHg):95.2999 BloodVolume(mL): 6908
[INFO] [0(s)] Cardiovascular Graph does not have cmpt Pericardium
[INFO] [0(s)] [Event Stabilizing 1]  Engine is stabilizing
[INFO] [10.02(s)] Converging System... it took 1.34s to simulate the past 10s
[INFO] [20.04(s)] Converging System... it took 1.04s to simulate the past 10s
[INFO] [26.2(s)] 26.2s - Resetting the target for TidalVolume to 0.416675, the last target value was 0.45142
[INFO] [30.06(s)] Converging System... it took 1.22s to simulate the past 10s
[INFO] [32.1(s)] 32.1s - Resetting the target for TidalVolume to 0.384746, the last target value was 0.416675
[INFO] [32.62(s)] 32.62s - Resetting the target for OxygenSaturation to 0.985776, the last target value was 0.988264
[INFO] [38.14(s)] 38.14s - Resetting the target for TidalVolume to 0.357362, the last target value was 0.384746
[INFO] [40.08(s)] Converging System... it took 1.1s to simulate the past 10s
[INFO] [40.2(s)] 40.2s - Resetting the target for OxygenSaturation to 0.983307, the last target value was 0.985776
[INFO] [43.92(s)] 43.92s - Resetting the target for TidalVolume to 0.342398, the last target value was 0.357362
[INFO] [47.84(s)] 47.84s - Resetting the target for OxygenSaturation to 0.980842, the last target value was 0.983307
[INFO] [49.22(s)] 49.22s - Resetting the target for TidalVolume to 0.33717, the last target value was 0.342398
[INFO] [50.1(s)] Converging System... it took 1.19s to simulate the past 10s
[INFO] [54.06(s)] 54.06s - Resetting the target for TidalVolume to 0.340119, the last target value was 0.33717
[INFO] [56.02(s)] 56.02s - Resetting the target for OxygenSaturation to 0.978376, the last target value was 0.980842
[INFO] [58.54(s)] 58.54s - Resetting the target for TidalVolume to 0.352524, the last target value was 0.340119
[INFO] [60.12(s)] Converging System... it took 1.63s to simulate the past 10s
[INFO] [62.8(s)] 62.8s - Resetting the target for TidalVolume to 0.37737, the last target value was 0.352524
[INFO] [65.44(s)] 65.44s - Resetting the target for OxygenSaturation to 0.975925, the last target value was 0.978376
[INFO] [67.04(s)] 67.04s - Resetting the target for TidalVolume to 0.417124, the last target value was 0.37737
[INFO] [70.14(s)] Converging System... it took 1.72s to simulate the past 10s
[INFO] [71.38(s)] 71.38s - Resetting the target for TidalVolume to 0.469212, the last target value was 0.417124
[INFO] [75.88(s)] 75.88s - Resetting the target for TidalVolume to 0.523885, the last target value was 0.469212
[INFO] [80.16(s)] Converging System... it took 0.999s to simulate the past 10s
[INFO] [80.56(s)] 80.56s - Resetting the target for TidalVolume to 0.570365, the last target value was 0.523885
[INFO] [85.36(s)] 85.36s - Resetting the target for TidalVolume to 0.601639, the last target value was 0.570365
[INFO] [90.18(s)] Converging System... it took 1.14s to simulate the past 10s
[INFO] [90.26(s)] 90.26s - Resetting the target for TidalVolume to 0.617121, the last target value was 0.601639
[INFO] [100.2(s)] Converging System... it took 1.04s to simulate the past 10s
[INFO] [100.3(s)] 100.3s - Resetting the target for TidalVolume to 0.607209, the last target value was 0.617121
[INFO] [105.42(s)] 105.42s - Resetting the target for TidalVolume to 0.589557, the last target value was 0.607209
[INFO] [110.22(s)] Converging System... it took 1s to simulate the past 10s
[INFO] [110.56(s)] 110.56s - Resetting the target for TidalVolume to 0.569136, the last target value was 0.589557
[INFO] [115.7(s)] 115.7s - Resetting the target for TidalVolume to 0.549377, the last target value was 0.569136
[INFO] [120.24(s)] Converging System... it took 0.976s to simulate the past 10s
[INFO] [120.84(s)] 120.84s - Resetting the target for TidalVolume to 0.532666, the last target value was 0.549377
[INFO] [125.96(s)] 125.96s - Resetting the target for TidalVolume to 0.520405, the last target value was 0.532666
[INFO] [130.26(s)] Converging System... it took 0.894s to simulate the past 10s
[INFO] [131.02(s)] 131.02s - Resetting the target for TidalVolume to 0.513561, the last target value was 0.520405
[INFO] [136(s)] 136s - Resetting the target for TidalVolume to 0.512143, the last target value was 0.513561
[INFO] [140.28(s)] Converging System... it took 1.14s to simulate the past 10s
[INFO] [140.96(s)] 140.96s - Resetting the target for TidalVolume to 0.515488, the last target value was 0.512143
[INFO] [141.96(s)] 141.96s - Resetting the target for OxygenSaturation to 0.973484, the last target value was 0.975925
[INFO] [145.88(s)] 145.88s - Resetting the target for TidalVolume to 0.523052, the last target value was 0.515488
[INFO] [150.3(s)] Converging System... it took 1.07s to simulate the past 10s
[INFO] [150.78(s)] 150.78s - Resetting the target for TidalVolume to 0.533719, the last target value was 0.523052
[INFO] [155.66(s)] 155.66s - Resetting the target for TidalVolume to 0.546033, the last target value was 0.533719
[INFO] [160.32(s)] Converging System... it took 1.08s to simulate the past 10s
[INFO] [160.54(s)] 160.54s - Resetting the target for TidalVolume to 0.558354, the last target value was 0.546033
[INFO] [165.46(s)] 165.46s - Resetting the target for TidalVolume to 0.569095, the last target value was 0.558354
[INFO] [170.34(s)] Converging System... it took 0.988s to simulate the past 10s
[INFO] [170.4(s)] 170.4s - Resetting the target for TidalVolume to 0.577099, the last target value was 0.569095
[INFO] [175.36(s)] 175.36s - Resetting the target for TidalVolume to 0.582321, the last target value was 0.577099
[INFO] [180.34(s)] 180.34s - Resetting the target for TidalVolume to 0.584444, the last target value was 0.582321
[INFO] [180.36(s)] Converging System... it took 1.09s to simulate the past 10s
[INFO] [190.34(s)] 190.34s - Resetting the target for TidalVolume to 0.580934, the last target value was 0.584444
[INFO] [190.38(s)] Converging System... it took 0.973s to simulate the past 10s
[INFO] [195.36(s)] 195.36s - Resetting the target for TidalVolume to 0.576852, the last target value was 0.580934
[INFO] [200.4(s)] Converging System... it took 1.08s to simulate the past 10s
[INFO] [200.4(s)] 200.4s - Resetting the target for TidalVolume to 0.572358, the last target value was 0.576852
[INFO] [205.42(s)] 205.42s - Resetting the target for TidalVolume to 0.568214, the last target value was 0.572358
[INFO] [210.42(s)] Converging System... it took 1.26s to simulate the past 10s
[INFO] [210.44(s)] 210.44s - Resetting the target for TidalVolume to 0.565017, the last target value was 0.568214
[INFO] [215.44(s)] 215.44s - Resetting the target for TidalVolume to 0.563154, the last target value was 0.565017
[INFO] [220.44(s)] Converging System... it took 1.07s to simulate the past 10s
[INFO] [230.38(s)] 230.38s - Resetting the target for TidalVolume to 0.56633, the last target value was 0.563154
[INFO] [230.46(s)] Converging System... it took 0.963s to simulate the past 10s
[INFO] [235.34(s)] 235.34s - Resetting the target for TidalVolume to 0.569632, the last target value was 0.56633
[INFO] [240.3(s)] 240.3s - Resetting the target for TidalVolume to 0.573425, the last target value was 0.569632
[INFO] [240.48(s)] Converging System... it took 0.963s to simulate the past 10s
[INFO] [245.26(s)] 245.26s - Resetting the target for TidalVolume to 0.577238, the last target value was 0.573425
[INFO] [250.22(s)] 250.22s - Resetting the target for TidalVolume to 0.580651, the last target value was 0.577238
[INFO] [250.5(s)] Converging System... it took 1s to simulate the past 10s
[INFO] [255.18(s)] 255.18s - Resetting the target for TidalVolume to 0.583668, the last target value was 0.580651
[INFO] [260.16(s)] 260.16s - Resetting the target for TidalVolume to 0.585939, the last target value was 0.583668
[INFO] [260.52(s)] Converging System... it took 1.07s to simulate the past 10s
[INFO] [270.12(s)] 270.12s - Resetting the target for TidalVolume to 0.587847, the last target value was 0.585939
[INFO] [270.54(s)] Converging System... it took 1.07s to simulate the past 10s
[INFO] [280.56(s)] Converging System... it took 1.01s to simulate the past 10s
[INFO] [285.12(s)] 285.12s - Resetting the target for TidalVolume to 0.58633, the last target value was 0.587847
[INFO] [290.58(s)] Converging System... it took 1.03s to simulate the past 10s
[INFO] [300.14(s)] We have passed required and optional convergence criteria.
[INFO] [300.14(s)] Convergence took 33.1s to simulate 300s to get engine to a steady state
[INFO] [300.14(s)] Initial Stabilization Homeostasis: Patient heart rate = 72(1/min)
[INFO] [300.14(s)] Initial Stabilization Homeostasis: Patient diastolic arterial pressure = 73.5368(mmHg)
[INFO] [300.14(s)] Initial Stabilization Homeostasis: Patient systolic arterial pressure = 114.264(mmHg)
[INFO] [300.14(s)] Initial Stabilization Homeostasis: Patient mean arterial pressure = 95.2608(mmHg)
[INFO] [300.14(s)] Initial Stabilization Homeostasis: Patient tidal volume = 0.585016 L.
[INFO] [300.14(s)] Initial Stabilization Homeostasis: Patient inspiratory reserve volume = 3.66262 L.
[INFO] [300.14(s)] Activating Chemoreceptors
[INFO] [300.14(s)] [Condition]
{
 "PatientCondition": {
  "ChronicVentricularSystolicDysfunction": {
   "PatientCondition": {
    "Condition": {
     "Comment": ""
    }
   }
  }
 }
}

[INFO] [300.14(s)] Converging provided condition to a steady state
[INFO] [301.16(s)] [Event Antidiuresis 1]  Patient has Antidiuresis
[INFO] [310.16(s)] Converging System... it took 0.973s to simulate the past 10s
[INFO] [320.18(s)] Converging System... it took 0.956s to simulate the past 10s
[INFO] [326.38(s)] 26.24s - Resetting the target for LeftAfferentArterioleResistance to 2.31215, the last target value was 2.31837
[INFO] [326.38(s)] 26.24s - Resetting the target for RightAfferentArterioleResistance to 2.31215, the last target value was 2.31837
[INFO] [328.06(s)] 27.92s - Resetting the target for LeftAfferentArterioleResistance to 2.30618, the last target value was 2.31215
[INFO] [328.06(s)] 27.92s - Resetting the target for RightAfferentArterioleResistance to 2.30618, the last target value was 2.31215
[INFO] [330.2(s)] Converging System... it took 1.04s to simulate the past 10s
[INFO] [330.58(s)] 30.44s - Resetting the target for LeftAfferentArterioleResistance to 2.29761, the last target value was 2.30618
[INFO] [330.58(s)] 30.44s - Resetting the target for RightAfferentArterioleResistance to 2.29761, the last target value was 2.30618
[INFO] [333.1(s)] 32.96s - Resetting the target for LeftAfferentArterioleResistance to 2.28945, the last target value was 2.29761
[INFO] [333.1(s)] 32.96s - Resetting the target for RightAfferentArterioleResistance to 2.28945, the last target value was 2.29761
[INFO] [334.78(s)] 34.64s - Resetting the target for CardiacOutput to 4778.52, the last target value was 4590.05
[INFO] [335.62(s)] 35.48s - Resetting the target for LeftAfferentArterioleResistance to 2.28162, the last target value was 2.28945
[INFO] [335.62(s)] 35.48s - Resetting the target for RightAfferentArterioleResistance to 2.28162, the last target value was 2.28945
[INFO] [338.14(s)] 38s - Resetting the target for LeftAfferentArterioleResistance to 2.27405, the last target value was 2.28162
[INFO] [338.14(s)] 38s - Resetting the target for RightAfferentArterioleResistance to 2.27405, the last target value was 2.28162
[INFO] [340.22(s)] Converging System... it took 1.08s to simulate the past 10s
[INFO] [340.66(s)] 40.52s - Resetting the target for LeftAfferentArterioleResistance to 2.26671, the last target value was 2.27405
[INFO] [340.66(s)] 40.52s - Resetting the target for RightAfferentArterioleResistance to 2.26671, the last target value was 2.27405
[INFO] [341.5(s)] 41.36s - Resetting the target for SystolicArterialPressure to 96.3334, the last target value was 92.6264
[INFO] [343.18(s)] 43.04s - Resetting the target for LeftAfferentArterioleResistance to 2.25957, the last target value was 2.26671
[INFO] [343.18(s)] 43.04s - Resetting the target for RightAfferentArterioleResistance to 2.25957, the last target value was 2.26671
[INFO] [345.02(s)] 44.88s - Resetting the target for TidalVolume to 0.583302, the last target value was 0.58538
[INFO] [345.7(s)] 45.56s - Resetting the target for LeftAfferentArterioleResistance to 2.25258, the last target value was 2.25957
[INFO] [345.7(s)] 45.56s - Resetting the target for RightAfferentArterioleResistance to 2.25258, the last target value was 2.25957
[INFO] [348.22(s)] 48.08s - Resetting the target for DiastolicArterialPressure to 61.9889, the last target value was 59.5898
[INFO] [348.22(s)] 48.08s - Resetting the target for LeftAfferentArterioleResistance to 2.24573, the last target value was 2.25258
[INFO] [348.22(s)] 48.08s - Resetting the target for RightAfferentArterioleResistance to 2.24573, the last target value was 2.25258
[INFO] [350.24(s)] Converging System... it took 1.04s to simulate the past 10s
[INFO] [350.74(s)] 50.6s - Resetting the target for LeftAfferentArterioleResistance to 2.239, the last target value was 2.24573
[INFO] [350.74(s)] 50.6s - Resetting the target for RightAfferentArterioleResistance to 2.239, the last target value was 2.24573
[INFO] [353.26(s)] 53.12s - Resetting the target for LeftAfferentArterioleResistance to 2.23237, the last target value was 2.239
[INFO] [353.26(s)] 53.12s - Resetting the target for RightAfferentArterioleResistance to 2.23237, the last target value was 2.239
[INFO] [355.04(s)] 54.9s - Resetting the target for TidalVolume to 0.581755, the last target value was 0.583302
[INFO] [355.78(s)] 55.64s - Resetting the target for LeftAfferentArterioleResistance to 2.22584, the last target value was 2.23237
[INFO] [355.78(s)] 55.64s - Resetting the target for RightAfferentArterioleResistance to 2.22584, the last target value was 2.23237
[INFO] [358.3(s)] 58.16s - Resetting the target for LeftAfferentArterioleResistance to 2.21939, the last target value was 2.22584
[INFO] [358.3(s)] 58.16s - Resetting the target for RightAfferentArterioleResistance to 2.21939, the last target value was 2.22584
[INFO] [360.26(s)] Converging System... it took 1.07s to simulate the past 10s
[INFO] [360.82(s)] 60.68s - Resetting the target for LeftAfferentArterioleResistance to 2.21302, the last target value was 2.21939
[INFO] [360.82(s)] 60.68s - Resetting the target for RightAfferentArterioleResistance to 2.21302, the last target value was 2.21939
[INFO] [363.34(s)] 63.2s - Resetting the target for LeftAfferentArterioleResistance to 2.20671, the last target value was 2.21302
[INFO] [363.34(s)] 63.2s - Resetting the target for RightAfferentArterioleResistance to 2.20671, the last target value was 2.21302
[INFO] [365.86(s)] 65.72s - Resetting the target for LeftAfferentArterioleResistance to 2.20047, the last target value was 2.20671
[INFO] [365.86(s)] 65.72s - Resetting the target for RightAfferentArterioleResistance to 2.20047, the last target value was 2.20671
[INFO] [370.1(s)] 69.96s - Resetting the target for TidalVolume to 0.580068, the last target value was 0.581755
[INFO] [370.28(s)] Converging System... it took 1.15s to simulate the past 10s
[INFO] [380.3(s)] Converging System... it took 1.02s to simulate the past 10s
[INFO] [385.12(s)] We have passed required and optional convergence criteria.
[INFO] [385.12(s)] Convergence took 8.92s to simulate 85s to get engine to a steady state
[INFO] [385.12(s)] Secondary Stabilization Homeostasis: Patient heart rate = 72.0972(1/min)
[INFO] [385.12(s)] Secondary Stabilization Homeostasis: Patient diastolic arterial pressure = 62.396(mmHg)
[INFO] [385.12(s)] Secondary Stabilization Homeostasis: Patient systolic arterial pressure = 97.5744(mmHg)
[INFO] [385.12(s)] Secondary Stabilization Homeostasis: Patient mean arterial pressure = 79.1883(mmHg)
[INFO] [385.12(s)] Secondary Stabilization Homeostasis: Patient tidal volume = 0.579609 L.
[INFO] [385.12(s)] Secondary Stabilization Homeostasis: Patient inspiratory reserve volume = 3.66803 L.
[INFO] [385.12(s)] Activating Baroreceptors
[INFO] [385.12(s)] [Event Stabilizing 0]  Engine completed stabilizing
[INFO] [0(s)] Starting Patient heart rate = 72.0972(1/min)
[INFO] [0(s)] Starting Patient diastolic arterial pressure = 62.396(mmHg)
[INFO] [0(s)] Starting Patient systolic arterial pressure = 97.5744(mmHg)
[INFO] [0(s)] Starting Patient mean arterial pressure = 79.1883(mmHg)
[INFO] [0(s)] Starting Patient tidal volume = 0.579609 L.
[INFO] [0(s)] Starting Patient inspiratory reserve volume = 3.66803 L.
[INFO] [0(s)] Executing Scenario
[INFO] [0(s)] [Action]
{
 "AdvanceTime": {
  "Action": {
   "Comment": ""
  },
  "Time": {
   "ScalarTime": {
    "Value": 60,
    "Unit": "s",
    "ReadOnly": false
   }
  }
 }
}

[INFO] [60(s)] Current Time is 60s, it took 18.894s to simulate the past 60s
[INFO] [60(s)] [Action]
{
 "AdvanceTime": {
  "Action": {
   "Comment": ""
  },
  "Time": {
   "ScalarTime": {
    "Value": 2,
    "Unit": "min",
    "ReadOnly": false
   }
  }
 }
}

[INFO] [120(s)] Current Time is 120s, it took 15.067s to simulate the past 60s
[INFO] [180(s)] Current Time is 180s, it took 12.708s to simulate the past 60s
[INFO] [180(s)] It took 46.67s to run this simulation
[INFO] [180(s)] [Final SimTime] 180(s)
[INFO] [180(s)] [Expected Final SimTime] 180(s)
