[INFO] [0(s)] Creating CSV File : /workspace/data/bcg_ablation/subject102/A//scenarioResults.csv
[INFO] [0(s)] Clearing engine
[INFO] [0(s)] Initializing engine
[INFO] [0(s)] Human Adult Whole Body
[INFO] [0(s)] Version : 4.3.1
[INFO] [0(s)] GitHash : 143ad0826
[INFO] [0(s)] Build Time : Mon Sep 28 11:31:59 2026
[INFO] [0(s)] Looking for files in .
[INFO] [0(s)] [Provided Patient] Name: "Synthetic_bcg_subject102"
Age {
  ScalarTime {
    Value: 45
    Unit: "yr"
  }
}
Weight {
  ScalarMass {
    Value: 94
    Unit: "kg"
  }
}
Height {
  ScalarLength {
    Value: 182
    Unit: "cm"
  }
}

[INFO] [0(s)] Patient ideal body weight computed and set to 76.8031 kg.
[WARN] [0(s)] Patient Body Mass Index (BMI) of 28.3782 kg/m^2 is overweight. No guarantees of model validity.
[INFO] [0(s)] No patient body fat fraction set. Using the standard value of 0.21.
[INFO] [0(s)] Patient lean body mass computed and set to 74.26 kg.
[INFO] [0(s)] Patient body density computed and set to 1.05052 g/cm^3.
[INFO] [0(s)] No patient heart rate baseline set. Using the standard value of 72 bpm.
[INFO] [0(s)] No patient heart rate maximum set. Using a computed value of 176.5 bpm.
[INFO] [0(s)] No patient heart rate minimum set. Using a default value of 0.001 bpm.
[INFO] [0(s)] No patient systolic pressure baseline set. Using the standard value of 114 mmHg.
[INFO] [0(s)] No patient diastolic pressure baseline set. Using the standard value of 73.5 mmHg.
[INFO] [0(s)] No patient blood volume baseline set. Using a computed value of 6752.96 mL.
[INFO] [0(s)] No patient respiration rate baseline set. Using the standard value of 12 bpm.
[INFO] [0(s)] No patient right lung ratio set. Using the standard value of 0.525.
[INFO] [0(s)] No patient total lung capacity set. Using a computed value of 6.14425 L.
[INFO] [0(s)] No patient functional residual capacity set. Using a computed value of 2.30409 L.
[INFO] [0(s)] No patient residual volume set. Using a computed value of 1.22885 L.
[INFO] [0(s)] Patient tidal volume computed and set to 0.537622 L.
[INFO] [0(s)] Patient vital capacity computed and set to 4.9154 L.
[INFO] [0(s)] Patient expiratory reserve volume computed and set to 1.07524 L.
[INFO] [0(s)] Patient inspiratory reserve volume computed and set to 3.30254 L.
[INFO] [0(s)] Patient inspiratory capacity computed and set to 3.84016 L.
[INFO] [0(s)] No patient alveoli surface area set. Using a computed value of 69.7079 m^2.
[INFO] [0(s)] No patient skin surface area set. Using a computed value of 2.15522 m^2.
[INFO] [0(s)] No patient basal metabolic rate set. Using a computed value of 1965.9 kcal/day.
[INFO] [0(s)] [Patient] 
{
 "Name": "Synthetic_bcg_subject102",
 "Age": {
  "ScalarTime": {
   "Value": 45,
   "Unit": "yr"
  }
 },
 "Weight": {
  "ScalarMass": {
   "Value": 94,
   "Unit": "kg"
  }
 },
 "Height": {
  "ScalarLength": {
   "Value": 182,
   "Unit": "cm"
  }
 },
 "BodyDensity": {
  "ScalarMassPerVolume": {
   "Value": 1.0505236628887222,
   "Unit": "g/cm^3"
  }
 },
 "BodyFatFraction": {
  "Scalar0To1": {
   "Value": 0.21
  }
 },
 "BodyMassIndex": {
  "Value": 28.378215191402003
 },
 "LeanBodyMass": {
  "ScalarMass": {
   "Value": 74.26,
   "Unit": "kg"
  }
 },
 "IdealBodyWeight": {
  "ScalarMass": {
   "Value": 76.8031496062992,
   "Unit": "kg"
  }
 },
 "AlveoliSurfaceArea": {
  "ScalarArea": {
   "Value": 69.70788294899117,
   "Unit": "m^2"
  }
 },
 "RightLungRatio": {
  "Scalar0To1": {
   "Value": 0.525
  }
 },
 "SkinSurfaceArea": {
  "ScalarArea": {
   "Value": 2.1552208355428082,
   "Unit": "m^2"
  }
 },
 "BasalMetabolicRate": {
  "ScalarPower": {
   "Value": 1965.9030000000005,
   "Unit": "kcal/day"
  }
 },
 "BloodVolumeBaseline": {
  "ScalarVolume": {
   "Value": 6752.9611318063153,
   "Unit": "mL"
  }
 },
 "DiastolicArterialPressureBaseline": {
  "ScalarPressure": {
   "Value": 73.5,
   "Unit": "mmHg"
  }
 },
 "HeartRateBaseline": {
  "ScalarFrequency": {
   "Value": 72,
   "Unit": "1/min"
  }
 },
 "MeanArterialPressureBaseline": {
  "ScalarPressure": {
   "Value": 87,
   "Unit": "mmHg"
  }
 },
 "PulsePressureBaseline": {
  "ScalarPressure": {
   "Value": 40.5,
   "Unit": "mmHg"
  }
 },
 "RespirationRateBaseline": {
  "ScalarFrequency": {
   "Value": 12,
   "Unit": "1/min"
  }
 },
 "SystolicArterialPressureBaseline": {
  "ScalarPressure": {
   "Value": 114,
   "Unit": "mmHg"
  }
 },
 "TidalVolumeBaseline": {
  "ScalarVolume": {
   "Value": 0.53762204724409468,
   "Unit": "L"
  }
 },
 "HeartRateMaximum": {
  "ScalarFrequency": {
   "Value": 176.5,
   "Unit": "1/min"
  }
 },
 "HeartRateMinimum": {
  "ScalarFrequency": {
   "Value": 0.001,
   "Unit": "1/min"
  }
 },
 "ExpiratoryReserveVolume": {
  "ScalarVolume": {
   "Value": 1.0752440944881887,
   "Unit": "L"
  }
 },
 "FunctionalResidualCapacity": {
  "ScalarVolume": {
   "Value": 2.304094488188976,
   "Unit": "L"
  }
 },
 "InspiratoryCapacity": {
  "ScalarVolume": {
   "Value": 3.8401574803149603,
   "Unit": "L"
  }
 },
 "InspiratoryReserveVolume": {
  "ScalarVolume": {
   "Value": 3.3025354330708656,
   "Unit": "L"
  }
 },
 "ResidualVolume": {
  "ScalarVolume": {
   "Value": 1.2288503937007873,
   "Unit": "L"
  }
 },
 "TotalLungCapacity": {
  "ScalarVolume": {
   "Value": 6.1442519685039363,
   "Unit": "L"
  }
 },
 "VitalCapacity": {
  "ScalarVolume": {
   "Value": 4.9154015748031492,
   "Unit": "L"
  }
 }
}

[INFO] [0(s)] Resetting Substances
[INFO] [0(s)] Reading substance files from .
[INFO] [0(s)] Initializing Configuration
[INFO] [0(s)] Merging OnDisk Configuration
[INFO] [0(s)] Creating Circuits and Compartments
[INFO] [0(s)] Setting Up Cardiovascular
[INFO] [0(s)] Setting Up Renal
[INFO] [0(s)] Setting Up Tissue
[INFO] [0(s)] Setting Up Gastrointestinal
[INFO] [0(s)] Setting Up ECMO
[INFO] [0(s)] Setting Up External Temperature
[INFO] [0(s)] Setting Up Internal Temperature
[INFO] [0(s)] Setting Up Respiratory
[INFO] [0(s)] Setting Up Anesthesia Machine
[INFO] [0(s)] Setting Up BagValveMask
[INFO] [0(s)] Setting Up Inhaler
[INFO] [0(s)] Setting Up MechanicalVentilation
[INFO] [0(s)] Setting Up MechanicalVentilator
[INFO] [0(s)] Setting Up Nasal Cannula
[INFO] [0(s)] Setting Up NonRebreather Mask
[INFO] [0(s)] Setting Up Simple Mask
[INFO] [0(s)] Initializing Gas Substances
[INFO] [0(s)] Initializing Liquid Substances
[INFO] [0(s)] Initializing Models
[INFO] [0(s)] Tuning to patient parameters : HeartRate(bpm):72 Systolic(mmHg):114 Diastolic(mmHg):73.5
[INFO] [0(s)] We are stable at 97.34
[INFO] [0(s)] Tuning paths, Current values : HeartRate(bpm):72 Systolic(mmHg):111.612 Diastolic(mmHg):95.8703 Cardiac Output(mL/min):5226.21 Mean CVP(mmHg):4.23319 MAP(mmHg):104.353 BloodVolume(mL): 6719.31
[INFO] [0(s)] We are stable at 150.26
[INFO] [0(s)] Tuning paths, Current values : HeartRate(bpm):72 Systolic(mmHg):118.199 Diastolic(mmHg):88.4783 Cardiac Output(mL/min):5218.88 Mean CVP(mmHg):4.23324 MAP(mmHg):104.194 BloodVolume(mL): 6719.23
[INFO] [0(s)] We are stable at 230.06
[INFO] [0(s)] Tuning paths, Current values : HeartRate(bpm):72 Systolic(mmHg):111.366 Diastolic(mmHg):78.384 Cardiac Output(mL/min):5861.8 Mean CVP(mmHg):4.72997 MAP(mmHg):96.078 BloodVolume(mL): 6719.73
[INFO] [0(s)] We are stable at 274.58
[INFO] [0(s)] Tuning paths, Current values : HeartRate(bpm):72 Systolic(mmHg):115.984 Diastolic(mmHg):73.2159 Cardiac Output(mL/min):5856.5 Mean CVP(mmHg):4.72947 MAP(mmHg):95.9769 BloodVolume(mL): 6720.06
[INFO] [0(s)] We are stable at 303.98
[INFO] [0(s)] Tuning paths, Current values : HeartRate(bpm):72 Systolic(mmHg):114.092 Diastolic(mmHg):75.282 Cardiac Output(mL/min):5862.79 Mean CVP(mmHg):4.73165 MAP(mmHg):96.0699 BloodVolume(mL): 6720.28
[INFO] [0(s)] We are stable at 353.54
[INFO] [0(s)] Tuning paths, Current values : HeartRate(bpm):72 Systolic(mmHg):113.475 Diastolic(mmHg):74.4055 Cardiac Output(mL/min):5918.72 Mean CVP(mmHg):4.77593 MAP(mmHg):95.3203 BloodVolume(mL): 6720.68
[INFO] [0(s)] We are stable at 371.18
[INFO] [0(s)] Successfully tuned circuit (No Tissues). Final values : HeartRate(bpm):72 Systolic(mmHg):114.298 Diastolic(mmHg):73.5754 Cardiac Output(mL/min):5917.62 Mean CVP(mmHg):4.77607 MAP(mmHg):95.3 BloodVolume(mL): 6720.83
[INFO] [0(s)] Tuning Tissue resistances at 371.2s
[INFO] [0(s)]   Initial BoneT2ToBoneT1 Flow : -0.00341315(mL/s)
[INFO] [0(s)]   Initial BoneT2ToBoneT1 Resistance : 1562.53(mmHg s/mL)
[INFO] [0(s)]   Initial BrainT2ToBrainT1 Flow : 3.09491e-06(mL/s)
[INFO] [0(s)]   Initial BrainT2ToBrainT1 Resistance : 13793.1(mmHg s/mL)
[INFO] [0(s)]   Initial FatT2ToFatT1 Flow : -0.00530295(mL/s)
[INFO] [0(s)]   Initial FatT2ToFatT1 Resistance : 1013.17(mmHg s/mL)
[INFO] [0(s)]   Initial GutT2ToGutT1 Flow : -0.000336106(mL/s)
[INFO] [0(s)]   Initial GutT2ToGutT1 Resistance : 16084.8(mmHg s/mL)
[INFO] [0(s)]   Initial LiverT2ToLiverT1 Flow : -0.000523533(mL/s)
[INFO] [0(s)]   Initial LiverT2ToLiverT1 Resistance : 9114.74(mmHg s/mL)
[INFO] [0(s)]   Initial LeftKidneyT2ToLeftKidneyT1 Flow : 0.000141761(mL/s)
[INFO] [0(s)]   Initial LeftKidneyT2ToLeftKidneyT1 Resistance : 105849(mmHg s/mL)
[INFO] [0(s)]   Initial RightKidneyT2ToRightKidneyT1 Flow : 0.000141761(mL/s)
[INFO] [0(s)]   Initial RightKidneyT2ToRightKidneyT1 Resistance : 105849(mmHg s/mL)
[INFO] [0(s)]   Initial LeftLungT2ToLeftLungT1 Flow : 3.31366e-05(mL/s)
[INFO] [0(s)]   Initial LeftLungT2ToLeftLungT1 Resistance : 69080.1(mmHg s/mL)
[INFO] [0(s)]   Initial MuscleT2ToMuscleT1 Flow : -0.013448(mL/s)
[INFO] [0(s)]   Initial MuscleT2ToMuscleT1 Resistance : 565.742(mmHg s/mL)
[INFO] [0(s)]   Initial MyocardiumT2ToMyocardiumT1 Flow : -8.10349e-05(mL/s)
[INFO] [0(s)]   Initial MyocardiumT2ToMyocardiumT1 Resistance : 49716.8(mmHg s/mL)
[INFO] [0(s)]   Initial RightLungT2ToRightLungT1 Flow : 3.53229e-05(mL/s)
[INFO] [0(s)]   Initial RightLungT2ToRightLungT1 Resistance : 62501.1(mmHg s/mL)
[INFO] [0(s)]   Initial SkinT2ToSkinT1 Flow : -6.90083e-06(mL/s)
[INFO] [0(s)]   Initial SkinT2ToSkinT1 Resistance : 5534.46(mmHg s/mL)
[INFO] [0(s)]   Initial SpleenT2ToSpleenT1 Flow : -4.06085e-05(mL/s)
[INFO] [0(s)]   Initial SpleenT2ToSpleenT1 Resistance : 109377(mmHg s/mL)
[INFO] [0(s)] Tuning 9/13 paths at 391.22s
[INFO] [0(s)] Tuning 9/13 paths at 411.24s
[INFO] [0(s)] Tuning 9/13 paths at 431.26s
[INFO] [0(s)] Tuning 8/13 paths at 451.28s
[INFO] [0(s)] Tuning 3/13 paths at 471.3s
[INFO] [0(s)] Tuning 1/13 paths at 491.32s
[INFO] [0(s)] Tuning 0/13 paths at 511.34s
[INFO] [0(s)] Finalizing CV Circuit...
[INFO] [0(s)] Successfully tuned tissue circuit at 541.36s
[INFO] [0(s)]   Final BoneT2ToBoneT1 Resistance : 390.632(mmHg s/mL)
[INFO] [0(s)]   Final BoneT2ToBoneT1 Flow : -0.000161166(mL/s)
[INFO] [0(s)]   Final BrainT2ToBrainT1 Resistance : 862.069(mmHg s/mL)
[INFO] [0(s)]   Final BrainT2ToBrainT1 Flow : -3.95911e-06(mL/s)
[INFO] [0(s)]   Final FatT2ToFatT1 Resistance : 506.586(mmHg s/mL)
[INFO] [0(s)]   Final FatT2ToFatT1 Flow : -7.56741e-05(mL/s)
[INFO] [0(s)]   Final GutT2ToGutT1 Resistance : 1005.3(mmHg s/mL)
[INFO] [0(s)]   Final GutT2ToGutT1 Flow : -3.02251e-06(mL/s)
[INFO] [0(s)]   Final LiverT2ToLiverT1 Resistance : 284.836(mmHg s/mL)
[INFO] [0(s)]   Final LiverT2ToLiverT1 Flow : -9.9303e-06(mL/s)
[INFO] [0(s)]   Final LeftKidneyT2ToLeftKidneyT1 Resistance : 105849(mmHg s/mL)
[INFO] [0(s)]   Final LeftKidneyT2ToLeftKidneyT1 Flow : 0.000165182(mL/s)
[INFO] [0(s)]   Final RightKidneyT2ToRightKidneyT1 Resistance : 105849(mmHg s/mL)
[INFO] [0(s)]   Final RightKidneyT2ToRightKidneyT1 Flow : 0.000165182(mL/s)
[INFO] [0(s)]   Final LeftLungT2ToLeftLungT1 Resistance : 4317.51(mmHg s/mL)
[INFO] [0(s)]   Final LeftLungT2ToLeftLungT1 Flow : 1.42492e-05(mL/s)
[INFO] [0(s)]   Final MuscleT2ToMuscleT1 Resistance : 565.742(mmHg s/mL)
[INFO] [0(s)]   Final MuscleT2ToMuscleT1 Flow : -4.39823e-05(mL/s)
[INFO] [0(s)]   Final MyocardiumT2ToMyocardiumT1 Resistance : 3107.3(mmHg s/mL)
[INFO] [0(s)]   Final MyocardiumT2ToMyocardiumT1 Flow : -6.97432e-07(mL/s)
[INFO] [0(s)]   Final RightLungT2ToRightLungT1 Resistance : 3906.32(mmHg s/mL)
[INFO] [0(s)]   Final RightLungT2ToRightLungT1 Flow : 1.36832e-05(mL/s)
[INFO] [0(s)]   Final SkinT2ToSkinT1 Resistance : 172.952(mmHg s/mL)
[INFO] [0(s)]   Final SkinT2ToSkinT1 Flow : 6.7176e-06(mL/s)
[INFO] [0(s)]   Final SpleenT2ToSpleenT1 Resistance : 1709.01(mmHg s/mL)
[INFO] [0(s)]   Final SpleenT2ToSpleenT1 Flow : -1.51299e-06(mL/s)
[INFO] [0(s)] Successfully tuned circuit with tissue resistances. Final values : HeartRate(bpm):72 Systolic(mmHg):114.295 Diastolic(mmHg):73.5712 Cardiac Output(mL/min):5918.04 Mean CVP(mmHg):4.77505 MAP(mmHg):95.2956 BloodVolume(mL): 6718.38
[INFO] [0(s)] Cardiovascular Graph does not have cmpt Pericardium
[INFO] [0(s)] [Event Stabilizing 1]  Engine is stabilizing
[INFO] [10.02(s)] Converging System... it took 0.482s to simulate the past 10s
[INFO] [20.04(s)] Converging System... it took 0.486s to simulate the past 10s
[INFO] [26.88(s)] 26.88s - Resetting the target for TidalVolume to 0.383037, the last target value was 0.413503
[INFO] [30.06(s)] Converging System... it took 0.505s to simulate the past 10s
[INFO] [31.76(s)] 31.76s - Resetting the target for OxygenSaturation to 0.984788, the last target value was 0.987258
[INFO] [32.88(s)] 32.88s - Resetting the target for TidalVolume to 0.355495, the last target value was 0.383037
[INFO] [38.52(s)] 38.52s - Resetting the target for OxygenSaturation to 0.982313, the last target value was 0.984788
[INFO] [38.74(s)] 38.74s - Resetting the target for TidalVolume to 0.338634, the last target value was 0.355495
[INFO] [40.08(s)] Converging System... it took 0.493s to simulate the past 10s
[INFO] [44.1(s)] 44.1s - Resetting the target for TidalVolume to 0.332627, the last target value was 0.338634
[INFO] [45.28(s)] 45.28s - Resetting the target for OxygenSaturation to 0.979844, the last target value was 0.982313
[INFO] [48.92(s)] 48.92s - Resetting the target for TidalVolume to 0.335428, the last target value was 0.332627
[INFO] [50.1(s)] Converging System... it took 0.509s to simulate the past 10s
[INFO] [52.84(s)] 52.84s - Resetting the target for OxygenSaturation to 0.977394, the last target value was 0.979844
[INFO] [53.36(s)] 53.36s - Resetting the target for TidalVolume to 0.348564, the last target value was 0.335428
[INFO] [57.6(s)] 57.6s - Resetting the target for TidalVolume to 0.375221, the last target value was 0.348564
[INFO] [60.12(s)] Converging System... it took 0.489s to simulate the past 10s
[INFO] [61.84(s)] 61.84s - Resetting the target for TidalVolume to 0.417463, the last target value was 0.375221
[INFO] [65.24(s)] 65.24s - Resetting the target for OxygenSaturation to 0.97495, the last target value was 0.977394
[INFO] [66.2(s)] 66.2s - Resetting the target for TidalVolume to 0.471673, the last target value was 0.417463
[INFO] [70.14(s)] Converging System... it took 0.508s to simulate the past 10s
[INFO] [70.72(s)] 70.72s - Resetting the target for TidalVolume to 0.527614, the last target value was 0.471673
[INFO] [75.42(s)] 75.42s - Resetting the target for TidalVolume to 0.572712, the last target value was 0.527614
[INFO] [80.16(s)] Converging System... it took 0.502s to simulate the past 10s
[INFO] [80.24(s)] 80.24s - Resetting the target for TidalVolume to 0.601326, the last target value was 0.572712
[INFO] [85.18(s)] 85.18s - Resetting the target for TidalVolume to 0.611857, the last target value was 0.601326
[INFO] [90.18(s)] Converging System... it took 0.49s to simulate the past 10s
[INFO] [90.2(s)] 90.2s - Resetting the target for TidalVolume to 0.606748, the last target value was 0.611857
[INFO] [95.32(s)] 95.32s - Resetting the target for TidalVolume to 0.590923, the last target value was 0.606748
[INFO] [100.2(s)] Converging System... it took 0.491s to simulate the past 10s
[INFO] [100.46(s)] 100.46s - Resetting the target for TidalVolume to 0.569623, the last target value was 0.590923
[INFO] [105.62(s)] 105.62s - Resetting the target for TidalVolume to 0.54746, the last target value was 0.569623
[INFO] [110.22(s)] Converging System... it took 0.49s to simulate the past 10s
[INFO] [110.8(s)] 110.8s - Resetting the target for TidalVolume to 0.527753, the last target value was 0.54746
[INFO] [115.94(s)] 115.94s - Resetting the target for TidalVolume to 0.512518, the last target value was 0.527753
[INFO] [120.24(s)] Converging System... it took 0.504s to simulate the past 10s
[INFO] [121.02(s)] 121.02s - Resetting the target for TidalVolume to 0.503045, the last target value was 0.512518
[INFO] [126.04(s)] 126.04s - Resetting the target for TidalVolume to 0.499548, the last target value was 0.503045
[INFO] [130.26(s)] Converging System... it took 0.488s to simulate the past 10s
[INFO] [131(s)] 131s - Resetting the target for TidalVolume to 0.501651, the last target value was 0.499548
[INFO] [135.9(s)] 135.9s - Resetting the target for TidalVolume to 0.508627, the last target value was 0.501651
[INFO] [137.74(s)] 137.74s - Resetting the target for OxygenSaturation to 0.972511, the last target value was 0.97495
[INFO] [140.28(s)] Converging System... it took 0.503s to simulate the past 10s
[INFO] [140.8(s)] 140.8s - Resetting the target for TidalVolume to 0.519256, the last target value was 0.508627
[INFO] [145.68(s)] 145.68s - Resetting the target for TidalVolume to 0.531984, the last target value was 0.519256
[INFO] [150.3(s)] Converging System... it took 0.502s to simulate the past 10s
[INFO] [150.56(s)] 150.56s - Resetting the target for TidalVolume to 0.544998, the last target value was 0.531984
[INFO] [155.44(s)] 155.44s - Resetting the target for TidalVolume to 0.556477, the last target value was 0.544998
[INFO] [160.32(s)] Converging System... it took 0.487s to simulate the past 10s
[INFO] [160.36(s)] 160.36s - Resetting the target for TidalVolume to 0.564974, the last target value was 0.556477
[INFO] [165.32(s)] 165.32s - Resetting the target for TidalVolume to 0.569784, the last target value was 0.564974
[INFO] [170.3(s)] 170.3s - Resetting the target for TidalVolume to 0.571391, the last target value was 0.569784
[INFO] [170.34(s)] Converging System... it took 0.504s to simulate the past 10s
[INFO] [180.34(s)] 180.34s - Resetting the target for TidalVolume to 0.566585, the last target value was 0.571391
[INFO] [180.36(s)] Converging System... it took 0.487s to simulate the past 10s
[INFO] [185.36(s)] 185.36s - Resetting the target for TidalVolume to 0.561984, the last target value was 0.566585
[INFO] [190.38(s)] Converging System... it took 0.496s to simulate the past 10s
[INFO] [190.38(s)] 190.38s - Resetting the target for TidalVolume to 0.55725, the last target value was 0.561984
[INFO] [195.4(s)] 195.4s - Resetting the target for TidalVolume to 0.553189, the last target value was 0.55725
[INFO] [200.4(s)] Converging System... it took 0.486s to simulate the past 10s
[INFO] [200.42(s)] 200.42s - Resetting the target for TidalVolume to 0.550354, the last target value was 0.553189
[INFO] [210.42(s)] Converging System... it took 0.491s to simulate the past 10s
[INFO] [215.44(s)] We have passed required and optional convergence criteria.
[INFO] [215.44(s)] Convergence took 10.6s to simulate 215s to get engine to a steady state
[INFO] [215.44(s)] Initial Stabilization Homeostasis: Patient heart rate = 72(1/min)
[INFO] [215.44(s)] Initial Stabilization Homeostasis: Patient diastolic arterial pressure = 73.5471(mmHg)
[INFO] [215.44(s)] Initial Stabilization Homeostasis: Patient systolic arterial pressure = 114.232(mmHg)
[INFO] [215.44(s)] Initial Stabilization Homeostasis: Patient mean arterial pressure = 95.2529(mmHg)
[INFO] [215.44(s)] Initial Stabilization Homeostasis: Patient tidal volume = 0.5513 L.
[INFO] [215.44(s)] Initial Stabilization Homeostasis: Patient inspiratory reserve volume = 3.28886 L.
[INFO] [215.44(s)] Activating Chemoreceptors
[INFO] [215.44(s)] Secondary Stabilization Homeostasis: Patient heart rate = 72(1/min)
[INFO] [215.44(s)] Secondary Stabilization Homeostasis: Patient diastolic arterial pressure = 73.5471(mmHg)
[INFO] [215.44(s)] Secondary Stabilization Homeostasis: Patient systolic arterial pressure = 114.232(mmHg)
[INFO] [215.44(s)] Secondary Stabilization Homeostasis: Patient mean arterial pressure = 95.2529(mmHg)
[INFO] [215.44(s)] Secondary Stabilization Homeostasis: Patient tidal volume = 0.5513 L.
[INFO] [215.44(s)] Secondary Stabilization Homeostasis: Patient inspiratory reserve volume = 3.28886 L.
[INFO] [215.44(s)] Activating Baroreceptors
[INFO] [215.44(s)] [Event Stabilizing 0]  Engine completed stabilizing
[INFO] [0(s)] Starting Patient heart rate = 72(1/min)
[INFO] [0(s)] Starting Patient diastolic arterial pressure = 73.5471(mmHg)
[INFO] [0(s)] Starting Patient systolic arterial pressure = 114.232(mmHg)
[INFO] [0(s)] Starting Patient mean arterial pressure = 95.2529(mmHg)
[INFO] [0(s)] Starting Patient tidal volume = 0.5513 L.
[INFO] [0(s)] Starting Patient inspiratory reserve volume = 3.28886 L.
[INFO] [0(s)] Executing Scenario
[INFO] [0(s)] [Action]
{
 "AdvanceTime": {
  "Action": {
   "Comment": ""
  },
  "Time": {
   "ScalarTime": {
    "Value": 60,
    "Unit": "s",
    "ReadOnly": false
   }
  }
 }
}

[INFO] [60(s)] Current Time is 60s, it took 10.533s to simulate the past 60s
[INFO] [60(s)] [Action]
{
 "AdvanceTime": {
  "Action": {
   "Comment": ""
  },
  "Time": {
   "ScalarTime": {
    "Value": 10,
    "Unit": "min",
    "ReadOnly": false
   }
  }
 }
}

[INFO] [120(s)] Current Time is 120s, it took 7.026s to simulate the past 60s
[INFO] [180(s)] Current Time is 180s, it took 7.365s to simulate the past 60s
[INFO] [240(s)] Current Time is 240s, it took 7.736s to simulate the past 60s
[INFO] [300(s)] Current Time is 300s, it took 8.425s to simulate the past 60s
[INFO] [360(s)] Current Time is 360s, it took 9.488s to simulate the past 60s
[INFO] [420(s)] Current Time is 420s, it took 11.24s to simulate the past 60s
[INFO] [480(s)] Current Time is 480s, it took 8.638s to simulate the past 60s
[INFO] [540(s)] Current Time is 540s, it took 8.646s to simulate the past 60s
[INFO] [600(s)] Current Time is 600s, it took 10.95s to simulate the past 60s
[INFO] [660(s)] Current Time is 660s, it took 11.382s to simulate the past 60s
[INFO] [660(s)] It took 101.435s to run this simulation
[INFO] [660(s)] [Final SimTime] 660(s)
[INFO] [660(s)] [Expected Final SimTime] 660(s)
