[INFO] [0(s)] Creating CSV File : /workspace/data/calibration_pilot/sensitivity/on_baseline//scenarioResults.csv
[INFO] [0(s)] Clearing engine
[INFO] [0(s)] Initializing engine
[INFO] [0(s)] Human Adult Whole Body
[INFO] [0(s)] Version : 4.3.1
[INFO] [0(s)] GitHash : 143ad0826
[INFO] [0(s)] Build Time : Fri Oct  2 12:12:23 2026
[INFO] [0(s)] Looking for files in .
[INFO] [0(s)] [Provided Patient] Name: "Synthetic_gu120_on_baseline"
Sex: Female
Age {
  ScalarTime {
    Value: 60
    Unit: "yr"
  }
}
Weight {
  ScalarMass {
    Value: 68.9
    Unit: "kg"
  }
}
Height {
  ScalarLength {
    Value: 163
    Unit: "cm"
  }
}

[INFO] [0(s)] Patient ideal body weight computed and set to 55.0984 kg.
[WARN] [0(s)] Patient Body Mass Index (BMI) of 25.9325 kg/m^2 is overweight. No guarantees of model validity.
[INFO] [0(s)] No patient body fat fraction set. Using the standard value of 0.28.
[INFO] [0(s)] Patient lean body mass computed and set to 49.608 kg.
[INFO] [0(s)] Patient body density computed and set to 1.03452 g/cm^3.
[INFO] [0(s)] No patient heart rate baseline set. Using the standard value of 72 bpm.
[INFO] [0(s)] No patient heart rate maximum set. Using a computed value of 166 bpm.
[INFO] [0(s)] No patient heart rate minimum set. Using a default value of 0.001 bpm.
[INFO] [0(s)] No patient systolic pressure baseline set. Using the standard value of 114 mmHg.
[INFO] [0(s)] No patient diastolic pressure baseline set. Using the standard value of 73.5 mmHg.
[INFO] [0(s)] No patient blood volume baseline set. Using a computed value of 4919.12 mL.
[INFO] [0(s)] No patient respiration rate baseline set. Using the standard value of 12 bpm.
[INFO] [0(s)] No patient right lung ratio set. Using the standard value of 0.525.
[INFO] [0(s)] No patient total lung capacity set. Using a computed value of 4.40787 L.
[INFO] [0(s)] No patient functional residual capacity set. Using a computed value of 1.65295 L.
[INFO] [0(s)] No patient residual volume set. Using a computed value of 0.881575 L.
[INFO] [0(s)] Patient tidal volume computed and set to 0.385689 L.
[INFO] [0(s)] Patient vital capacity computed and set to 3.5263 L.
[INFO] [0(s)] Patient expiratory reserve volume computed and set to 0.771378 L.
[INFO] [0(s)] Patient inspiratory reserve volume computed and set to 2.36923 L.
[INFO] [0(s)] Patient inspiratory capacity computed and set to 2.75492 L.
[INFO] [0(s)] No patient alveoli surface area set. Using a computed value of 50.0083 m^2.
[INFO] [0(s)] No patient skin surface area set. Using a computed value of 1.74357 m^2.
[INFO] [0(s)] No patient basal metabolic rate set. Using a computed value of 1329.89 kcal/day.
[INFO] [0(s)] [Patient] 
{
 "Name": "Synthetic_gu120_on_baseline",
 "Sex": "Female",
 "Age": {
  "ScalarTime": {
   "Value": 60,
   "Unit": "yr"
  }
 },
 "Weight": {
  "ScalarMass": {
   "Value": 68.9,
   "Unit": "kg"
  }
 },
 "Height": {
  "ScalarLength": {
   "Value": 163,
   "Unit": "cm"
  }
 },
 "BodyDensity": {
  "ScalarMassPerVolume": {
   "Value": 1.0345169360500654,
   "Unit": "g/cm^3"
  }
 },
 "BodyFatFraction": {
  "Scalar0To1": {
   "Value": 0.28
  }
 },
 "BodyMassIndex": {
  "Value": 25.93247769957469
 },
 "LeanBodyMass": {
  "ScalarMass": {
   "Value": 49.608000000000004,
   "Unit": "kg"
  }
 },
 "IdealBodyWeight": {
  "ScalarMass": {
   "Value": 55.098425196850371,
   "Unit": "kg"
  }
 },
 "AlveoliSurfaceArea": {
  "ScalarArea": {
   "Value": 50.008295154353668,
   "Unit": "m^2"
  }
 },
 "RightLungRatio": {
  "Scalar0To1": {
   "Value": 0.525
  }
 },
 "SkinSurfaceArea": {
  "ScalarArea": {
   "Value": 1.7435719168648647,
   "Unit": "m^2"
  }
 },
 "BasalMetabolicRate": {
  "ScalarPower": {
   "Value": 1329.8853000000001,
   "Unit": "kcal/day"
  }
 },
 "BloodVolumeBaseline": {
  "ScalarVolume": {
   "Value": 4919.1203238256312,
   "Unit": "mL"
  }
 },
 "DiastolicArterialPressureBaseline": {
  "ScalarPressure": {
   "Value": 73.5,
   "Unit": "mmHg"
  }
 },
 "HeartRateBaseline": {
  "ScalarFrequency": {
   "Value": 72,
   "Unit": "1/min"
  }
 },
 "MeanArterialPressureBaseline": {
  "ScalarPressure": {
   "Value": 87,
   "Unit": "mmHg"
  }
 },
 "PulsePressureBaseline": {
  "ScalarPressure": {
   "Value": 40.5,
   "Unit": "mmHg"
  }
 },
 "RespirationRateBaseline": {
  "ScalarFrequency": {
   "Value": 12,
   "Unit": "1/min"
  }
 },
 "SystolicArterialPressureBaseline": {
  "ScalarPressure": {
   "Value": 114,
   "Unit": "mmHg"
  }
 },
 "TidalVolumeBaseline": {
  "ScalarVolume": {
   "Value": 0.38568897637795274,
   "Unit": "L"
  }
 },
 "HeartRateMaximum": {
  "ScalarFrequency": {
   "Value": 166,
   "Unit": "1/min"
  }
 },
 "HeartRateMinimum": {
  "ScalarFrequency": {
   "Value": 0.001,
   "Unit": "1/min"
  }
 },
 "ExpiratoryReserveVolume": {
  "ScalarVolume": {
   "Value": 0.77137795275590515,
   "Unit": "L"
  }
 },
 "FunctionalResidualCapacity": {
  "ScalarVolume": {
   "Value": 1.6529527559055111,
   "Unit": "L"
  }
 },
 "InspiratoryCapacity": {
  "ScalarVolume": {
   "Value": 2.754921259842519,
   "Unit": "L"
  }
 },
 "InspiratoryReserveVolume": {
  "ScalarVolume": {
   "Value": 2.3692322834645663,
   "Unit": "L"
  }
 },
 "ResidualVolume": {
  "ScalarVolume": {
   "Value": 0.8815748031496059,
   "Unit": "L"
  }
 },
 "TotalLungCapacity": {
  "ScalarVolume": {
   "Value": 4.40787401574803,
   "Unit": "L"
  }
 },
 "VitalCapacity": {
  "ScalarVolume": {
   "Value": 3.526299212598424,
   "Unit": "L"
  }
 }
}

[INFO] [0(s)] Resetting Substances
[INFO] [0(s)] Reading substance files from .
[INFO] [0(s)] Initializing Configuration
[INFO] [0(s)] Merging OnDisk Configuration
[INFO] [0(s)] Creating Circuits and Compartments
[INFO] [0(s)] Setting Up Cardiovascular
[INFO] [0(s)] Setting Up Renal
[INFO] [0(s)] Setting Up Tissue
[INFO] [0(s)] Setting Up Gastrointestinal
[INFO] [0(s)] Setting Up ECMO
[INFO] [0(s)] Setting Up External Temperature
[INFO] [0(s)] Setting Up Internal Temperature
[INFO] [0(s)] Setting Up Respiratory
[INFO] [0(s)] Setting Up Anesthesia Machine
[INFO] [0(s)] Setting Up BagValveMask
[INFO] [0(s)] Setting Up Inhaler
[INFO] [0(s)] Setting Up MechanicalVentilation
[INFO] [0(s)] Setting Up MechanicalVentilator
[INFO] [0(s)] Setting Up Nasal Cannula
[INFO] [0(s)] Setting Up NonRebreather Mask
[INFO] [0(s)] Setting Up Simple Mask
[INFO] [0(s)] Initializing Gas Substances
[INFO] [0(s)] Initializing Liquid Substances
[INFO] [0(s)] Initializing Models
[INFO] [0(s)] Tuning to patient parameters : HeartRate(bpm):72 Systolic(mmHg):114 Diastolic(mmHg):73.5
[INFO] [0(s)] We are stable at 76.34
[INFO] [0(s)] Tuning paths, Current values : HeartRate(bpm):72 Systolic(mmHg):113.203 Diastolic(mmHg):94.4063 Cardiac Output(mL/min):4604.26 Mean CVP(mmHg):4.14947 MAP(mmHg):104.343 BloodVolume(mL): 4894.91
[INFO] [0(s)] We are stable at 129.26
[INFO] [0(s)] Tuning paths, Current values : HeartRate(bpm):72 Systolic(mmHg):120.158 Diastolic(mmHg):86.5031 Cardiac Output(mL/min):4599.05 Mean CVP(mmHg):4.15057 MAP(mmHg):104.204 BloodVolume(mL): 4895.03
[INFO] [0(s)] We are stable at 200.66
[INFO] [0(s)] Tuning paths, Current values : HeartRate(bpm):72 Systolic(mmHg):113.569 Diastolic(mmHg):76.7875 Cardiac Output(mL/min):5177.25 Mean CVP(mmHg):4.64648 MAP(mmHg):96.1939 BloodVolume(mL): 4895.57
[INFO] [0(s)] We are stable at 219.98
[INFO] [0(s)] Tuning paths, Current values : HeartRate(bpm):72 Systolic(mmHg):115.112 Diastolic(mmHg):75.0085 Cardiac Output(mL/min):5176.28 Mean CVP(mmHg):4.64715 MAP(mmHg):96.1678 BloodVolume(mL): 4895.73
[INFO] [0(s)] We are stable at 286.34
[INFO] [0(s)] Successfully tuned circuit (No Tissues). Final values : HeartRate(bpm):72 Systolic(mmHg):114.346 Diastolic(mmHg):73.7393 Cardiac Output(mL/min):5252.67 Mean CVP(mmHg):4.71171 MAP(mmHg):95.2029 BloodVolume(mL): 4896.32
[INFO] [0(s)] Tuning Tissue resistances at 286.36s
[INFO] [0(s)]   Initial BoneT2ToBoneT1 Flow : -0.00246587(mL/s)
[INFO] [0(s)]   Initial BoneT2ToBoneT1 Resistance : 2194.45(mmHg s/mL)
[INFO] [0(s)]   Initial BrainT2ToBrainT1 Flow : -1.1899e-06(mL/s)
[INFO] [0(s)]   Initial BrainT2ToBrainT1 Resistance : 15384.6(mmHg s/mL)
[INFO] [0(s)]   Initial FatT2ToFatT1 Flow : -0.00527165(mL/s)
[INFO] [0(s)]   Initial FatT2ToFatT1 Resistance : 1036.7(mmHg s/mL)
[INFO] [0(s)]   Initial GutT2ToGutT1 Flow : -0.000309485(mL/s)
[INFO] [0(s)]   Initial GutT2ToGutT1 Resistance : 17829.9(mmHg s/mL)
[INFO] [0(s)]   Initial LiverT2ToLiverT1 Flow : -0.000397503(mL/s)
[INFO] [0(s)]   Initial LiverT2ToLiverT1 Resistance : 12226.2(mmHg s/mL)
[INFO] [0(s)]   Initial LeftKidneyT2ToLeftKidneyT1 Flow : 6.67476e-05(mL/s)
[INFO] [0(s)]   Initial LeftKidneyT2ToLeftKidneyT1 Resistance : 124485(mmHg s/mL)
[INFO] [0(s)]   Initial RightKidneyT2ToRightKidneyT1 Flow : 6.67476e-05(mL/s)
[INFO] [0(s)]   Initial RightKidneyT2ToRightKidneyT1 Resistance : 124485(mmHg s/mL)
[INFO] [0(s)]   Initial LeftLungT2ToLeftLungT1 Flow : 2.26181e-05(mL/s)
[INFO] [0(s)]   Initial LeftLungT2ToLeftLungT1 Resistance : 85798(mmHg s/mL)
[INFO] [0(s)]   Initial MuscleT2ToMuscleT1 Flow : -0.00786754(mL/s)
[INFO] [0(s)]   Initial MuscleT2ToMuscleT1 Resistance : 978.097(mmHg s/mL)
[INFO] [0(s)]   Initial MyocardiumT2ToMyocardiumT1 Flow : -5.96173e-05(mL/s)
[INFO] [0(s)]   Initial MyocardiumT2ToMyocardiumT1 Resistance : 68466.8(mmHg s/mL)
[INFO] [0(s)]   Initial RightLungT2ToRightLungT1 Flow : 2.39407e-05(mL/s)
[INFO] [0(s)]   Initial RightLungT2ToRightLungT1 Resistance : 77626.7(mmHg s/mL)
[INFO] [0(s)]   Initial SkinT2ToSkinT1 Flow : -1.27998e-05(mL/s)
[INFO] [0(s)]   Initial SkinT2ToSkinT1 Resistance : 8123.01(mmHg s/mL)
[INFO] [0(s)]   Initial SpleenT2ToSpleenT1 Flow : -3.46307e-05(mL/s)
[INFO] [0(s)]   Initial SpleenT2ToSpleenT1 Resistance : 131667(mmHg s/mL)
[INFO] [0(s)] Tuning 9/13 paths at 306.38s
[INFO] [0(s)] Tuning 9/13 paths at 326.4s
[INFO] [0(s)] Tuning 8/13 paths at 346.42s
[INFO] [0(s)] Tuning 5/13 paths at 366.44s
[INFO] [0(s)] Tuning 3/13 paths at 386.46s
[INFO] [0(s)] Tuning 1/13 paths at 406.48s
[INFO] [0(s)] Tuning 0/13 paths at 426.5s
[INFO] [0(s)] Finalizing CV Circuit...
[INFO] [0(s)] Successfully tuned tissue circuit at 456.52s
[INFO] [0(s)]   Final BoneT2ToBoneT1 Resistance : 548.612(mmHg s/mL)
[INFO] [0(s)]   Final BoneT2ToBoneT1 Flow : -0.0001267(mL/s)
[INFO] [0(s)]   Final BrainT2ToBrainT1 Resistance : 1923.08(mmHg s/mL)
[INFO] [0(s)]   Final BrainT2ToBrainT1 Flow : -3.88475e-06(mL/s)
[INFO] [0(s)]   Final FatT2ToFatT1 Resistance : 518.35(mmHg s/mL)
[INFO] [0(s)]   Final FatT2ToFatT1 Flow : -5.13062e-05(mL/s)
[INFO] [0(s)]   Final GutT2ToGutT1 Resistance : 2228.74(mmHg s/mL)
[INFO] [0(s)]   Final GutT2ToGutT1 Flow : -3.91181e-07(mL/s)
[INFO] [0(s)]   Final LiverT2ToLiverT1 Resistance : 382.069(mmHg s/mL)
[INFO] [0(s)]   Final LiverT2ToLiverT1 Flow : 4.87116e-06(mL/s)
[INFO] [0(s)]   Final LeftKidneyT2ToLeftKidneyT1 Resistance : 124485(mmHg s/mL)
[INFO] [0(s)]   Final LeftKidneyT2ToLeftKidneyT1 Flow : 0.000119416(mL/s)
[INFO] [0(s)]   Final RightKidneyT2ToRightKidneyT1 Resistance : 124485(mmHg s/mL)
[INFO] [0(s)]   Final RightKidneyT2ToRightKidneyT1 Flow : 0.000119416(mL/s)
[INFO] [0(s)]   Final LeftLungT2ToLeftLungT1 Resistance : 10724.7(mmHg s/mL)
[INFO] [0(s)]   Final LeftLungT2ToLeftLungT1 Flow : 9.57361e-06(mL/s)
[INFO] [0(s)]   Final MuscleT2ToMuscleT1 Resistance : 978.097(mmHg s/mL)
[INFO] [0(s)]   Final MuscleT2ToMuscleT1 Flow : -2.14617e-05(mL/s)
[INFO] [0(s)]   Final MyocardiumT2ToMyocardiumT1 Resistance : 4279.17(mmHg s/mL)
[INFO] [0(s)]   Final MyocardiumT2ToMyocardiumT1 Flow : -4.10457e-06(mL/s)
[INFO] [0(s)]   Final RightLungT2ToRightLungT1 Resistance : 9703.34(mmHg s/mL)
[INFO] [0(s)]   Final RightLungT2ToRightLungT1 Flow : 9.30697e-06(mL/s)
[INFO] [0(s)]   Final SkinT2ToSkinT1 Resistance : 253.844(mmHg s/mL)
[INFO] [0(s)]   Final SkinT2ToSkinT1 Flow : 5.17149e-06(mL/s)
[INFO] [0(s)]   Final SpleenT2ToSpleenT1 Resistance : 2057.29(mmHg s/mL)
[INFO] [0(s)]   Final SpleenT2ToSpleenT1 Flow : -2.62508e-07(mL/s)
[INFO] [0(s)] Successfully tuned circuit with tissue resistances. Final values : HeartRate(bpm):72 Systolic(mmHg):114.342 Diastolic(mmHg):73.7345 Cardiac Output(mL/min):5252.8 Mean CVP(mmHg):4.71138 MAP(mmHg):95.1985 BloodVolume(mL): 4895.09
[INFO] [0(s)] Cardiovascular Graph does not have cmpt Pericardium
[INFO] [0(s)] [Event Stabilizing 1]  Engine is stabilizing
[INFO] [10.02(s)] Converging System... it took 0.528s to simulate the past 10s
[INFO] [20.04(s)] Converging System... it took 0.549s to simulate the past 10s
[INFO] [30.06(s)] Converging System... it took 0.539s to simulate the past 10s
[INFO] [30.18(s)] 30.18s - Resetting the target for TidalVolume to 0.301873, the last target value was 0.322272
[INFO] [31.78(s)] 31.78s - Resetting the target for OxygenSaturation to 0.982802, the last target value was 0.985286
[INFO] [36.2(s)] 36.2s - Resetting the target for TidalVolume to 0.291993, the last target value was 0.301873
[INFO] [39.4(s)] 39.4s - Resetting the target for OxygenSaturation to 0.98034, the last target value was 0.982802
[INFO] [40.08(s)] Converging System... it took 0.525s to simulate the past 10s
[INFO] [41.54(s)] 41.54s - Resetting the target for TidalVolume to 0.289109, the last target value was 0.291993
[INFO] [46.26(s)] 46.26s - Resetting the target for TidalVolume to 0.291906, the last target value was 0.289109
[INFO] [48.56(s)] 48.56s - Resetting the target for OxygenSaturation to 0.977883, the last target value was 0.98034
[INFO] [50.1(s)] Converging System... it took 0.523s to simulate the past 10s
[INFO] [50.6(s)] 50.6s - Resetting the target for TidalVolume to 0.301383, the last target value was 0.291906
[INFO] [54.74(s)] 54.74s - Resetting the target for TidalVolume to 0.319984, the last target value was 0.301383
[INFO] [58.88(s)] 58.88s - Resetting the target for TidalVolume to 0.349619, the last target value was 0.319984
[INFO] [60.12(s)] Converging System... it took 0.512s to simulate the past 10s
[INFO] [63.16(s)] 63.16s - Resetting the target for TidalVolume to 0.387554, the last target value was 0.349619
[INFO] [67.66(s)] 67.66s - Resetting the target for TidalVolume to 0.4248, the last target value was 0.387554
[INFO] [70.14(s)] Converging System... it took 0.514s to simulate the past 10s
[INFO] [72.34(s)] 72.34s - Resetting the target for TidalVolume to 0.452097, the last target value was 0.4248
[INFO] [77.22(s)] 77.22s - Resetting the target for TidalVolume to 0.464042, the last target value was 0.452097
[INFO] [80.16(s)] Converging System... it took 0.544s to simulate the past 10s
[INFO] [82.24(s)] 82.24s - Resetting the target for TidalVolume to 0.462369, the last target value was 0.464042
[INFO] [87.4(s)] 87.4s - Resetting the target for TidalVolume to 0.450771, the last target value was 0.462369
[INFO] [90.18(s)] Converging System... it took 0.526s to simulate the past 10s
[INFO] [92.64(s)] 92.64s - Resetting the target for TidalVolume to 0.433748, the last target value was 0.450771
[INFO] [97.94(s)] 97.94s - Resetting the target for TidalVolume to 0.416074, the last target value was 0.433748
[INFO] [100.2(s)] Converging System... it took 0.515s to simulate the past 10s
[INFO] [103.22(s)] 103.22s - Resetting the target for TidalVolume to 0.40067, the last target value was 0.416074
[INFO] [108.46(s)] 108.46s - Resetting the target for TidalVolume to 0.389006, the last target value was 0.40067
[INFO] [110.22(s)] Converging System... it took 0.52s to simulate the past 10s
[INFO] [113.62(s)] 113.62s - Resetting the target for TidalVolume to 0.381729, the last target value was 0.389006
[INFO] [118.68(s)] 118.68s - Resetting the target for TidalVolume to 0.3787, the last target value was 0.381729
[INFO] [120.02(s)] 120.02s - Resetting the target for OxygenSaturation to 0.975438, the last target value was 0.977883
[INFO] [120.24(s)] Converging System... it took 0.52s to simulate the past 10s
[INFO] [128.54(s)] 128.54s - Resetting the target for TidalVolume to 0.38382, the last target value was 0.3787
[INFO] [130.26(s)] Converging System... it took 0.539s to simulate the past 10s
[INFO] [130.84(s)] 130.84s - Resetting the target for SkinTemperature to 32.8973, the last target value was 32.9797
[INFO] [133.38(s)] 133.38s - Resetting the target for TidalVolume to 0.390562, the last target value was 0.38382
[INFO] [138.22(s)] 138.22s - Resetting the target for TidalVolume to 0.398897, the last target value was 0.390562
[INFO] [140.28(s)] Converging System... it took 0.546s to simulate the past 10s
[INFO] [143.06(s)] 143.06s - Resetting the target for TidalVolume to 0.407457, the last target value was 0.398897
[INFO] [147.92(s)] 147.92s - Resetting the target for TidalVolume to 0.41487, the last target value was 0.407457
[INFO] [150.3(s)] Converging System... it took 0.532s to simulate the past 10s
[INFO] [152.82(s)] 152.82s - Resetting the target for TidalVolume to 0.420123, the last target value was 0.41487
[INFO] [157.76(s)] 157.76s - Resetting the target for TidalVolume to 0.423096, the last target value was 0.420123
[INFO] [160.32(s)] Converging System... it took 0.534s to simulate the past 10s
[INFO] [170.34(s)] Converging System... it took 0.53s to simulate the past 10s
[INFO] [172.78(s)] We have passed required and optional convergence criteria.
[INFO] [172.78(s)] Convergence took 9.13s to simulate 173s to get engine to a steady state
[INFO] [172.78(s)] Initial Stabilization Homeostasis: Patient heart rate = 72(1/min)
[INFO] [172.78(s)] Initial Stabilization Homeostasis: Patient diastolic arterial pressure = 73.7232(mmHg)
[INFO] [172.78(s)] Initial Stabilization Homeostasis: Patient systolic arterial pressure = 114.294(mmHg)
[INFO] [172.78(s)] Initial Stabilization Homeostasis: Patient mean arterial pressure = 95.1668(mmHg)
[INFO] [172.78(s)] Initial Stabilization Homeostasis: Patient tidal volume = 0.422271 L.
[INFO] [172.78(s)] Initial Stabilization Homeostasis: Patient inspiratory reserve volume = 2.33265 L.
[INFO] [172.78(s)] Activating Chemoreceptors
[INFO] [172.78(s)] [Condition]
{
 "PatientCondition": {
  "ChronicVentricularSystolicDysfunction": {
   "PatientCondition": {
    "Condition": {
     "Comment": ""
    }
   }
  }
 }
}

[INFO] [172.78(s)] Converging provided condition to a steady state
[INFO] [173.48(s)] [Event Antidiuresis 1]  Patient has Antidiuresis
[INFO] [182.8(s)] Converging System... it took 0.514s to simulate the past 10s
[INFO] [192.82(s)] Converging System... it took 0.525s to simulate the past 10s
[INFO] [198.7(s)] 25.92s - Resetting the target for LeftAfferentArterioleResistance to 2.28614, the last target value was 2.29325
[INFO] [198.7(s)] 25.92s - Resetting the target for RightAfferentArterioleResistance to 2.28614, the last target value was 2.29325
[INFO] [200.38(s)] 27.6s - Resetting the target for LeftAfferentArterioleResistance to 2.27926, the last target value was 2.28614
[INFO] [200.38(s)] 27.6s - Resetting the target for RightAfferentArterioleResistance to 2.27926, the last target value was 2.28614
[INFO] [202.06(s)] 29.28s - Resetting the target for LeftAfferentArterioleResistance to 2.27258, the last target value was 2.27926
[INFO] [202.06(s)] 29.28s - Resetting the target for RightAfferentArterioleResistance to 2.27258, the last target value was 2.27926
[INFO] [202.84(s)] Converging System... it took 0.553s to simulate the past 10s
[INFO] [203.02(s)] 30.24s - Resetting the target for TidalVolume to 0.412887, the last target value was 0.413979
[INFO] [203.74(s)] 30.96s - Resetting the target for LeftAfferentArterioleResistance to 2.26607, the last target value was 2.27258
[INFO] [203.74(s)] 30.96s - Resetting the target for RightAfferentArterioleResistance to 2.26607, the last target value was 2.27258
[INFO] [205.42(s)] 32.64s - Resetting the target for LeftAfferentArterioleResistance to 2.25971, the last target value was 2.26607
[INFO] [205.42(s)] 32.64s - Resetting the target for RightAfferentArterioleResistance to 2.25971, the last target value was 2.26607
[INFO] [207.1(s)] 34.32s - Resetting the target for LeftAfferentArterioleResistance to 2.25347, the last target value was 2.25971
[INFO] [207.1(s)] 34.32s - Resetting the target for RightAfferentArterioleResistance to 2.25347, the last target value was 2.25971
[INFO] [208.78(s)] 36s - Resetting the target for LeftAfferentArterioleResistance to 2.24734, the last target value was 2.25347
[INFO] [208.78(s)] 36s - Resetting the target for RightAfferentArterioleResistance to 2.24734, the last target value was 2.25347
[INFO] [210.46(s)] 37.68s - Resetting the target for LeftAfferentArterioleResistance to 2.24131, the last target value was 2.24734
[INFO] [210.46(s)] 37.68s - Resetting the target for RightAfferentArterioleResistance to 2.24131, the last target value was 2.24734
[INFO] [212.14(s)] 39.36s - Resetting the target for LeftAfferentArterioleResistance to 2.23536, the last target value was 2.24131
[INFO] [212.14(s)] 39.36s - Resetting the target for RightAfferentArterioleResistance to 2.23536, the last target value was 2.24131
[INFO] [212.86(s)] Converging System... it took 0.541s to simulate the past 10s
[INFO] [213.16(s)] 40.38s - Resetting the target for TidalVolume to 0.411496, the last target value was 0.412887
[INFO] [213.82(s)] 41.04s - Resetting the target for CardiacOutput to 4268.21, the last target value was 4101.12
[INFO] [213.82(s)] 41.04s - Resetting the target for LeftAfferentArterioleResistance to 2.22948, the last target value was 2.23536
[INFO] [213.82(s)] 41.04s - Resetting the target for RightAfferentArterioleResistance to 2.22948, the last target value was 2.23536
[INFO] [215.5(s)] 42.72s - Resetting the target for LeftAfferentArterioleResistance to 2.22368, the last target value was 2.22948
[INFO] [215.5(s)] 42.72s - Resetting the target for RightAfferentArterioleResistance to 2.22368, the last target value was 2.22948
[INFO] [217.18(s)] 44.4s - Resetting the target for LeftAfferentArterioleResistance to 2.21793, the last target value was 2.22368
[INFO] [217.18(s)] 44.4s - Resetting the target for RightAfferentArterioleResistance to 2.21793, the last target value was 2.22368
[INFO] [218.86(s)] 46.08s - Resetting the target for LeftAfferentArterioleResistance to 2.21223, the last target value was 2.21793
[INFO] [218.86(s)] 46.08s - Resetting the target for RightAfferentArterioleResistance to 2.21223, the last target value was 2.21793
[INFO] [220.54(s)] 47.76s - Resetting the target for LeftAfferentArterioleResistance to 2.20659, the last target value was 2.21223
[INFO] [220.54(s)] 47.76s - Resetting the target for RightAfferentArterioleResistance to 2.20659, the last target value was 2.21223
[INFO] [222.22(s)] 49.44s - Resetting the target for LeftAfferentArterioleResistance to 2.20099, the last target value was 2.20659
[INFO] [222.22(s)] 49.44s - Resetting the target for RightAfferentArterioleResistance to 2.20099, the last target value was 2.20659
[INFO] [222.88(s)] Converging System... it took 0.586s to simulate the past 10s
[INFO] [228.44(s)] 55.66s - Resetting the target for TidalVolume to 0.410375, the last target value was 0.411496
[INFO] [232.9(s)] Converging System... it took 0.55s to simulate the past 10s
[INFO] [233.52(s)] 60.74s - Resetting the target for OxygenSaturation to 0.972864, the last target value was 0.975306
[INFO] [242.92(s)] Converging System... it took 0.552s to simulate the past 10s
[INFO] [248.54(s)] We have passed required and optional convergence criteria.
[INFO] [248.54(s)] Convergence took 4.13s to simulate 75.8s to get engine to a steady state
[INFO] [248.54(s)] Secondary Stabilization Homeostasis: Patient heart rate = 72.1333(1/min)
[INFO] [248.54(s)] Secondary Stabilization Homeostasis: Patient diastolic arterial pressure = 61.7114(mmHg)
[INFO] [248.54(s)] Secondary Stabilization Homeostasis: Patient systolic arterial pressure = 96.6325(mmHg)
[INFO] [248.54(s)] Secondary Stabilization Homeostasis: Patient mean arterial pressure = 78.3249(mmHg)
[INFO] [248.54(s)] Secondary Stabilization Homeostasis: Patient tidal volume = 0.410814 L.
[INFO] [248.54(s)] Secondary Stabilization Homeostasis: Patient inspiratory reserve volume = 2.34411 L.
[INFO] [248.54(s)] Activating Baroreceptors
[INFO] [248.54(s)] [Event Stabilizing 0]  Engine completed stabilizing
[INFO] [0(s)] Starting Patient heart rate = 72.1333(1/min)
[INFO] [0(s)] Starting Patient diastolic arterial pressure = 61.7114(mmHg)
[INFO] [0(s)] Starting Patient systolic arterial pressure = 96.6325(mmHg)
[INFO] [0(s)] Starting Patient mean arterial pressure = 78.3249(mmHg)
[INFO] [0(s)] Starting Patient tidal volume = 0.410814 L.
[INFO] [0(s)] Starting Patient inspiratory reserve volume = 2.34411 L.
[INFO] [0(s)] Executing Scenario
[INFO] [0(s)] [Action]
{
 "AdvanceTime": {
  "Action": {
   "Comment": ""
  },
  "Time": {
   "ScalarTime": {
    "Value": 60,
    "Unit": "s",
    "ReadOnly": false
   }
  }
 }
}

[INFO] [60(s)] Current Time is 60s, it took 5.566s to simulate the past 60s
[INFO] [60(s)] [Action]
{
 "AdvanceTime": {
  "Action": {
   "Comment": ""
  },
  "Time": {
   "ScalarTime": {
    "Value": 3,
    "Unit": "min",
    "ReadOnly": false
   }
  }
 }
}

[INFO] [120(s)] Current Time is 120s, it took 5.116s to simulate the past 60s
[INFO] [180(s)] Current Time is 180s, it took 5.621s to simulate the past 60s
[INFO] [240(s)] Current Time is 240s, it took 5.728s to simulate the past 60s
[INFO] [240(s)] It took 22.036s to run this simulation
[INFO] [240(s)] [Final SimTime] 240(s)
[INFO] [240(s)] [Expected Final SimTime] 240(s)
