[INFO] [0(s)] Creating CSV File : /workspace/data/calibration_pilot/bp_check/A_off_bp_high//scenarioResults.csv
[INFO] [0(s)] Clearing engine
[INFO] [0(s)] Initializing engine
[INFO] [0(s)] Human Adult Whole Body
[INFO] [0(s)] Version : 4.3.1
[INFO] [0(s)] GitHash : 143ad0826
[INFO] [0(s)] Build Time : Fri Oct  2 14:50:26 2026
[INFO] [0(s)] Looking for files in .
[INFO] [0(s)] [Provided Patient] Name: "Synthetic_gu120_A_off_bp_high"
Sex: Female
Age {
  ScalarTime {
    Value: 60
    Unit: "yr"
  }
}
Weight {
  ScalarMass {
    Value: 68.9
    Unit: "kg"
  }
}
Height {
  ScalarLength {
    Value: 163
    Unit: "cm"
  }
}
DiastolicArterialPressureBaseline {
  ScalarPressure {
    Value: 80
    Unit: "mmHg"
  }
}
SystolicArterialPressureBaseline {
  ScalarPressure {
    Value: 120
    Unit: "mmHg"
  }
}

[INFO] [0(s)] Patient ideal body weight computed and set to 55.0984 kg.
[WARN] [0(s)] Patient Body Mass Index (BMI) of 25.9325 kg/m^2 is overweight. No guarantees of model validity.
[INFO] [0(s)] No patient body fat fraction set. Using the standard value of 0.28.
[INFO] [0(s)] Patient lean body mass computed and set to 49.608 kg.
[INFO] [0(s)] Patient body density computed and set to 1.03452 g/cm^3.
[INFO] [0(s)] No patient heart rate baseline set. Using the standard value of 72 bpm.
[INFO] [0(s)] No patient heart rate maximum set. Using a computed value of 166 bpm.
[INFO] [0(s)] No patient heart rate minimum set. Using a default value of 0.001 bpm.
[INFO] [0(s)] No patient blood volume baseline set. Using a computed value of 4919.12 mL.
[INFO] [0(s)] No patient respiration rate baseline set. Using the standard value of 12 bpm.
[INFO] [0(s)] No patient right lung ratio set. Using the standard value of 0.525.
[INFO] [0(s)] No patient total lung capacity set. Using a computed value of 4.40787 L.
[INFO] [0(s)] No patient functional residual capacity set. Using a computed value of 1.65295 L.
[INFO] [0(s)] No patient residual volume set. Using a computed value of 0.881575 L.
[INFO] [0(s)] Patient tidal volume computed and set to 0.385689 L.
[INFO] [0(s)] Patient vital capacity computed and set to 3.5263 L.
[INFO] [0(s)] Patient expiratory reserve volume computed and set to 0.771378 L.
[INFO] [0(s)] Patient inspiratory reserve volume computed and set to 2.36923 L.
[INFO] [0(s)] Patient inspiratory capacity computed and set to 2.75492 L.
[INFO] [0(s)] No patient alveoli surface area set. Using a computed value of 50.0083 m^2.
[INFO] [0(s)] No patient skin surface area set. Using a computed value of 1.74357 m^2.
[INFO] [0(s)] No patient basal metabolic rate set. Using a computed value of 1329.89 kcal/day.
[INFO] [0(s)] [Patient] 
{
 "Name": "Synthetic_gu120_A_off_bp_high",
 "Sex": "Female",
 "Age": {
  "ScalarTime": {
   "Value": 60,
   "Unit": "yr"
  }
 },
 "Weight": {
  "ScalarMass": {
   "Value": 68.9,
   "Unit": "kg"
  }
 },
 "Height": {
  "ScalarLength": {
   "Value": 163,
   "Unit": "cm"
  }
 },
 "BodyDensity": {
  "ScalarMassPerVolume": {
   "Value": 1.0345169360500654,
   "Unit": "g/cm^3"
  }
 },
 "BodyFatFraction": {
  "Scalar0To1": {
   "Value": 0.28
  }
 },
 "BodyMassIndex": {
  "Value": 25.93247769957469
 },
 "LeanBodyMass": {
  "ScalarMass": {
   "Value": 49.608000000000004,
   "Unit": "kg"
  }
 },
 "IdealBodyWeight": {
  "ScalarMass": {
   "Value": 55.098425196850371,
   "Unit": "kg"
  }
 },
 "AlveoliSurfaceArea": {
  "ScalarArea": {
   "Value": 50.008295154353668,
   "Unit": "m^2"
  }
 },
 "RightLungRatio": {
  "Scalar0To1": {
   "Value": 0.525
  }
 },
 "SkinSurfaceArea": {
  "ScalarArea": {
   "Value": 1.7435719168648647,
   "Unit": "m^2"
  }
 },
 "BasalMetabolicRate": {
  "ScalarPower": {
   "Value": 1329.8853000000001,
   "Unit": "kcal/day"
  }
 },
 "BloodVolumeBaseline": {
  "ScalarVolume": {
   "Value": 4919.1203238256312,
   "Unit": "mL"
  }
 },
 "DiastolicArterialPressureBaseline": {
  "ScalarPressure": {
   "Value": 80,
   "Unit": "mmHg"
  }
 },
 "HeartRateBaseline": {
  "ScalarFrequency": {
   "Value": 72,
   "Unit": "1/min"
  }
 },
 "MeanArterialPressureBaseline": {
  "ScalarPressure": {
   "Value": 93.333333333333329,
   "Unit": "mmHg"
  }
 },
 "PulsePressureBaseline": {
  "ScalarPressure": {
   "Value": 40,
   "Unit": "mmHg"
  }
 },
 "RespirationRateBaseline": {
  "ScalarFrequency": {
   "Value": 12,
   "Unit": "1/min"
  }
 },
 "SystolicArterialPressureBaseline": {
  "ScalarPressure": {
   "Value": 120,
   "Unit": "mmHg"
  }
 },
 "TidalVolumeBaseline": {
  "ScalarVolume": {
   "Value": 0.38568897637795274,
   "Unit": "L"
  }
 },
 "HeartRateMaximum": {
  "ScalarFrequency": {
   "Value": 166,
   "Unit": "1/min"
  }
 },
 "HeartRateMinimum": {
  "ScalarFrequency": {
   "Value": 0.001,
   "Unit": "1/min"
  }
 },
 "ExpiratoryReserveVolume": {
  "ScalarVolume": {
   "Value": 0.77137795275590515,
   "Unit": "L"
  }
 },
 "FunctionalResidualCapacity": {
  "ScalarVolume": {
   "Value": 1.6529527559055111,
   "Unit": "L"
  }
 },
 "InspiratoryCapacity": {
  "ScalarVolume": {
   "Value": 2.754921259842519,
   "Unit": "L"
  }
 },
 "InspiratoryReserveVolume": {
  "ScalarVolume": {
   "Value": 2.3692322834645663,
   "Unit": "L"
  }
 },
 "ResidualVolume": {
  "ScalarVolume": {
   "Value": 0.8815748031496059,
   "Unit": "L"
  }
 },
 "TotalLungCapacity": {
  "ScalarVolume": {
   "Value": 4.40787401574803,
   "Unit": "L"
  }
 },
 "VitalCapacity": {
  "ScalarVolume": {
   "Value": 3.526299212598424,
   "Unit": "L"
  }
 }
}

[INFO] [0(s)] Resetting Substances
[INFO] [0(s)] Reading substance files from .
[INFO] [0(s)] Initializing Configuration
[INFO] [0(s)] Merging OnDisk Configuration
[INFO] [0(s)] Creating Circuits and Compartments
[INFO] [0(s)] Setting Up Cardiovascular
[INFO] [0(s)] Setting Up Renal
[INFO] [0(s)] Setting Up Tissue
[INFO] [0(s)] Setting Up Gastrointestinal
[INFO] [0(s)] Setting Up ECMO
[INFO] [0(s)] Setting Up External Temperature
[INFO] [0(s)] Setting Up Internal Temperature
[INFO] [0(s)] Setting Up Respiratory
[INFO] [0(s)] Setting Up Anesthesia Machine
[INFO] [0(s)] Setting Up BagValveMask
[INFO] [0(s)] Setting Up Inhaler
[INFO] [0(s)] Setting Up MechanicalVentilation
[INFO] [0(s)] Setting Up MechanicalVentilator
[INFO] [0(s)] Setting Up Nasal Cannula
[INFO] [0(s)] Setting Up NonRebreather Mask
[INFO] [0(s)] Setting Up Simple Mask
[INFO] [0(s)] Initializing Gas Substances
[INFO] [0(s)] Initializing Liquid Substances
[INFO] [0(s)] Initializing Models
[INFO] [0(s)] Tuning to patient parameters : HeartRate(bpm):72 Systolic(mmHg):120 Diastolic(mmHg):80
[INFO] [0(s)] We are stable at 76.34
[INFO] [0(s)] Tuning paths, Current values : HeartRate(bpm):72 Systolic(mmHg):119.394 Diastolic(mmHg):99.4328 Cardiac Output(mL/min):4652.65 Mean CVP(mmHg):4.3657 MAP(mmHg):109.9 BloodVolume(mL): 4894.75
[INFO] [0(s)] We are stable at 109.94
[INFO] [0(s)] Tuning paths, Current values : HeartRate(bpm):72 Systolic(mmHg):125.68 Diastolic(mmHg):91.9731 Cardiac Output(mL/min):4646.94 Mean CVP(mmHg):4.36608 MAP(mmHg):109.751 BloodVolume(mL): 4894.74
[INFO] [0(s)] We are stable at 204.86
[INFO] [0(s)] Tuning paths, Current values : HeartRate(bpm):72 Systolic(mmHg):119.434 Diastolic(mmHg):83.2401 Cardiac Output(mL/min):5186.69 Mean CVP(mmHg):4.84643 MAP(mmHg):102.185 BloodVolume(mL): 4895.25
[INFO] [0(s)] We are stable at 224.18
[INFO] [0(s)] Tuning paths, Current values : HeartRate(bpm):72 Systolic(mmHg):121.079 Diastolic(mmHg):81.2976 Cardiac Output(mL/min):5183.85 Mean CVP(mmHg):4.84607 MAP(mmHg):102.13 BloodVolume(mL): 4895.36
[INFO] [0(s)] We are stable at 265.34
[INFO] [0(s)] Successfully tuned circuit (No Tissues). Final values : HeartRate(bpm):72 Systolic(mmHg):120.284 Diastolic(mmHg):80.0588 Cardiac Output(mL/min):5250.16 Mean CVP(mmHg):4.90556 MAP(mmHg):101.162 BloodVolume(mL): 4895.63
[INFO] [0(s)] Tuning Tissue resistances at 265.36s
[INFO] [0(s)]   Initial BoneT2ToBoneT1 Flow : -0.00246445(mL/s)
[INFO] [0(s)]   Initial BoneT2ToBoneT1 Resistance : 2194.45(mmHg s/mL)
[INFO] [0(s)]   Initial BrainT2ToBrainT1 Flow : -1.65002e-06(mL/s)
[INFO] [0(s)]   Initial BrainT2ToBrainT1 Resistance : 15384.6(mmHg s/mL)
[INFO] [0(s)]   Initial FatT2ToFatT1 Flow : -0.00528333(mL/s)
[INFO] [0(s)]   Initial FatT2ToFatT1 Resistance : 1036.7(mmHg s/mL)
[INFO] [0(s)]   Initial GutT2ToGutT1 Flow : -0.000316501(mL/s)
[INFO] [0(s)]   Initial GutT2ToGutT1 Resistance : 17829.9(mmHg s/mL)
[INFO] [0(s)]   Initial LiverT2ToLiverT1 Flow : -0.000403895(mL/s)
[INFO] [0(s)]   Initial LiverT2ToLiverT1 Resistance : 12226.2(mmHg s/mL)
[INFO] [0(s)]   Initial LeftKidneyT2ToLeftKidneyT1 Flow : 7.70511e-05(mL/s)
[INFO] [0(s)]   Initial LeftKidneyT2ToLeftKidneyT1 Resistance : 124485(mmHg s/mL)
[INFO] [0(s)]   Initial RightKidneyT2ToRightKidneyT1 Flow : 7.70511e-05(mL/s)
[INFO] [0(s)]   Initial RightKidneyT2ToRightKidneyT1 Resistance : 124485(mmHg s/mL)
[INFO] [0(s)]   Initial LeftLungT2ToLeftLungT1 Flow : 2.17709e-05(mL/s)
[INFO] [0(s)]   Initial LeftLungT2ToLeftLungT1 Resistance : 85798(mmHg s/mL)
[INFO] [0(s)]   Initial MuscleT2ToMuscleT1 Flow : -0.00803234(mL/s)
[INFO] [0(s)]   Initial MuscleT2ToMuscleT1 Resistance : 978.097(mmHg s/mL)
[INFO] [0(s)]   Initial MyocardiumT2ToMyocardiumT1 Flow : -5.90088e-05(mL/s)
[INFO] [0(s)]   Initial MyocardiumT2ToMyocardiumT1 Resistance : 68466.8(mmHg s/mL)
[INFO] [0(s)]   Initial RightLungT2ToRightLungT1 Flow : 2.29432e-05(mL/s)
[INFO] [0(s)]   Initial RightLungT2ToRightLungT1 Resistance : 77626.7(mmHg s/mL)
[INFO] [0(s)]   Initial SkinT2ToSkinT1 Flow : -1.44018e-05(mL/s)
[INFO] [0(s)]   Initial SkinT2ToSkinT1 Resistance : 8123.01(mmHg s/mL)
[INFO] [0(s)]   Initial SpleenT2ToSpleenT1 Flow : -3.51079e-05(mL/s)
[INFO] [0(s)]   Initial SpleenT2ToSpleenT1 Resistance : 131667(mmHg s/mL)
[INFO] [0(s)] Tuning 9/13 paths at 285.38s
[INFO] [0(s)] Tuning 8/13 paths at 305.4s
[INFO] [0(s)] Tuning 9/13 paths at 325.42s
[INFO] [0(s)] Tuning 7/13 paths at 345.44s
[INFO] [0(s)] Tuning 3/13 paths at 365.46s
[INFO] [0(s)] Tuning 1/13 paths at 385.48s
[INFO] [0(s)] Tuning 0/13 paths at 405.5s
[INFO] [0(s)] Finalizing CV Circuit...
[INFO] [0(s)] Successfully tuned tissue circuit at 435.52s
[INFO] [0(s)]   Final BoneT2ToBoneT1 Resistance : 548.612(mmHg s/mL)
[INFO] [0(s)]   Final BoneT2ToBoneT1 Flow : -0.000191852(mL/s)
[INFO] [0(s)]   Final BrainT2ToBrainT1 Resistance : 961.538(mmHg s/mL)
[INFO] [0(s)]   Final BrainT2ToBrainT1 Flow : -8.82285e-06(mL/s)
[INFO] [0(s)]   Final FatT2ToFatT1 Resistance : 518.35(mmHg s/mL)
[INFO] [0(s)]   Final FatT2ToFatT1 Flow : -9.39126e-05(mL/s)
[INFO] [0(s)]   Final GutT2ToGutT1 Resistance : 1114.37(mmHg s/mL)
[INFO] [0(s)]   Final GutT2ToGutT1 Flow : -1.3251e-06(mL/s)
[INFO] [0(s)]   Final LiverT2ToLiverT1 Resistance : 382.069(mmHg s/mL)
[INFO] [0(s)]   Final LiverT2ToLiverT1 Flow : 6.07974e-06(mL/s)
[INFO] [0(s)]   Final LeftKidneyT2ToLeftKidneyT1 Resistance : 124485(mmHg s/mL)
[INFO] [0(s)]   Final LeftKidneyT2ToLeftKidneyT1 Flow : 0.000117863(mL/s)
[INFO] [0(s)]   Final RightKidneyT2ToRightKidneyT1 Resistance : 124485(mmHg s/mL)
[INFO] [0(s)]   Final RightKidneyT2ToRightKidneyT1 Flow : 0.000117863(mL/s)
[INFO] [0(s)]   Final LeftLungT2ToLeftLungT1 Resistance : 10724.7(mmHg s/mL)
[INFO] [0(s)]   Final LeftLungT2ToLeftLungT1 Flow : 9.50888e-06(mL/s)
[INFO] [0(s)]   Final MuscleT2ToMuscleT1 Resistance : 978.097(mmHg s/mL)
[INFO] [0(s)]   Final MuscleT2ToMuscleT1 Flow : -3.78615e-05(mL/s)
[INFO] [0(s)]   Final MyocardiumT2ToMyocardiumT1 Resistance : 4279.17(mmHg s/mL)
[INFO] [0(s)]   Final MyocardiumT2ToMyocardiumT1 Flow : -2.57917e-06(mL/s)
[INFO] [0(s)]   Final RightLungT2ToRightLungT1 Resistance : 9703.34(mmHg s/mL)
[INFO] [0(s)]   Final RightLungT2ToRightLungT1 Flow : 9.24314e-06(mL/s)
[INFO] [0(s)]   Final SkinT2ToSkinT1 Resistance : 253.844(mmHg s/mL)
[INFO] [0(s)]   Final SkinT2ToSkinT1 Flow : 3.10452e-05(mL/s)
[INFO] [0(s)]   Final SpleenT2ToSpleenT1 Resistance : 2057.29(mmHg s/mL)
[INFO] [0(s)]   Final SpleenT2ToSpleenT1 Flow : -4.984e-07(mL/s)
[INFO] [0(s)] Successfully tuned circuit with tissue resistances. Final values : HeartRate(bpm):72 Systolic(mmHg):120.308 Diastolic(mmHg):80.0692 Cardiac Output(mL/min):5252.04 Mean CVP(mmHg):4.90577 MAP(mmHg):101.179 BloodVolume(mL): 4893.99
[INFO] [0(s)] Cardiovascular Graph does not have cmpt Pericardium
[INFO] [0(s)] [Event Stabilizing 1]  Engine is stabilizing
[INFO] [10.02(s)] Converging System... it took 0.88s to simulate the past 10s
[INFO] [20.04(s)] Converging System... it took 0.906s to simulate the past 10s
[INFO] [30.06(s)] Converging System... it took 1.02s to simulate the past 10s
[INFO] [30.18(s)] 30.18s - Resetting the target for TidalVolume to 0.301873, the last target value was 0.322272
[INFO] [31.8(s)] 31.8s - Resetting the target for OxygenSaturation to 0.982777, the last target value was 0.985258
[INFO] [36.2(s)] 36.2s - Resetting the target for TidalVolume to 0.291929, the last target value was 0.301873
[INFO] [40.04(s)] 40.04s - Resetting the target for OxygenSaturation to 0.980311, the last target value was 0.982777
[INFO] [40.08(s)] Converging System... it took 1.02s to simulate the past 10s
[INFO] [41.56(s)] 41.56s - Resetting the target for TidalVolume to 0.288879, the last target value was 0.291929
[INFO] [46.32(s)] 46.32s - Resetting the target for TidalVolume to 0.291394, the last target value was 0.288879
[INFO] [48.62(s)] 48.62s - Resetting the target for OxygenSaturation to 0.977853, the last target value was 0.980311
[INFO] [50.1(s)] Converging System... it took 0.909s to simulate the past 10s
[INFO] [50.66(s)] 50.66s - Resetting the target for TidalVolume to 0.300384, the last target value was 0.291394
[INFO] [54.82(s)] 54.82s - Resetting the target for TidalVolume to 0.318155, the last target value was 0.300384
[INFO] [58.96(s)] 58.96s - Resetting the target for TidalVolume to 0.346718, the last target value was 0.318155
[INFO] [60.12(s)] Converging System... it took 1.17s to simulate the past 10s
[INFO] [63.22(s)] 63.22s - Resetting the target for TidalVolume to 0.383836, the last target value was 0.346718
[INFO] [67.7(s)] 67.7s - Resetting the target for TidalVolume to 0.421135, the last target value was 0.383836
[INFO] [70.14(s)] Converging System... it took 1.21s to simulate the past 10s
[INFO] [72.38(s)] 72.38s - Resetting the target for TidalVolume to 0.449213, the last target value was 0.421135
[INFO] [77.24(s)] 77.24s - Resetting the target for TidalVolume to 0.462211, the last target value was 0.449213
[INFO] [80.16(s)] Converging System... it took 1.15s to simulate the past 10s
[INFO] [87.38(s)] 87.38s - Resetting the target for TidalVolume to 0.450612, the last target value was 0.462211
[INFO] [90.18(s)] Converging System... it took 0.986s to simulate the past 10s
[INFO] [92.6(s)] 92.6s - Resetting the target for TidalVolume to 0.433865, the last target value was 0.450612
[INFO] [97.9(s)] 97.9s - Resetting the target for TidalVolume to 0.41613, the last target value was 0.433865
[INFO] [100.2(s)] Converging System... it took 1.47s to simulate the past 10s
[INFO] [103.18(s)] 103.18s - Resetting the target for TidalVolume to 0.400436, the last target value was 0.41613
[INFO] [108.42(s)] 108.42s - Resetting the target for TidalVolume to 0.388381, the last target value was 0.400436
[INFO] [110.22(s)] Converging System... it took 1.07s to simulate the past 10s
[INFO] [113.6(s)] 113.6s - Resetting the target for TidalVolume to 0.380693, the last target value was 0.388381
[INFO] [118.68(s)] 118.68s - Resetting the target for TidalVolume to 0.377243, the last target value was 0.380693
[INFO] [120.14(s)] 120.14s - Resetting the target for OxygenSaturation to 0.975408, the last target value was 0.977853
[INFO] [120.24(s)] Converging System... it took 1.29s to simulate the past 10s
[INFO] [128.56(s)] 128.56s - Resetting the target for TidalVolume to 0.381704, the last target value was 0.377243
[INFO] [128.94(s)] 128.94s - Resetting the target for SkinTemperature to 32.8969, the last target value was 32.9794
[INFO] [130.26(s)] Converging System... it took 1.22s to simulate the past 10s
[INFO] [133.4(s)] 133.4s - Resetting the target for TidalVolume to 0.388314, the last target value was 0.381704
[INFO] [138.22(s)] 138.22s - Resetting the target for TidalVolume to 0.396675, the last target value was 0.388314
[INFO] [140.28(s)] Converging System... it took 1.21s to simulate the past 10s
[INFO] [143.06(s)] 143.06s - Resetting the target for TidalVolume to 0.405395, the last target value was 0.396675
[INFO] [147.92(s)] 147.92s - Resetting the target for TidalVolume to 0.413001, the last target value was 0.405395
[INFO] [150.3(s)] Converging System... it took 1.13s to simulate the past 10s
[INFO] [152.82(s)] 152.82s - Resetting the target for TidalVolume to 0.418436, the last target value was 0.413001
[INFO] [157.76(s)] 157.76s - Resetting the target for TidalVolume to 0.421573, the last target value was 0.418436
[INFO] [160.32(s)] Converging System... it took 1.05s to simulate the past 10s
[INFO] [170.34(s)] Converging System... it took 0.95s to simulate the past 10s
[INFO] [172.78(s)] We have passed required and optional convergence criteria.
[INFO] [172.78(s)] Convergence took 18.9s to simulate 173s to get engine to a steady state
[INFO] [172.78(s)] Initial Stabilization Homeostasis: Patient heart rate = 72(1/min)
[INFO] [172.78(s)] Initial Stabilization Homeostasis: Patient diastolic arterial pressure = 80.0555(mmHg)
[INFO] [172.78(s)] Initial Stabilization Homeostasis: Patient systolic arterial pressure = 120.248(mmHg)
[INFO] [172.78(s)] Initial Stabilization Homeostasis: Patient mean arterial pressure = 101.14(mmHg)
[INFO] [172.78(s)] Initial Stabilization Homeostasis: Patient tidal volume = 0.420976 L.
[INFO] [172.78(s)] Initial Stabilization Homeostasis: Patient inspiratory reserve volume = 2.33395 L.
[INFO] [172.78(s)] Activating Chemoreceptors
[INFO] [172.78(s)] Secondary Stabilization Homeostasis: Patient heart rate = 72(1/min)
[INFO] [172.78(s)] Secondary Stabilization Homeostasis: Patient diastolic arterial pressure = 80.0555(mmHg)
[INFO] [172.78(s)] Secondary Stabilization Homeostasis: Patient systolic arterial pressure = 120.248(mmHg)
[INFO] [172.78(s)] Secondary Stabilization Homeostasis: Patient mean arterial pressure = 101.14(mmHg)
[INFO] [172.78(s)] Secondary Stabilization Homeostasis: Patient tidal volume = 0.420976 L.
[INFO] [172.78(s)] Secondary Stabilization Homeostasis: Patient inspiratory reserve volume = 2.33395 L.
[INFO] [172.78(s)] Activating Baroreceptors
[INFO] [172.78(s)] [Event Stabilizing 0]  Engine completed stabilizing
[INFO] [0(s)] Starting Patient heart rate = 72(1/min)
[INFO] [0(s)] Starting Patient diastolic arterial pressure = 80.0555(mmHg)
[INFO] [0(s)] Starting Patient systolic arterial pressure = 120.248(mmHg)
[INFO] [0(s)] Starting Patient mean arterial pressure = 101.14(mmHg)
[INFO] [0(s)] Starting Patient tidal volume = 0.420976 L.
[INFO] [0(s)] Starting Patient inspiratory reserve volume = 2.33395 L.
[INFO] [0(s)] Executing Scenario
[INFO] [0(s)] [Action]
{
 "AdvanceTime": {
  "Action": {
   "Comment": ""
  },
  "Time": {
   "ScalarTime": {
    "Value": 60,
    "Unit": "s",
    "ReadOnly": false
   }
  }
 }
}

[INFO] [60(s)] Current Time is 60s, it took 10.293s to simulate the past 60s
[INFO] [60(s)] [Action]
{
 "AdvanceTime": {
  "Action": {
   "Comment": ""
  },
  "Time": {
   "ScalarTime": {
    "Value": 3,
    "Unit": "min",
    "ReadOnly": false
   }
  }
 }
}

[INFO] [120(s)] Current Time is 120s, it took 7.99s to simulate the past 60s
[INFO] [180(s)] Current Time is 180s, it took 9.303s to simulate the past 60s
[INFO] [240(s)] Current Time is 240s, it took 9.188s to simulate the past 60s
[INFO] [240(s)] It took 36.777s to run this simulation
[INFO] [240(s)] [Final SimTime] 240(s)
[INFO] [240(s)] [Expected Final SimTime] 240(s)
