16/27 real patients have >=21 real overlapping HR+SpO2+weight days: [1, 2, 4, 5, 6, 15, 16, 17, 18, 19, 21, 22, 23, 24, 25, 27]
Patients to run this pass: 16 -> [1, 2, 4, 5, 6, 15, 16, 17, 18, 19, 21, 22, 23, 24, 25, 27]
Concurrency: 2 workers
  user_18 attempt 1 -> failed; retrying...
  user_18 -> failed (scenario=None, risk=None, attempts=2)
  user_19 -> complete (scenario=stable, risk=LOW, attempts=1)
  user_17 -> complete (scenario=cardiac_stress, risk=HIGH, attempts=1)
  user_16 -> complete (scenario=cardiac_stress, risk=MODERATE, attempts=1)
  user_6 attempt 1 -> failed; retrying...
  user_6 -> failed (scenario=None, risk=None, attempts=2)
  user_15 -> complete (scenario=cardiac_stress, risk=MODERATE, attempts=1)
  user_5 -> complete (scenario=cardiac_stress, risk=HIGH, attempts=1)
  user_4 -> complete (scenario=cardiac_stress, risk=HIGH, attempts=1)
  user_2 -> complete (scenario=cardiac_stress, risk=MODERATE, attempts=1)
  user_1 -> complete (scenario=stable, risk=LOW, attempts=1)
  user_27 -> complete (scenario=fluid_overload, risk=LOW, attempts=1)
  user_25 -> complete (scenario=cardiac_stress, risk=MODERATE, attempts=1)
  user_23 -> complete (scenario=stable, risk=LOW, attempts=1)
  user_24 -> complete (scenario=cardiac_stress, risk=HIGH, attempts=1)
  user_22 attempt 1 -> failed; retrying...
  user_22 -> failed (scenario=None, risk=None, attempts=2)
  user_21 -> complete (scenario=cardiac_stress, risk=HIGH, attempts=1)

Wrote C:\Users\sange\Downloads\M2K-HF-PULSE-repo\data\real_world_validation\20260812_162112\results.csv
Wrote C:\Users\sange\Downloads\M2K-HF-PULSE-repo\data\real_world_validation\20260812_162112\summary.md
