[INFO] [0(s)] Creating CSV File : /workspace/data/calibration_pilot/bp_check/B_on_bp_low//scenarioResults.csv
[INFO] [0(s)] Clearing engine
[INFO] [0(s)] Initializing engine
[INFO] [0(s)] Human Adult Whole Body
[INFO] [0(s)] Version : 4.3.1
[INFO] [0(s)] GitHash : 143ad0826
[INFO] [0(s)] Build Time : Fri Oct  2 14:51:32 2026
[INFO] [0(s)] Looking for files in .
[INFO] [0(s)] [Provided Patient] Name: "Synthetic_gu120_B_on_bp_low"
Sex: Female
Age {
  ScalarTime {
    Value: 60
    Unit: "yr"
  }
}
Weight {
  ScalarMass {
    Value: 68.9
    Unit: "kg"
  }
}
Height {
  ScalarLength {
    Value: 163
    Unit: "cm"
  }
}
DiastolicArterialPressureBaseline {
  ScalarPressure {
    Value: 60
    Unit: "mmHg"
  }
}
SystolicArterialPressureBaseline {
  ScalarPressure {
    Value: 90
    Unit: "mmHg"
  }
}

[INFO] [0(s)] Patient ideal body weight computed and set to 55.0984 kg.
[WARN] [0(s)] Patient Body Mass Index (BMI) of 25.9325 kg/m^2 is overweight. No guarantees of model validity.
[INFO] [0(s)] No patient body fat fraction set. Using the standard value of 0.28.
[INFO] [0(s)] Patient lean body mass computed and set to 49.608 kg.
[INFO] [0(s)] Patient body density computed and set to 1.03452 g/cm^3.
[INFO] [0(s)] No patient heart rate baseline set. Using the standard value of 72 bpm.
[INFO] [0(s)] No patient heart rate maximum set. Using a computed value of 166 bpm.
[INFO] [0(s)] No patient heart rate minimum set. Using a default value of 0.001 bpm.
[INFO] [0(s)] No patient blood volume baseline set. Using a computed value of 4919.12 mL.
[INFO] [0(s)] No patient respiration rate baseline set. Using the standard value of 12 bpm.
[INFO] [0(s)] No patient right lung ratio set. Using the standard value of 0.525.
[INFO] [0(s)] No patient total lung capacity set. Using a computed value of 4.40787 L.
[INFO] [0(s)] No patient functional residual capacity set. Using a computed value of 1.65295 L.
[INFO] [0(s)] No patient residual volume set. Using a computed value of 0.881575 L.
[INFO] [0(s)] Patient tidal volume computed and set to 0.385689 L.
[INFO] [0(s)] Patient vital capacity computed and set to 3.5263 L.
[INFO] [0(s)] Patient expiratory reserve volume computed and set to 0.771378 L.
[INFO] [0(s)] Patient inspiratory reserve volume computed and set to 2.36923 L.
[INFO] [0(s)] Patient inspiratory capacity computed and set to 2.75492 L.
[INFO] [0(s)] No patient alveoli surface area set. Using a computed value of 50.0083 m^2.
[INFO] [0(s)] No patient skin surface area set. Using a computed value of 1.74357 m^2.
[INFO] [0(s)] No patient basal metabolic rate set. Using a computed value of 1329.89 kcal/day.
[INFO] [0(s)] [Patient] 
{
 "Name": "Synthetic_gu120_B_on_bp_low",
 "Sex": "Female",
 "Age": {
  "ScalarTime": {
   "Value": 60,
   "Unit": "yr"
  }
 },
 "Weight": {
  "ScalarMass": {
   "Value": 68.9,
   "Unit": "kg"
  }
 },
 "Height": {
  "ScalarLength": {
   "Value": 163,
   "Unit": "cm"
  }
 },
 "BodyDensity": {
  "ScalarMassPerVolume": {
   "Value": 1.0345169360500654,
   "Unit": "g/cm^3"
  }
 },
 "BodyFatFraction": {
  "Scalar0To1": {
   "Value": 0.28
  }
 },
 "BodyMassIndex": {
  "Value": 25.93247769957469
 },
 "LeanBodyMass": {
  "ScalarMass": {
   "Value": 49.608000000000004,
   "Unit": "kg"
  }
 },
 "IdealBodyWeight": {
  "ScalarMass": {
   "Value": 55.098425196850371,
   "Unit": "kg"
  }
 },
 "AlveoliSurfaceArea": {
  "ScalarArea": {
   "Value": 50.008295154353668,
   "Unit": "m^2"
  }
 },
 "RightLungRatio": {
  "Scalar0To1": {
   "Value": 0.525
  }
 },
 "SkinSurfaceArea": {
  "ScalarArea": {
   "Value": 1.7435719168648647,
   "Unit": "m^2"
  }
 },
 "BasalMetabolicRate": {
  "ScalarPower": {
   "Value": 1329.8853000000001,
   "Unit": "kcal/day"
  }
 },
 "BloodVolumeBaseline": {
  "ScalarVolume": {
   "Value": 4919.1203238256312,
   "Unit": "mL"
  }
 },
 "DiastolicArterialPressureBaseline": {
  "ScalarPressure": {
   "Value": 60,
   "Unit": "mmHg"
  }
 },
 "HeartRateBaseline": {
  "ScalarFrequency": {
   "Value": 72,
   "Unit": "1/min"
  }
 },
 "MeanArterialPressureBaseline": {
  "ScalarPressure": {
   "Value": 70,
   "Unit": "mmHg"
  }
 },
 "PulsePressureBaseline": {
  "ScalarPressure": {
   "Value": 30,
   "Unit": "mmHg"
  }
 },
 "RespirationRateBaseline": {
  "ScalarFrequency": {
   "Value": 12,
   "Unit": "1/min"
  }
 },
 "SystolicArterialPressureBaseline": {
  "ScalarPressure": {
   "Value": 90,
   "Unit": "mmHg"
  }
 },
 "TidalVolumeBaseline": {
  "ScalarVolume": {
   "Value": 0.38568897637795274,
   "Unit": "L"
  }
 },
 "HeartRateMaximum": {
  "ScalarFrequency": {
   "Value": 166,
   "Unit": "1/min"
  }
 },
 "HeartRateMinimum": {
  "ScalarFrequency": {
   "Value": 0.001,
   "Unit": "1/min"
  }
 },
 "ExpiratoryReserveVolume": {
  "ScalarVolume": {
   "Value": 0.77137795275590515,
   "Unit": "L"
  }
 },
 "FunctionalResidualCapacity": {
  "ScalarVolume": {
   "Value": 1.6529527559055111,
   "Unit": "L"
  }
 },
 "InspiratoryCapacity": {
  "ScalarVolume": {
   "Value": 2.754921259842519,
   "Unit": "L"
  }
 },
 "InspiratoryReserveVolume": {
  "ScalarVolume": {
   "Value": 2.3692322834645663,
   "Unit": "L"
  }
 },
 "ResidualVolume": {
  "ScalarVolume": {
   "Value": 0.8815748031496059,
   "Unit": "L"
  }
 },
 "TotalLungCapacity": {
  "ScalarVolume": {
   "Value": 4.40787401574803,
   "Unit": "L"
  }
 },
 "VitalCapacity": {
  "ScalarVolume": {
   "Value": 3.526299212598424,
   "Unit": "L"
  }
 }
}

[INFO] [0(s)] Resetting Substances
[INFO] [0(s)] Reading substance files from .
[INFO] [0(s)] Initializing Configuration
[INFO] [0(s)] Merging OnDisk Configuration
[INFO] [0(s)] Creating Circuits and Compartments
[INFO] [0(s)] Setting Up Cardiovascular
[INFO] [0(s)] Setting Up Renal
[INFO] [0(s)] Setting Up Tissue
[INFO] [0(s)] Setting Up Gastrointestinal
[INFO] [0(s)] Setting Up ECMO
[INFO] [0(s)] Setting Up External Temperature
[INFO] [0(s)] Setting Up Internal Temperature
[INFO] [0(s)] Setting Up Respiratory
[INFO] [0(s)] Setting Up Anesthesia Machine
[INFO] [0(s)] Setting Up BagValveMask
[INFO] [0(s)] Setting Up Inhaler
[INFO] [0(s)] Setting Up MechanicalVentilation
[INFO] [0(s)] Setting Up MechanicalVentilator
[INFO] [0(s)] Setting Up Nasal Cannula
[INFO] [0(s)] Setting Up NonRebreather Mask
[INFO] [0(s)] Setting Up Simple Mask
[INFO] [0(s)] Initializing Gas Substances
[INFO] [0(s)] Initializing Liquid Substances
[INFO] [0(s)] Initializing Models
[INFO] [0(s)] Tuning to patient parameters : HeartRate(bpm):72 Systolic(mmHg):90 Diastolic(mmHg):60
[INFO] [0(s)] We are stable at 78.02
[INFO] [0(s)] Tuning paths, Current values : HeartRate(bpm):72 Systolic(mmHg):88.0697 Diastolic(mmHg):73.9185 Cardiac Output(mL/min):4375.04 Mean CVP(mmHg):3.30862 MAP(mmHg):81.577 BloodVolume(mL): 4895.34
[INFO] [0(s)] We are stable at 113.3
[INFO] [0(s)] Tuning paths, Current values : HeartRate(bpm):72 Systolic(mmHg):91.9538 Diastolic(mmHg):69.6212 Cardiac Output(mL/min):4373.62 Mean CVP(mmHg):3.31056 MAP(mmHg):81.5357 BloodVolume(mL): 4895.63
[INFO] [0(s)] We are stable at 182.18
[INFO] [0(s)] Tuning paths, Current values : HeartRate(bpm):72 Systolic(mmHg):88.8975 Diastolic(mmHg):65.0235 Cardiac Output(mL/min):4688.24 Mean CVP(mmHg):3.5372 MAP(mmHg):77.8782 BloodVolume(mL): 4896.34
[INFO] [0(s)] We are stable at 218.3
[INFO] [0(s)] Tuning paths, Current values : HeartRate(bpm):72 Systolic(mmHg):90.9051 Diastolic(mmHg):62.6604 Cardiac Output(mL/min):4687.32 Mean CVP(mmHg):3.53796 MAP(mmHg):77.8541 BloodVolume(mL): 4896.72
[INFO] [0(s)] We are stable at 261.14
[INFO] [0(s)] Tuning paths, Current values : HeartRate(bpm):72 Systolic(mmHg):89.9791 Diastolic(mmHg):61.2365 Cardiac Output(mL/min):4777.9 Mean CVP(mmHg):3.60445 MAP(mmHg):76.7259 BloodVolume(mL): 4897.2
[INFO] [0(s)] We are stable at 277.94
[INFO] [0(s)] Tuning paths, Current values : HeartRate(bpm):72 Systolic(mmHg):90.3307 Diastolic(mmHg):60.881 Cardiac Output(mL/min):4779.92 Mean CVP(mmHg):3.60538 MAP(mmHg):76.7473 BloodVolume(mL): 4897.39
[INFO] [0(s)] We are stable at 305.66
[INFO] [0(s)] Successfully tuned circuit (No Tissues). Final values : HeartRate(bpm):72 Systolic(mmHg):89.9977 Diastolic(mmHg):60.3892 Cardiac Output(mL/min):4808.71 Mean CVP(mmHg):3.62744 MAP(mmHg):76.3499 BloodVolume(mL): 4897.7
[INFO] [0(s)] Tuning Tissue resistances at 305.68s
[INFO] [0(s)]   Initial BoneT2ToBoneT1 Flow : -0.00179868(mL/s)
[INFO] [0(s)]   Initial BoneT2ToBoneT1 Resistance : 2194.45(mmHg s/mL)
[INFO] [0(s)]   Initial BrainT2ToBrainT1 Flow : -3.16678e-06(mL/s)
[INFO] [0(s)]   Initial BrainT2ToBrainT1 Resistance : 15384.6(mmHg s/mL)
[INFO] [0(s)]   Initial FatT2ToFatT1 Flow : -0.00385111(mL/s)
[INFO] [0(s)]   Initial FatT2ToFatT1 Resistance : 1036.7(mmHg s/mL)
[INFO] [0(s)]   Initial GutT2ToGutT1 Flow : -0.000217469(mL/s)
[INFO] [0(s)]   Initial GutT2ToGutT1 Resistance : 17829.9(mmHg s/mL)
[INFO] [0(s)]   Initial LiverT2ToLiverT1 Flow : -0.000301583(mL/s)
[INFO] [0(s)]   Initial LiverT2ToLiverT1 Resistance : 12226.2(mmHg s/mL)
[INFO] [0(s)]   Initial LeftKidneyT2ToLeftKidneyT1 Flow : 5.9169e-05(mL/s)
[INFO] [0(s)]   Initial LeftKidneyT2ToLeftKidneyT1 Resistance : 124485(mmHg s/mL)
[INFO] [0(s)]   Initial RightKidneyT2ToRightKidneyT1 Flow : 5.9169e-05(mL/s)
[INFO] [0(s)]   Initial RightKidneyT2ToRightKidneyT1 Resistance : 124485(mmHg s/mL)
[INFO] [0(s)]   Initial LeftLungT2ToLeftLungT1 Flow : 1.98155e-05(mL/s)
[INFO] [0(s)]   Initial LeftLungT2ToLeftLungT1 Resistance : 85798(mmHg s/mL)
[INFO] [0(s)]   Initial MuscleT2ToMuscleT1 Flow : -0.00592188(mL/s)
[INFO] [0(s)]   Initial MuscleT2ToMuscleT1 Resistance : 978.097(mmHg s/mL)
[INFO] [0(s)]   Initial MyocardiumT2ToMyocardiumT1 Flow : -4.27143e-05(mL/s)
[INFO] [0(s)]   Initial MyocardiumT2ToMyocardiumT1 Resistance : 68466.8(mmHg s/mL)
[INFO] [0(s)]   Initial RightLungT2ToRightLungT1 Flow : 2.11559e-05(mL/s)
[INFO] [0(s)]   Initial RightLungT2ToRightLungT1 Resistance : 77626.7(mmHg s/mL)
[INFO] [0(s)]   Initial SkinT2ToSkinT1 Flow : -1.37478e-05(mL/s)
[INFO] [0(s)]   Initial SkinT2ToSkinT1 Resistance : 8123.01(mmHg s/mL)
[INFO] [0(s)]   Initial SpleenT2ToSpleenT1 Flow : -2.36212e-05(mL/s)
[INFO] [0(s)]   Initial SpleenT2ToSpleenT1 Resistance : 131667(mmHg s/mL)
[INFO] [0(s)] Tuning 11/13 paths at 325.7s
[INFO] [0(s)] Tuning 9/13 paths at 345.72s
[INFO] [0(s)] Tuning 8/13 paths at 365.74s
[INFO] [0(s)] Tuning 8/13 paths at 385.76s
[INFO] [0(s)] Tuning 4/13 paths at 405.78s
[INFO] [0(s)] Tuning 4/13 paths at 425.8s
[INFO] [0(s)] Tuning 1/13 paths at 445.82s
[INFO] [0(s)] Tuning 0/13 paths at 465.84s
[INFO] [0(s)] Finalizing CV Circuit...
[INFO] [0(s)] Successfully tuned tissue circuit at 495.86s
[INFO] [0(s)]   Final BoneT2ToBoneT1 Resistance : 274.306(mmHg s/mL)
[INFO] [0(s)]   Final BoneT2ToBoneT1 Flow : -0.000288898(mL/s)
[INFO] [0(s)]   Final BrainT2ToBrainT1 Resistance : 961.538(mmHg s/mL)
[INFO] [0(s)]   Final BrainT2ToBrainT1 Flow : -3.12049e-05(mL/s)
[INFO] [0(s)]   Final FatT2ToFatT1 Resistance : 518.35(mmHg s/mL)
[INFO] [0(s)]   Final FatT2ToFatT1 Flow : -9.02517e-05(mL/s)
[INFO] [0(s)]   Final GutT2ToGutT1 Resistance : 1114.37(mmHg s/mL)
[INFO] [0(s)]   Final GutT2ToGutT1 Flow : -2.67217e-05(mL/s)
[INFO] [0(s)]   Final LiverT2ToLiverT1 Resistance : 191.035(mmHg s/mL)
[INFO] [0(s)]   Final LiverT2ToLiverT1 Flow : -1.65769e-05(mL/s)
[INFO] [0(s)]   Final LeftKidneyT2ToLeftKidneyT1 Resistance : 124485(mmHg s/mL)
[INFO] [0(s)]   Final LeftKidneyT2ToLeftKidneyT1 Flow : 7.93802e-05(mL/s)
[INFO] [0(s)]   Final RightKidneyT2ToRightKidneyT1 Resistance : 124485(mmHg s/mL)
[INFO] [0(s)]   Final RightKidneyT2ToRightKidneyT1 Flow : 7.93802e-05(mL/s)
[INFO] [0(s)]   Final LeftLungT2ToLeftLungT1 Resistance : 5362.37(mmHg s/mL)
[INFO] [0(s)]   Final LeftLungT2ToLeftLungT1 Flow : -1.90155e-05(mL/s)
[INFO] [0(s)]   Final MuscleT2ToMuscleT1 Resistance : 489.048(mmHg s/mL)
[INFO] [0(s)]   Final MuscleT2ToMuscleT1 Flow : -7.74825e-05(mL/s)
[INFO] [0(s)]   Final MyocardiumT2ToMyocardiumT1 Resistance : 2139.59(mmHg s/mL)
[INFO] [0(s)]   Final MyocardiumT2ToMyocardiumT1 Flow : -3.25556e-05(mL/s)
[INFO] [0(s)]   Final RightLungT2ToRightLungT1 Resistance : 4851.67(mmHg s/mL)
[INFO] [0(s)]   Final RightLungT2ToRightLungT1 Flow : -2.03556e-05(mL/s)
[INFO] [0(s)]   Final SkinT2ToSkinT1 Resistance : 126.922(mmHg s/mL)
[INFO] [0(s)]   Final SkinT2ToSkinT1 Flow : 3.12351e-05(mL/s)
[INFO] [0(s)]   Final SpleenT2ToSpleenT1 Resistance : 1028.65(mmHg s/mL)
[INFO] [0(s)]   Final SpleenT2ToSpleenT1 Flow : -2.91274e-05(mL/s)
[INFO] [0(s)] Successfully tuned circuit with tissue resistances. Final values : HeartRate(bpm):72 Systolic(mmHg):90.0745 Diastolic(mmHg):60.4339 Cardiac Output(mL/min):4814.11 Mean CVP(mmHg):3.6292 MAP(mmHg):76.4116 BloodVolume(mL): 4897.64
[INFO] [0(s)] Cardiovascular Graph does not have cmpt Pericardium
[INFO] [0(s)] [Event Stabilizing 1]  Engine is stabilizing
[INFO] [10.02(s)] Converging System... it took 1.21s to simulate the past 10s
[INFO] [20.04(s)] Converging System... it took 1.4s to simulate the past 10s
[INFO] [30.06(s)] Converging System... it took 1.46s to simulate the past 10s
[INFO] [30.2(s)] 30.2s - Resetting the target for TidalVolume to 0.301873, the last target value was 0.322272
[INFO] [31.78(s)] 31.78s - Resetting the target for OxygenSaturation to 0.984083, the last target value was 0.986564
[INFO] [36.5(s)] 36.5s - Resetting the target for TidalVolume to 0.289359, the last target value was 0.301873
[INFO] [38.64(s)] 38.64s - Resetting the target for OxygenSaturation to 0.981622, the last target value was 0.984083
[INFO] [40.08(s)] Converging System... it took 1.33s to simulate the past 10s
[INFO] [42.12(s)] 42.12s - Resetting the target for TidalVolume to 0.284718, the last target value was 0.289359
[INFO] [47.08(s)] 47.08s - Resetting the target for OxygenSaturation to 0.979158, the last target value was 0.981622
[INFO] [50.1(s)] Converging System... it took 1.37s to simulate the past 10s
[INFO] [51.48(s)] 51.48s - Resetting the target for TidalVolume to 0.291499, the last target value was 0.284718
[INFO] [55.6(s)] 55.6s - Resetting the target for TidalVolume to 0.305661, the last target value was 0.291499
[INFO] [59.66(s)] 59.66s - Resetting the target for TidalVolume to 0.3307, the last target value was 0.305661
[INFO] [60.12(s)] Converging System... it took 1.18s to simulate the past 10s
[INFO] [63.8(s)] 63.8s - Resetting the target for TidalVolume to 0.36749, the last target value was 0.3307
[INFO] [68.16(s)] 68.16s - Resetting the target for TidalVolume to 0.409512, the last target value was 0.36749
[INFO] [70.14(s)] Converging System... it took 1.35s to simulate the past 10s
[INFO] [72.72(s)] 72.72s - Resetting the target for TidalVolume to 0.444433, the last target value was 0.409512
[INFO] [77.52(s)] 77.52s - Resetting the target for TidalVolume to 0.464297, the last target value was 0.444433
[INFO] [80.16(s)] Converging System... it took 1.67s to simulate the past 10s
[INFO] [82.5(s)] 82.5s - Resetting the target for TidalVolume to 0.467027, the last target value was 0.464297
[INFO] [87.64(s)] 87.64s - Resetting the target for TidalVolume to 0.456064, the last target value was 0.467027
[INFO] [90.18(s)] Converging System... it took 1.2s to simulate the past 10s
[INFO] [92.9(s)] 92.9s - Resetting the target for TidalVolume to 0.437364, the last target value was 0.456064
[INFO] [98.22(s)] 98.22s - Resetting the target for TidalVolume to 0.416563, the last target value was 0.437364
[INFO] [100.2(s)] Converging System... it took 1.36s to simulate the past 10s
[INFO] [103.6(s)] 103.6s - Resetting the target for TidalVolume to 0.397571, the last target value was 0.416563
[INFO] [108.92(s)] 108.92s - Resetting the target for TidalVolume to 0.382786, the last target value was 0.397571
[INFO] [110.22(s)] Converging System... it took 1.28s to simulate the past 10s
[INFO] [113.32(s)] 113.32s - Resetting the target for OxygenSaturation to 0.976706, the last target value was 0.979158
[INFO] [114.16(s)] 114.16s - Resetting the target for TidalVolume to 0.372896, the last target value was 0.382786
[INFO] [119.28(s)] 119.28s - Resetting the target for TidalVolume to 0.368022, the last target value was 0.372896
[INFO] [120.24(s)] Converging System... it took 1.17s to simulate the past 10s
[INFO] [121.62(s)] 121.62s - Resetting the target for SkinTemperature to 32.8954, the last target value was 32.9779
[INFO] [129.14(s)] 129.14s - Resetting the target for TidalVolume to 0.372259, the last target value was 0.368022
[INFO] [130.26(s)] Converging System... it took 1.41s to simulate the past 10s
[INFO] [133.92(s)] 133.92s - Resetting the target for TidalVolume to 0.380349, the last target value was 0.372259
[INFO] [138.7(s)] 138.7s - Resetting the target for TidalVolume to 0.390999, the last target value was 0.380349
[INFO] [140.28(s)] Converging System... it took 1.25s to simulate the past 10s
[INFO] [143.48(s)] 143.48s - Resetting the target for TidalVolume to 0.402813, the last target value was 0.390999
[INFO] [148.3(s)] 148.3s - Resetting the target for TidalVolume to 0.413705, the last target value was 0.402813
[INFO] [150.3(s)] Converging System... it took 1.28s to simulate the past 10s
[INFO] [153.16(s)] 153.16s - Resetting the target for TidalVolume to 0.421726, the last target value was 0.413705
[INFO] [158.1(s)] 158.1s - Resetting the target for TidalVolume to 0.425826, the last target value was 0.421726
[INFO] [160.32(s)] Converging System... it took 1.3s to simulate the past 10s
[INFO] [168.14(s)] 168.14s - Resetting the target for TidalVolume to 0.422544, the last target value was 0.425826
[INFO] [170.34(s)] Converging System... it took 1.31s to simulate the past 10s
[INFO] [173.22(s)] 173.22s - Resetting the target for TidalVolume to 0.417296, the last target value was 0.422544
[INFO] [178.32(s)] 178.32s - Resetting the target for TidalVolume to 0.411422, the last target value was 0.417296
[INFO] [180.36(s)] Converging System... it took 1.46s to simulate the past 10s
[INFO] [183.42(s)] 183.42s - Resetting the target for TidalVolume to 0.406061, the last target value was 0.411422
[INFO] [188.48(s)] 188.48s - Resetting the target for TidalVolume to 0.402017, the last target value was 0.406061
[INFO] [190.38(s)] Converging System... it took 1.16s to simulate the past 10s
[INFO] [193.52(s)] 193.52s - Resetting the target for TidalVolume to 0.399708, the last target value was 0.402017
[INFO] [200.4(s)] Converging System... it took 1.17s to simulate the past 10s
[INFO] [208.4(s)] 208.4s - Resetting the target for TidalVolume to 0.403345, the last target value was 0.399708
[INFO] [210.42(s)] Converging System... it took 1.26s to simulate the past 10s
[INFO] [213.32(s)] 213.32s - Resetting the target for TidalVolume to 0.407216, the last target value was 0.403345
[INFO] [218.24(s)] 218.24s - Resetting the target for TidalVolume to 0.411533, the last target value was 0.407216
[INFO] [220.44(s)] Converging System... it took 1.25s to simulate the past 10s
[INFO] [223.16(s)] 223.16s - Resetting the target for TidalVolume to 0.415605, the last target value was 0.411533
[INFO] [224.04(s)] 224.04s - Resetting the target for SkinTemperature to 32.8132, the last target value was 32.8954
[INFO] [228.1(s)] 228.1s - Resetting the target for TidalVolume to 0.418846, the last target value was 0.415605
[INFO] [230.46(s)] Converging System... it took 1.43s to simulate the past 10s
[INFO] [233.06(s)] 233.06s - Resetting the target for TidalVolume to 0.420864, the last target value was 0.418846
[INFO] [240.48(s)] Converging System... it took 1.19s to simulate the past 10s
[INFO] [248.06(s)] 248.06s - Resetting the target for TidalVolume to 0.419738, the last target value was 0.420864
[INFO] [250.5(s)] Converging System... it took 1.13s to simulate the past 10s
[INFO] [253.08(s)] 253.08s - Resetting the target for TidalVolume to 0.417988, the last target value was 0.419738
[INFO] [258.1(s)] 258.1s - Resetting the target for TidalVolume to 0.416255, the last target value was 0.417988
[INFO] [260.52(s)] Converging System... it took 1.12s to simulate the past 10s
[INFO] [263.12(s)] 263.12s - Resetting the target for TidalVolume to 0.414882, the last target value was 0.416255
[INFO] [270.54(s)] Converging System... it took 1.17s to simulate the past 10s
[INFO] [278.14(s)] We have passed required and optional convergence criteria.
[INFO] [278.14(s)] Convergence took 35.7s to simulate 278s to get engine to a steady state
[INFO] [278.14(s)] Initial Stabilization Homeostasis: Patient heart rate = 72(1/min)
[INFO] [278.14(s)] Initial Stabilization Homeostasis: Patient diastolic arterial pressure = 60.4526(mmHg)
[INFO] [278.14(s)] Initial Stabilization Homeostasis: Patient systolic arterial pressure = 90.0994(mmHg)
[INFO] [278.14(s)] Initial Stabilization Homeostasis: Patient mean arterial pressure = 76.4335(mmHg)
[INFO] [278.14(s)] Initial Stabilization Homeostasis: Patient tidal volume = 0.414723 L.
[INFO] [278.14(s)] Initial Stabilization Homeostasis: Patient inspiratory reserve volume = 2.3402 L.
[INFO] [278.14(s)] Activating Chemoreceptors
[INFO] [278.14(s)] [Condition]
{
 "PatientCondition": {
  "ChronicVentricularSystolicDysfunction": {
   "PatientCondition": {
    "Condition": {
     "Comment": ""
    }
   }
  }
 }
}

[INFO] [278.14(s)] Converging provided condition to a steady state
[INFO] [278.62(s)] [Event Antidiuresis 1]  Patient has Antidiuresis
[INFO] [279.1(s)] [Event IntracranialHypotension 1]  Patient has Intracranial Hypotension
[INFO] [288.16(s)] Converging System... it took 1.3s to simulate the past 10s
[INFO] [298.18(s)] Converging System... it took 1.12s to simulate the past 10s
[INFO] [304.68(s)] 26.54s - Resetting the target for LeftAfferentArterioleResistance to 2.38605, the last target value was 2.39672
[INFO] [304.68(s)] 26.54s - Resetting the target for RightAfferentArterioleResistance to 2.38605, the last target value was 2.39672
[INFO] [306.36(s)] 28.22s - Resetting the target for LeftAfferentArterioleResistance to 2.37566, the last target value was 2.38605
[INFO] [306.36(s)] 28.22s - Resetting the target for RightAfferentArterioleResistance to 2.37566, the last target value was 2.38605
[INFO] [308.04(s)] 29.9s - Resetting the target for LeftAfferentArterioleResistance to 2.36553, the last target value was 2.37566
[INFO] [308.04(s)] 29.9s - Resetting the target for RightAfferentArterioleResistance to 2.36553, the last target value was 2.37566
[INFO] [308.2(s)] Converging System... it took 1.15s to simulate the past 10s
[INFO] [309.72(s)] 31.58s - Resetting the target for LeftAfferentArterioleResistance to 2.35561, the last target value was 2.36553
[INFO] [309.72(s)] 31.58s - Resetting the target for RightAfferentArterioleResistance to 2.35561, the last target value was 2.36553
[INFO] [311.4(s)] 33.26s - Resetting the target for LeftAfferentArterioleResistance to 2.34588, the last target value was 2.35561
[INFO] [311.4(s)] 33.26s - Resetting the target for RightAfferentArterioleResistance to 2.34588, the last target value was 2.35561
[INFO] [312.96(s)] 34.82s - Resetting the target for TidalVolume to 0.415922, the last target value was 0.416981
[INFO] [313.08(s)] 34.94s - Resetting the target for LeftAfferentArterioleResistance to 2.33631, the last target value was 2.34588
[INFO] [313.08(s)] 34.94s - Resetting the target for RightAfferentArterioleResistance to 2.33631, the last target value was 2.34588
[INFO] [314.76(s)] 36.62s - Resetting the target for LeftAfferentArterioleResistance to 2.32689, the last target value was 2.33631
[INFO] [314.76(s)] 36.62s - Resetting the target for RightAfferentArterioleResistance to 2.32689, the last target value was 2.33631
[INFO] [316.44(s)] 38.3s - Resetting the target for LeftAfferentArterioleResistance to 2.3176, the last target value was 2.32689
[INFO] [316.44(s)] 38.3s - Resetting the target for RightAfferentArterioleResistance to 2.3176, the last target value was 2.32689
[INFO] [318.12(s)] 39.98s - Resetting the target for LeftAfferentArterioleResistance to 2.30842, the last target value was 2.3176
[INFO] [318.12(s)] 39.98s - Resetting the target for RightAfferentArterioleResistance to 2.30842, the last target value was 2.3176
[INFO] [318.22(s)] Converging System... it took 1.06s to simulate the past 10s
[INFO] [319.8(s)] 41.66s - Resetting the target for CardiacOutput to 3960.15, the last target value was 3805.95
[INFO] [319.8(s)] 41.66s - Resetting the target for LeftAfferentArterioleResistance to 2.29935, the last target value was 2.30842
[INFO] [319.8(s)] 41.66s - Resetting the target for RightAfferentArterioleResistance to 2.29935, the last target value was 2.30842
[INFO] [321.48(s)] 43.34s - Resetting the target for LeftAfferentArterioleResistance to 2.29036, the last target value was 2.29935
[INFO] [321.48(s)] 43.34s - Resetting the target for RightAfferentArterioleResistance to 2.29036, the last target value was 2.29935
[INFO] [322.98(s)] 44.84s - Resetting the target for TidalVolume to 0.414552, the last target value was 0.415922
[INFO] [323.16(s)] 45.02s - Resetting the target for LeftAfferentArterioleResistance to 2.28146, the last target value was 2.29036
[INFO] [323.16(s)] 45.02s - Resetting the target for RightAfferentArterioleResistance to 2.28146, the last target value was 2.29036
[INFO] [324.84(s)] 46.7s - Resetting the target for LeftAfferentArterioleResistance to 2.27264, the last target value was 2.28146
[INFO] [324.84(s)] 46.7s - Resetting the target for RightAfferentArterioleResistance to 2.27264, the last target value was 2.28146
[INFO] [326.52(s)] 48.38s - Resetting the target for LeftAfferentArterioleResistance to 2.26389, the last target value was 2.27264
[INFO] [326.52(s)] 48.38s - Resetting the target for RightAfferentArterioleResistance to 2.26389, the last target value was 2.27264
[INFO] [328.2(s)] 50.06s - Resetting the target for LeftAfferentArterioleResistance to 2.25521, the last target value was 2.26389
[INFO] [328.2(s)] 50.06s - Resetting the target for RightAfferentArterioleResistance to 2.25521, the last target value was 2.26389
[INFO] [328.24(s)] Converging System... it took 1.09s to simulate the past 10s
[INFO] [329.88(s)] 51.74s - Resetting the target for LeftAfferentArterioleResistance to 2.24659, the last target value was 2.25521
[INFO] [329.88(s)] 51.74s - Resetting the target for RightAfferentArterioleResistance to 2.24659, the last target value was 2.25521
[INFO] [331.56(s)] 53.42s - Resetting the target for LeftAfferentArterioleResistance to 2.23803, the last target value was 2.24659
[INFO] [331.56(s)] 53.42s - Resetting the target for RightAfferentArterioleResistance to 2.23803, the last target value was 2.24659
[INFO] [333.04(s)] 54.9s - Resetting the target for TidalVolume to 0.413492, the last target value was 0.414552
[INFO] [333.24(s)] 55.1s - Resetting the target for LeftAfferentArterioleResistance to 2.22952, the last target value was 2.23803
[INFO] [333.24(s)] 55.1s - Resetting the target for RightAfferentArterioleResistance to 2.22952, the last target value was 2.23803
[INFO] [334.92(s)] 56.78s - Resetting the target for LeftAfferentArterioleResistance to 2.22106, the last target value was 2.22952
[INFO] [334.92(s)] 56.78s - Resetting the target for RightAfferentArterioleResistance to 2.22106, the last target value was 2.22952
[INFO] [336.6(s)] 58.46s - Resetting the target for LeftAfferentArterioleResistance to 2.21266, the last target value was 2.22106
[INFO] [336.6(s)] 58.46s - Resetting the target for RightAfferentArterioleResistance to 2.21266, the last target value was 2.22106
[INFO] [338.26(s)] Converging System... it took 1.05s to simulate the past 10s
[INFO] [338.28(s)] 60.14s - Resetting the target for LeftAfferentArterioleResistance to 2.2043, the last target value was 2.21266
[INFO] [338.28(s)] 60.14s - Resetting the target for RightAfferentArterioleResistance to 2.2043, the last target value was 2.21266
[INFO] [348.28(s)] Converging System... it took 1.07s to simulate the past 10s
[INFO] [351.98(s)] 73.84s - Resetting the target for OxygenSaturation to 0.972388, the last target value was 0.974827
[INFO] [358.3(s)] Converging System... it took 1.1s to simulate the past 10s
[INFO] [367(s)] We have passed required and optional convergence criteria.
[INFO] [367(s)] Convergence took 9.89s to simulate 88.9s to get engine to a steady state
[INFO] [367(s)] Secondary Stabilization Homeostasis: Patient heart rate = 72.128(1/min)
[INFO] [367(s)] Secondary Stabilization Homeostasis: Patient diastolic arterial pressure = 51.2679(mmHg)
[INFO] [367(s)] Secondary Stabilization Homeostasis: Patient systolic arterial pressure = 77.0125(mmHg)
[INFO] [367(s)] Secondary Stabilization Homeostasis: Patient mean arterial pressure = 63.6764(mmHg)
[INFO] [367(s)] Secondary Stabilization Homeostasis: Patient tidal volume = 0.413589 L.
[INFO] [367(s)] Secondary Stabilization Homeostasis: Patient inspiratory reserve volume = 2.34133 L.
[INFO] [367(s)] Activating Baroreceptors
[INFO] [367(s)] [Event Stabilizing 0]  Engine completed stabilizing
[INFO] [0(s)] Starting Patient heart rate = 72.128(1/min)
[INFO] [0(s)] Starting Patient diastolic arterial pressure = 51.2679(mmHg)
[INFO] [0(s)] Starting Patient systolic arterial pressure = 77.0125(mmHg)
[INFO] [0(s)] Starting Patient mean arterial pressure = 63.6764(mmHg)
[INFO] [0(s)] Starting Patient tidal volume = 0.413589 L.
[INFO] [0(s)] Starting Patient inspiratory reserve volume = 2.34133 L.
[INFO] [0(s)] Executing Scenario
[INFO] [0(s)] [Action]
{
 "AdvanceTime": {
  "Action": {
   "Comment": ""
  },
  "Time": {
   "ScalarTime": {
    "Value": 60,
    "Unit": "s",
    "ReadOnly": false
   }
  }
 }
}

[INFO] [60(s)] Current Time is 60s, it took 9.879s to simulate the past 60s
[INFO] [60(s)] [Action]
{
 "AdvanceTime": {
  "Action": {
   "Comment": ""
  },
  "Time": {
   "ScalarTime": {
    "Value": 3,
    "Unit": "min",
    "ReadOnly": false
   }
  }
 }
}

[INFO] [120(s)] Current Time is 120s, it took 9.329s to simulate the past 60s
[INFO] [180(s)] Current Time is 180s, it took 9.792s to simulate the past 60s
[INFO] [240(s)] Current Time is 240s, it took 9.719s to simulate the past 60s
[INFO] [240(s)] It took 38.721s to run this simulation
[INFO] [240(s)] [Final SimTime] 240(s)
[INFO] [240(s)] [Expected Final SimTime] 240(s)
)
