[INFO] [0(s)] Creating CSV File : /workspace/data/calibration_pilot/bp_check/B_on_bp_high//scenarioResults.csv
[INFO] [0(s)] Clearing engine
[INFO] [0(s)] Initializing engine
[INFO] [0(s)] Human Adult Whole Body
[INFO] [0(s)] Version : 4.3.1
[INFO] [0(s)] GitHash : 143ad0826
[INFO] [0(s)] Build Time : Fri Oct  2 14:53:09 2026
[INFO] [0(s)] Looking for files in .
[INFO] [0(s)] [Provided Patient] Name: "Synthetic_gu120_B_on_bp_high"
Sex: Female
Age {
  ScalarTime {
    Value: 60
    Unit: "yr"
  }
}
Weight {
  ScalarMass {
    Value: 68.9
    Unit: "kg"
  }
}
Height {
  ScalarLength {
    Value: 163
    Unit: "cm"
  }
}
DiastolicArterialPressureBaseline {
  ScalarPressure {
    Value: 80
    Unit: "mmHg"
  }
}
SystolicArterialPressureBaseline {
  ScalarPressure {
    Value: 120
    Unit: "mmHg"
  }
}

[INFO] [0(s)] Patient ideal body weight computed and set to 55.0984 kg.
[WARN] [0(s)] Patient Body Mass Index (BMI) of 25.9325 kg/m^2 is overweight. No guarantees of model validity.
[INFO] [0(s)] No patient body fat fraction set. Using the standard value of 0.28.
[INFO] [0(s)] Patient lean body mass computed and set to 49.608 kg.
[INFO] [0(s)] Patient body density computed and set to 1.03452 g/cm^3.
[INFO] [0(s)] No patient heart rate baseline set. Using the standard value of 72 bpm.
[INFO] [0(s)] No patient heart rate maximum set. Using a computed value of 166 bpm.
[INFO] [0(s)] No patient heart rate minimum set. Using a default value of 0.001 bpm.
[INFO] [0(s)] No patient blood volume baseline set. Using a computed value of 4919.12 mL.
[INFO] [0(s)] No patient respiration rate baseline set. Using the standard value of 12 bpm.
[INFO] [0(s)] No patient right lung ratio set. Using the standard value of 0.525.
[INFO] [0(s)] No patient total lung capacity set. Using a computed value of 4.40787 L.
[INFO] [0(s)] No patient functional residual capacity set. Using a computed value of 1.65295 L.
[INFO] [0(s)] No patient residual volume set. Using a computed value of 0.881575 L.
[INFO] [0(s)] Patient tidal volume computed and set to 0.385689 L.
[INFO] [0(s)] Patient vital capacity computed and set to 3.5263 L.
[INFO] [0(s)] Patient expiratory reserve volume computed and set to 0.771378 L.
[INFO] [0(s)] Patient inspiratory reserve volume computed and set to 2.36923 L.
[INFO] [0(s)] Patient inspiratory capacity computed and set to 2.75492 L.
[INFO] [0(s)] No patient alveoli surface area set. Using a computed value of 50.0083 m^2.
[INFO] [0(s)] No patient skin surface area set. Using a computed value of 1.74357 m^2.
[INFO] [0(s)] No patient basal metabolic rate set. Using a computed value of 1329.89 kcal/day.
[INFO] [0(s)] [Patient] 
{
 "Name": "Synthetic_gu120_B_on_bp_high",
 "Sex": "Female",
 "Age": {
  "ScalarTime": {
   "Value": 60,
   "Unit": "yr"
  }
 },
 "Weight": {
  "ScalarMass": {
   "Value": 68.9,
   "Unit": "kg"
  }
 },
 "Height": {
  "ScalarLength": {
   "Value": 163,
   "Unit": "cm"
  }
 },
 "BodyDensity": {
  "ScalarMassPerVolume": {
   "Value": 1.0345169360500654,
   "Unit": "g/cm^3"
  }
 },
 "BodyFatFraction": {
  "Scalar0To1": {
   "Value": 0.28
  }
 },
 "BodyMassIndex": {
  "Value": 25.93247769957469
 },
 "LeanBodyMass": {
  "ScalarMass": {
   "Value": 49.608000000000004,
   "Unit": "kg"
  }
 },
 "IdealBodyWeight": {
  "ScalarMass": {
   "Value": 55.098425196850371,
   "Unit": "kg"
  }
 },
 "AlveoliSurfaceArea": {
  "ScalarArea": {
   "Value": 50.008295154353668,
   "Unit": "m^2"
  }
 },
 "RightLungRatio": {
  "Scalar0To1": {
   "Value": 0.525
  }
 },
 "SkinSurfaceArea": {
  "ScalarArea": {
   "Value": 1.7435719168648647,
   "Unit": "m^2"
  }
 },
 "BasalMetabolicRate": {
  "ScalarPower": {
   "Value": 1329.8853000000001,
   "Unit": "kcal/day"
  }
 },
 "BloodVolumeBaseline": {
  "ScalarVolume": {
   "Value": 4919.1203238256312,
   "Unit": "mL"
  }
 },
 "DiastolicArterialPressureBaseline": {
  "ScalarPressure": {
   "Value": 80,
   "Unit": "mmHg"
  }
 },
 "HeartRateBaseline": {
  "ScalarFrequency": {
   "Value": 72,
   "Unit": "1/min"
  }
 },
 "MeanArterialPressureBaseline": {
  "ScalarPressure": {
   "Value": 93.333333333333329,
   "Unit": "mmHg"
  }
 },
 "PulsePressureBaseline": {
  "ScalarPressure": {
   "Value": 40,
   "Unit": "mmHg"
  }
 },
 "RespirationRateBaseline": {
  "ScalarFrequency": {
   "Value": 12,
   "Unit": "1/min"
  }
 },
 "SystolicArterialPressureBaseline": {
  "ScalarPressure": {
   "Value": 120,
   "Unit": "mmHg"
  }
 },
 "TidalVolumeBaseline": {
  "ScalarVolume": {
   "Value": 0.38568897637795274,
   "Unit": "L"
  }
 },
 "HeartRateMaximum": {
  "ScalarFrequency": {
   "Value": 166,
   "Unit": "1/min"
  }
 },
 "HeartRateMinimum": {
  "ScalarFrequency": {
   "Value": 0.001,
   "Unit": "1/min"
  }
 },
 "ExpiratoryReserveVolume": {
  "ScalarVolume": {
   "Value": 0.77137795275590515,
   "Unit": "L"
  }
 },
 "FunctionalResidualCapacity": {
  "ScalarVolume": {
   "Value": 1.6529527559055111,
   "Unit": "L"
  }
 },
 "InspiratoryCapacity": {
  "ScalarVolume": {
   "Value": 2.754921259842519,
   "Unit": "L"
  }
 },
 "InspiratoryReserveVolume": {
  "ScalarVolume": {
   "Value": 2.3692322834645663,
   "Unit": "L"
  }
 },
 "ResidualVolume": {
  "ScalarVolume": {
   "Value": 0.8815748031496059,
   "Unit": "L"
  }
 },
 "TotalLungCapacity": {
  "ScalarVolume": {
   "Value": 4.40787401574803,
   "Unit": "L"
  }
 },
 "VitalCapacity": {
  "ScalarVolume": {
   "Value": 3.526299212598424,
   "Unit": "L"
  }
 }
}

[INFO] [0(s)] Resetting Substances
[INFO] [0(s)] Reading substance files from .
[INFO] [0(s)] Initializing Configuration
[INFO] [0(s)] Merging OnDisk Configuration
[INFO] [0(s)] Creating Circuits and Compartments
[INFO] [0(s)] Setting Up Cardiovascular
[INFO] [0(s)] Setting Up Renal
[INFO] [0(s)] Setting Up Tissue
[INFO] [0(s)] Setting Up Gastrointestinal
[INFO] [0(s)] Setting Up ECMO
[INFO] [0(s)] Setting Up External Temperature
[INFO] [0(s)] Setting Up Internal Temperature
[INFO] [0(s)] Setting Up Respiratory
[INFO] [0(s)] Setting Up Anesthesia Machine
[INFO] [0(s)] Setting Up BagValveMask
[INFO] [0(s)] Setting Up Inhaler
[INFO] [0(s)] Setting Up MechanicalVentilation
[INFO] [0(s)] Setting Up MechanicalVentilator
[INFO] [0(s)] Setting Up Nasal Cannula
[INFO] [0(s)] Setting Up NonRebreather Mask
[INFO] [0(s)] Setting Up Simple Mask
[INFO] [0(s)] Initializing Gas Substances
[INFO] [0(s)] Initializing Liquid Substances
[INFO] [0(s)] Initializing Models
[INFO] [0(s)] Tuning to patient parameters : HeartRate(bpm):72 Systolic(mmHg):120 Diastolic(mmHg):80
[INFO] [0(s)] We are stable at 76.34
[INFO] [0(s)] Tuning paths, Current values : HeartRate(bpm):72 Systolic(mmHg):119.394 Diastolic(mmHg):99.4328 Cardiac Output(mL/min):4652.65 Mean CVP(mmHg):4.3657 MAP(mmHg):109.9 BloodVolume(mL): 4894.75
[INFO] [0(s)] We are stable at 109.94
[INFO] [0(s)] Tuning paths, Current values : HeartRate(bpm):72 Systolic(mmHg):125.68 Diastolic(mmHg):91.9731 Cardiac Output(mL/min):4646.94 Mean CVP(mmHg):4.36608 MAP(mmHg):109.751 BloodVolume(mL): 4894.74
[INFO] [0(s)] We are stable at 204.86
[INFO] [0(s)] Tuning paths, Current values : HeartRate(bpm):72 Systolic(mmHg):119.434 Diastolic(mmHg):83.2401 Cardiac Output(mL/min):5186.69 Mean CVP(mmHg):4.84643 MAP(mmHg):102.185 BloodVolume(mL): 4895.25
[INFO] [0(s)] We are stable at 224.18
[INFO] [0(s)] Tuning paths, Current values : HeartRate(bpm):72 Systolic(mmHg):121.079 Diastolic(mmHg):81.2976 Cardiac Output(mL/min):5183.85 Mean CVP(mmHg):4.84607 MAP(mmHg):102.13 BloodVolume(mL): 4895.36
[INFO] [0(s)] We are stable at 265.34
[INFO] [0(s)] Successfully tuned circuit (No Tissues). Final values : HeartRate(bpm):72 Systolic(mmHg):120.284 Diastolic(mmHg):80.0588 Cardiac Output(mL/min):5250.16 Mean CVP(mmHg):4.90556 MAP(mmHg):101.162 BloodVolume(mL): 4895.63
[INFO] [0(s)] Tuning Tissue resistances at 265.36s
[INFO] [0(s)]   Initial BoneT2ToBoneT1 Flow : -0.00246445(mL/s)
[INFO] [0(s)]   Initial BoneT2ToBoneT1 Resistance : 2194.45(mmHg s/mL)
[INFO] [0(s)]   Initial BrainT2ToBrainT1 Flow : -1.65002e-06(mL/s)
[INFO] [0(s)]   Initial BrainT2ToBrainT1 Resistance : 15384.6(mmHg s/mL)
[INFO] [0(s)]   Initial FatT2ToFatT1 Flow : -0.00528333(mL/s)
[INFO] [0(s)]   Initial FatT2ToFatT1 Resistance : 1036.7(mmHg s/mL)
[INFO] [0(s)]   Initial GutT2ToGutT1 Flow : -0.000316501(mL/s)
[INFO] [0(s)]   Initial GutT2ToGutT1 Resistance : 17829.9(mmHg s/mL)
[INFO] [0(s)]   Initial LiverT2ToLiverT1 Flow : -0.000403895(mL/s)
[INFO] [0(s)]   Initial LiverT2ToLiverT1 Resistance : 12226.2(mmHg s/mL)
[INFO] [0(s)]   Initial LeftKidneyT2ToLeftKidneyT1 Flow : 7.70511e-05(mL/s)
[INFO] [0(s)]   Initial LeftKidneyT2ToLeftKidneyT1 Resistance : 124485(mmHg s/mL)
[INFO] [0(s)]   Initial RightKidneyT2ToRightKidneyT1 Flow : 7.70511e-05(mL/s)
[INFO] [0(s)]   Initial RightKidneyT2ToRightKidneyT1 Resistance : 124485(mmHg s/mL)
[INFO] [0(s)]   Initial LeftLungT2ToLeftLungT1 Flow : 2.17709e-05(mL/s)
[INFO] [0(s)]   Initial LeftLungT2ToLeftLungT1 Resistance : 85798(mmHg s/mL)
[INFO] [0(s)]   Initial MuscleT2ToMuscleT1 Flow : -0.00803234(mL/s)
[INFO] [0(s)]   Initial MuscleT2ToMuscleT1 Resistance : 978.097(mmHg s/mL)
[INFO] [0(s)]   Initial MyocardiumT2ToMyocardiumT1 Flow : -5.90088e-05(mL/s)
[INFO] [0(s)]   Initial MyocardiumT2ToMyocardiumT1 Resistance : 68466.8(mmHg s/mL)
[INFO] [0(s)]   Initial RightLungT2ToRightLungT1 Flow : 2.29432e-05(mL/s)
[INFO] [0(s)]   Initial RightLungT2ToRightLungT1 Resistance : 77626.7(mmHg s/mL)
[INFO] [0(s)]   Initial SkinT2ToSkinT1 Flow : -1.44018e-05(mL/s)
[INFO] [0(s)]   Initial SkinT2ToSkinT1 Resistance : 8123.01(mmHg s/mL)
[INFO] [0(s)]   Initial SpleenT2ToSpleenT1 Flow : -3.51079e-05(mL/s)
[INFO] [0(s)]   Initial SpleenT2ToSpleenT1 Resistance : 131667(mmHg s/mL)
[INFO] [0(s)] Tuning 9/13 paths at 285.38s
[INFO] [0(s)] Tuning 8/13 paths at 305.4s
[INFO] [0(s)] Tuning 9/13 paths at 325.42s
[INFO] [0(s)] Tuning 7/13 paths at 345.44s
[INFO] [0(s)] Tuning 3/13 paths at 365.46s
[INFO] [0(s)] Tuning 1/13 paths at 385.48s
[INFO] [0(s)] Tuning 0/13 paths at 405.5s
[INFO] [0(s)] Finalizing CV Circuit...
[INFO] [0(s)] Successfully tuned tissue circuit at 435.52s
[INFO] [0(s)]   Final BoneT2ToBoneT1 Resistance : 548.612(mmHg s/mL)
[INFO] [0(s)]   Final BoneT2ToBoneT1 Flow : -0.000191852(mL/s)
[INFO] [0(s)]   Final BrainT2ToBrainT1 Resistance : 961.538(mmHg s/mL)
[INFO] [0(s)]   Final BrainT2ToBrainT1 Flow : -8.82285e-06(mL/s)
[INFO] [0(s)]   Final FatT2ToFatT1 Resistance : 518.35(mmHg s/mL)
[INFO] [0(s)]   Final FatT2ToFatT1 Flow : -9.39126e-05(mL/s)
[INFO] [0(s)]   Final GutT2ToGutT1 Resistance : 1114.37(mmHg s/mL)
[INFO] [0(s)]   Final GutT2ToGutT1 Flow : -1.3251e-06(mL/s)
[INFO] [0(s)]   Final LiverT2ToLiverT1 Resistance : 382.069(mmHg s/mL)
[INFO] [0(s)]   Final LiverT2ToLiverT1 Flow : 6.07974e-06(mL/s)
[INFO] [0(s)]   Final LeftKidneyT2ToLeftKidneyT1 Resistance : 124485(mmHg s/mL)
[INFO] [0(s)]   Final LeftKidneyT2ToLeftKidneyT1 Flow : 0.000117863(mL/s)
[INFO] [0(s)]   Final RightKidneyT2ToRightKidneyT1 Resistance : 124485(mmHg s/mL)
[INFO] [0(s)]   Final RightKidneyT2ToRightKidneyT1 Flow : 0.000117863(mL/s)
[INFO] [0(s)]   Final LeftLungT2ToLeftLungT1 Resistance : 10724.7(mmHg s/mL)
[INFO] [0(s)]   Final LeftLungT2ToLeftLungT1 Flow : 9.50888e-06(mL/s)
[INFO] [0(s)]   Final MuscleT2ToMuscleT1 Resistance : 978.097(mmHg s/mL)
[INFO] [0(s)]   Final MuscleT2ToMuscleT1 Flow : -3.78615e-05(mL/s)
[INFO] [0(s)]   Final MyocardiumT2ToMyocardiumT1 Resistance : 4279.17(mmHg s/mL)
[INFO] [0(s)]   Final MyocardiumT2ToMyocardiumT1 Flow : -2.57917e-06(mL/s)
[INFO] [0(s)]   Final RightLungT2ToRightLungT1 Resistance : 9703.34(mmHg s/mL)
[INFO] [0(s)]   Final RightLungT2ToRightLungT1 Flow : 9.24314e-06(mL/s)
[INFO] [0(s)]   Final SkinT2ToSkinT1 Resistance : 253.844(mmHg s/mL)
[INFO] [0(s)]   Final SkinT2ToSkinT1 Flow : 3.10452e-05(mL/s)
[INFO] [0(s)]   Final SpleenT2ToSpleenT1 Resistance : 2057.29(mmHg s/mL)
[INFO] [0(s)]   Final SpleenT2ToSpleenT1 Flow : -4.984e-07(mL/s)
[INFO] [0(s)] Successfully tuned circuit with tissue resistances. Final values : HeartRate(bpm):72 Systolic(mmHg):120.308 Diastolic(mmHg):80.0692 Cardiac Output(mL/min):5252.04 Mean CVP(mmHg):4.90577 MAP(mmHg):101.179 BloodVolume(mL): 4893.99
[INFO] [0(s)] Cardiovascular Graph does not have cmpt Pericardium
[INFO] [0(s)] [Event Stabilizing 1]  Engine is stabilizing
[INFO] [10.02(s)] Converging System... it took 1.23s to simulate the past 10s
[INFO] [20.04(s)] Converging System... it took 1.77s to simulate the past 10s
[INFO] [30.06(s)] Converging System... it took 1.71s to simulate the past 10s
[INFO] [30.18(s)] 30.18s - Resetting the target for TidalVolume to 0.301873, the last target value was 0.322272
[INFO] [31.8(s)] 31.8s - Resetting the target for OxygenSaturation to 0.982777, the last target value was 0.985258
[INFO] [36.2(s)] 36.2s - Resetting the target for TidalVolume to 0.291929, the last target value was 0.301873
[INFO] [40.04(s)] 40.04s - Resetting the target for OxygenSaturation to 0.980311, the last target value was 0.982777
[INFO] [40.08(s)] Converging System... it took 1.38s to simulate the past 10s
[INFO] [41.56(s)] 41.56s - Resetting the target for TidalVolume to 0.288879, the last target value was 0.291929
[INFO] [46.32(s)] 46.32s - Resetting the target for TidalVolume to 0.291394, the last target value was 0.288879
[INFO] [48.62(s)] 48.62s - Resetting the target for OxygenSaturation to 0.977853, the last target value was 0.980311
[INFO] [50.1(s)] Converging System... it took 1.38s to simulate the past 10s
[INFO] [50.66(s)] 50.66s - Resetting the target for TidalVolume to 0.300384, the last target value was 0.291394
[INFO] [54.82(s)] 54.82s - Resetting the target for TidalVolume to 0.318155, the last target value was 0.300384
[INFO] [58.96(s)] 58.96s - Resetting the target for TidalVolume to 0.346718, the last target value was 0.318155
[INFO] [60.12(s)] Converging System... it took 1.49s to simulate the past 10s
[INFO] [63.22(s)] 63.22s - Resetting the target for TidalVolume to 0.383836, the last target value was 0.346718
[INFO] [67.7(s)] 67.7s - Resetting the target for TidalVolume to 0.421135, the last target value was 0.383836
[INFO] [70.14(s)] Converging System... it took 1.14s to simulate the past 10s
[INFO] [72.38(s)] 72.38s - Resetting the target for TidalVolume to 0.449213, the last target value was 0.421135
[INFO] [77.24(s)] 77.24s - Resetting the target for TidalVolume to 0.462211, the last target value was 0.449213
[INFO] [80.16(s)] Converging System... it took 1.26s to simulate the past 10s
[INFO] [87.38(s)] 87.38s - Resetting the target for TidalVolume to 0.450612, the last target value was 0.462211
[INFO] [90.18(s)] Converging System... it took 1.24s to simulate the past 10s
[INFO] [92.6(s)] 92.6s - Resetting the target for TidalVolume to 0.433865, the last target value was 0.450612
[INFO] [97.9(s)] 97.9s - Resetting the target for TidalVolume to 0.41613, the last target value was 0.433865
[INFO] [100.2(s)] Converging System... it took 1.36s to simulate the past 10s
[INFO] [103.18(s)] 103.18s - Resetting the target for TidalVolume to 0.400436, the last target value was 0.41613
[INFO] [108.42(s)] 108.42s - Resetting the target for TidalVolume to 0.388381, the last target value was 0.400436
[INFO] [110.22(s)] Converging System... it took 1.25s to simulate the past 10s
[INFO] [113.6(s)] 113.6s - Resetting the target for TidalVolume to 0.380693, the last target value was 0.388381
[INFO] [118.68(s)] 118.68s - Resetting the target for TidalVolume to 0.377243, the last target value was 0.380693
[INFO] [120.14(s)] 120.14s - Resetting the target for OxygenSaturation to 0.975408, the last target value was 0.977853
[INFO] [120.24(s)] Converging System... it took 1.21s to simulate the past 10s
[INFO] [128.56(s)] 128.56s - Resetting the target for TidalVolume to 0.381704, the last target value was 0.377243
[INFO] [128.94(s)] 128.94s - Resetting the target for SkinTemperature to 32.8969, the last target value was 32.9794
[INFO] [130.26(s)] Converging System... it took 1.28s to simulate the past 10s
[INFO] [133.4(s)] 133.4s - Resetting the target for TidalVolume to 0.388314, the last target value was 0.381704
[INFO] [138.22(s)] 138.22s - Resetting the target for TidalVolume to 0.396675, the last target value was 0.388314
[INFO] [140.28(s)] Converging System... it took 1.33s to simulate the past 10s
[INFO] [143.06(s)] 143.06s - Resetting the target for TidalVolume to 0.405395, the last target value was 0.396675
[INFO] [147.92(s)] 147.92s - Resetting the target for TidalVolume to 0.413001, the last target value was 0.405395
[INFO] [150.3(s)] Converging System... it took 1.17s to simulate the past 10s
[INFO] [152.82(s)] 152.82s - Resetting the target for TidalVolume to 0.418436, the last target value was 0.413001
[INFO] [157.76(s)] 157.76s - Resetting the target for TidalVolume to 0.421573, the last target value was 0.418436
[INFO] [160.32(s)] Converging System... it took 1.12s to simulate the past 10s
[INFO] [170.34(s)] Converging System... it took 1.33s to simulate the past 10s
[INFO] [172.78(s)] We have passed required and optional convergence criteria.
[INFO] [172.78(s)] Convergence took 22.9s to simulate 173s to get engine to a steady state
[INFO] [172.78(s)] Initial Stabilization Homeostasis: Patient heart rate = 72(1/min)
[INFO] [172.78(s)] Initial Stabilization Homeostasis: Patient diastolic arterial pressure = 80.0555(mmHg)
[INFO] [172.78(s)] Initial Stabilization Homeostasis: Patient systolic arterial pressure = 120.248(mmHg)
[INFO] [172.78(s)] Initial Stabilization Homeostasis: Patient mean arterial pressure = 101.14(mmHg)
[INFO] [172.78(s)] Initial Stabilization Homeostasis: Patient tidal volume = 0.420976 L.
[INFO] [172.78(s)] Initial Stabilization Homeostasis: Patient inspiratory reserve volume = 2.33395 L.
[INFO] [172.78(s)] Activating Chemoreceptors
[INFO] [172.78(s)] [Condition]
{
 "PatientCondition": {
  "ChronicVentricularSystolicDysfunction": {
   "PatientCondition": {
    "Condition": {
     "Comment": ""
    }
   }
  }
 }
}

[INFO] [172.78(s)] Converging provided condition to a steady state
[INFO] [174.32(s)] [Event Antidiuresis 1]  Patient has Antidiuresis
[INFO] [182.8(s)] Converging System... it took 1.16s to simulate the past 10s
[INFO] [192.82(s)] Converging System... it took 1.2s to simulate the past 10s
[INFO] [198.7(s)] 25.92s - Resetting the target for LeftAfferentArterioleResistance to 2.34512, the last target value was 2.3524
[INFO] [198.7(s)] 25.92s - Resetting the target for RightAfferentArterioleResistance to 2.34512, the last target value was 2.3524
[INFO] [200.38(s)] 27.6s - Resetting the target for LeftAfferentArterioleResistance to 2.33803, the last target value was 2.34512
[INFO] [200.38(s)] 27.6s - Resetting the target for RightAfferentArterioleResistance to 2.33803, the last target value was 2.34512
[INFO] [202.06(s)] 29.28s - Resetting the target for LeftAfferentArterioleResistance to 2.33113, the last target value was 2.33803
[INFO] [202.06(s)] 29.28s - Resetting the target for RightAfferentArterioleResistance to 2.33113, the last target value was 2.33803
[INFO] [202.84(s)] Converging System... it took 1.21s to simulate the past 10s
[INFO] [203.02(s)] 30.24s - Resetting the target for TidalVolume to 0.411521, the last target value was 0.41269
[INFO] [203.74(s)] 30.96s - Resetting the target for LeftAfferentArterioleResistance to 2.32437, the last target value was 2.33113
[INFO] [203.74(s)] 30.96s - Resetting the target for RightAfferentArterioleResistance to 2.32437, the last target value was 2.33113
[INFO] [205.42(s)] 32.64s - Resetting the target for LeftAfferentArterioleResistance to 2.31773, the last target value was 2.32437
[INFO] [205.42(s)] 32.64s - Resetting the target for RightAfferentArterioleResistance to 2.31773, the last target value was 2.32437
[INFO] [207.1(s)] 34.32s - Resetting the target for LeftAfferentArterioleResistance to 2.31121, the last target value was 2.31773
[INFO] [207.1(s)] 34.32s - Resetting the target for RightAfferentArterioleResistance to 2.31121, the last target value was 2.31773
[INFO] [208.78(s)] 36s - Resetting the target for LeftAfferentArterioleResistance to 2.30478, the last target value was 2.31121
[INFO] [208.78(s)] 36s - Resetting the target for RightAfferentArterioleResistance to 2.30478, the last target value was 2.31121
[INFO] [210.46(s)] 37.68s - Resetting the target for LeftAfferentArterioleResistance to 2.29844, the last target value was 2.30478
[INFO] [210.46(s)] 37.68s - Resetting the target for RightAfferentArterioleResistance to 2.29844, the last target value was 2.30478
[INFO] [212.14(s)] 39.36s - Resetting the target for CardiacOutput to 4245.27, the last target value was 4081.48
[INFO] [212.14(s)] 39.36s - Resetting the target for LeftAfferentArterioleResistance to 2.29218, the last target value was 2.29844
[INFO] [212.14(s)] 39.36s - Resetting the target for RightAfferentArterioleResistance to 2.29218, the last target value was 2.29844
[INFO] [212.86(s)] Converging System... it took 1.2s to simulate the past 10s
[INFO] [213.16(s)] 40.38s - Resetting the target for TidalVolume to 0.410009, the last target value was 0.411521
[INFO] [213.82(s)] 41.04s - Resetting the target for LeftAfferentArterioleResistance to 2.28598, the last target value was 2.29218
[INFO] [213.82(s)] 41.04s - Resetting the target for RightAfferentArterioleResistance to 2.28598, the last target value was 2.29218
[INFO] [215.5(s)] 42.72s - Resetting the target for LeftAfferentArterioleResistance to 2.27984, the last target value was 2.28598
[INFO] [215.5(s)] 42.72s - Resetting the target for RightAfferentArterioleResistance to 2.27984, the last target value was 2.28598
[INFO] [217.18(s)] 44.4s - Resetting the target for LeftAfferentArterioleResistance to 2.27375, the last target value was 2.27984
[INFO] [217.18(s)] 44.4s - Resetting the target for RightAfferentArterioleResistance to 2.27375, the last target value was 2.27984
[INFO] [218.86(s)] 46.08s - Resetting the target for LeftAfferentArterioleResistance to 2.26772, the last target value was 2.27375
[INFO] [218.86(s)] 46.08s - Resetting the target for RightAfferentArterioleResistance to 2.26772, the last target value was 2.27375
[INFO] [220.54(s)] 47.76s - Resetting the target for LeftAfferentArterioleResistance to 2.26173, the last target value was 2.26772
[INFO] [220.54(s)] 47.76s - Resetting the target for RightAfferentArterioleResistance to 2.26173, the last target value was 2.26772
[INFO] [222.22(s)] 49.44s - Resetting the target for LeftAfferentArterioleResistance to 2.25578, the last target value was 2.26173
[INFO] [222.22(s)] 49.44s - Resetting the target for RightAfferentArterioleResistance to 2.25578, the last target value was 2.26173
[INFO] [222.88(s)] Converging System... it took 1.19s to simulate the past 10s
[INFO] [223.36(s)] 50.58s - Resetting the target for TidalVolume to 0.408938, the last target value was 0.410009
[INFO] [223.9(s)] 51.12s - Resetting the target for LeftAfferentArterioleResistance to 2.24987, the last target value was 2.25578
[INFO] [223.9(s)] 51.12s - Resetting the target for RightAfferentArterioleResistance to 2.24987, the last target value was 2.25578
[INFO] [225.58(s)] 52.8s - Resetting the target for LeftAfferentArterioleResistance to 2.244, the last target value was 2.24987
[INFO] [225.58(s)] 52.8s - Resetting the target for RightAfferentArterioleResistance to 2.244, the last target value was 2.24987
[INFO] [227.26(s)] 54.48s - Resetting the target for LeftAfferentArterioleResistance to 2.23817, the last target value was 2.244
[INFO] [227.26(s)] 54.48s - Resetting the target for RightAfferentArterioleResistance to 2.23817, the last target value was 2.244
[INFO] [228.94(s)] 56.16s - Resetting the target for LeftAfferentArterioleResistance to 2.23237, the last target value was 2.23817
[INFO] [228.94(s)] 56.16s - Resetting the target for RightAfferentArterioleResistance to 2.23237, the last target value was 2.23817
[INFO] [230.62(s)] 57.84s - Resetting the target for LeftAfferentArterioleResistance to 2.2266, the last target value was 2.23237
[INFO] [230.62(s)] 57.84s - Resetting the target for RightAfferentArterioleResistance to 2.2266, the last target value was 2.23237
[INFO] [232.3(s)] 59.52s - Resetting the target for LeftAfferentArterioleResistance to 2.22086, the last target value was 2.2266
[INFO] [232.3(s)] 59.52s - Resetting the target for RightAfferentArterioleResistance to 2.22086, the last target value was 2.2266
[INFO] [232.9(s)] Converging System... it took 1.2s to simulate the past 10s
[INFO] [233.98(s)] 61.2s - Resetting the target for LeftAfferentArterioleResistance to 2.21515, the last target value was 2.22086
[INFO] [233.98(s)] 61.2s - Resetting the target for RightAfferentArterioleResistance to 2.21515, the last target value was 2.22086
[INFO] [234.34(s)] 61.56s - Resetting the target for OxygenSaturation to 0.97288, the last target value was 0.975321
[INFO] [235.66(s)] 62.88s - Resetting the target for LeftAfferentArterioleResistance to 2.20947, the last target value was 2.21515
[INFO] [235.66(s)] 62.88s - Resetting the target for RightAfferentArterioleResistance to 2.20947, the last target value was 2.21515
[INFO] [237.34(s)] 64.56s - Resetting the target for LeftAfferentArterioleResistance to 2.20382, the last target value was 2.20947
[INFO] [237.34(s)] 64.56s - Resetting the target for RightAfferentArterioleResistance to 2.20382, the last target value was 2.20947
[INFO] [242.92(s)] Converging System... it took 1.21s to simulate the past 10s
[INFO] [245.74(s)] 72.96s - Resetting the target for SystolicArterialPressure to 101.225, the last target value was 97.3304
[INFO] [252.94(s)] Converging System... it took 1.15s to simulate the past 10s
[INFO] [259.02(s)] 86.24s - Resetting the target for TidalVolume to 0.410126, the last target value was 0.408938
[INFO] [261.16(s)] 88.38s - Resetting the target for OxygenSaturation to 0.970443, the last target value was 0.97288
[INFO] [262.96(s)] Converging System... it took 1.26s to simulate the past 10s
[INFO] [272.98(s)] Converging System... it took 1.2s to simulate the past 10s
[INFO] [274.22(s)] 101.44s - Resetting the target for TidalVolume to 0.411159, the last target value was 0.410126
[INFO] [280.06(s)] 107.28s - Resetting the target for SkinTemperature to 32.7517, the last target value was 32.8338
[INFO] [283(s)] Converging System... it took 1.16s to simulate the past 10s
[INFO] [293.02(s)] Converging System... it took 1.12s to simulate the past 10s
[INFO] [293.6(s)] 120.82s - Resetting the target for DiastolicArterialPressure to 66.6846, the last target value was 64.0515
[INFO] [296.32(s)] 123.54s - Resetting the target for OxygenSaturation to 0.968015, the last target value was 0.970443
[INFO] [303.04(s)] Converging System... it took 1.2s to simulate the past 10s
[INFO] [304.54(s)] 131.76s - Resetting the target for TidalVolume to 0.412274, the last target value was 0.411159
[INFO] [313.06(s)] Converging System... it took 1.22s to simulate the past 10s
[INFO] [314.6(s)] 141.82s - Resetting the target for TidalVolume to 0.41364, the last target value was 0.412274
[INFO] [323.08(s)] Converging System... it took 1.18s to simulate the past 10s
[INFO] [324.58(s)] 151.8s - Resetting the target for TidalVolume to 0.415835, the last target value was 0.41364
[INFO] [329.54(s)] 156.76s - Resetting the target for TidalVolume to 0.417238, the last target value was 0.415835
[INFO] [333.1(s)] Converging System... it took 1.22s to simulate the past 10s
[INFO] [334.48(s)] 161.7s - Resetting the target for TidalVolume to 0.418789, the last target value was 0.417238
[INFO] [339.38(s)] 166.6s - Resetting the target for TidalVolume to 0.420447, the last target value was 0.418789
[INFO] [343.12(s)] Converging System... it took 1.27s to simulate the past 10s
[INFO] [344.26(s)] 171.48s - Resetting the target for TidalVolume to 0.42217, the last target value was 0.420447
[INFO] [349.08(s)] 176.3s - Resetting the target for TidalVolume to 0.423929, the last target value was 0.42217
[INFO] [353.14(s)] Converging System... it took 1.11s to simulate the past 10s
[INFO] [353.9(s)] 181.12s - Resetting the target for TidalVolume to 0.425679, the last target value was 0.423929
[INFO] [358.7(s)] 185.92s - Resetting the target for TidalVolume to 0.427347, the last target value was 0.425679
[INFO] [363.16(s)] Converging System... it took 1.19s to simulate the past 10s
[INFO] [363.48(s)] 190.7s - Resetting the target for TidalVolume to 0.428934, the last target value was 0.427347
[INFO] [366.76(s)] 193.98s - Resetting the target for SkinTemperature to 32.6698, the last target value was 32.7517
[INFO] [368.24(s)] 195.46s - Resetting the target for TidalVolume to 0.430388, the last target value was 0.428934
[INFO] [372.98(s)] 200.2s - Resetting the target for TidalVolume to 0.431703, the last target value was 0.430388
[INFO] [373.18(s)] Converging System... it took 1.23s to simulate the past 10s
[INFO] [377.7(s)] 204.92s - Resetting the target for TidalVolume to 0.4329, the last target value was 0.431703
[INFO] [383.2(s)] Converging System... it took 1.11s to simulate the past 10s
[INFO] [387.1(s)] 214.32s - Resetting the target for TidalVolume to 0.434902, the last target value was 0.4329
[INFO] [393.22(s)] Converging System... it took 1.15s to simulate the past 10s
[INFO] [396.46(s)] 223.68s - Resetting the target for TidalVolume to 0.436408, the last target value was 0.434902
[INFO] [403.24(s)] Converging System... it took 1.21s to simulate the past 10s
[INFO] [405.78(s)] 233s - Resetting the target for TidalVolume to 0.437508, the last target value was 0.436408
[INFO] [413.26(s)] Converging System... it took 1.73s to simulate the past 10s
[INFO] [419.72(s)] 246.94s - Resetting the target for TidalVolume to 0.438622, the last target value was 0.437508
[INFO] [423.28(s)] Converging System... it took 1.3s to simulate the past 10s
[INFO] [433.3(s)] Converging System... it took 1.15s to simulate the past 10s
[INFO] [434.74(s)] We have passed required and optional convergence criteria.
[INFO] [434.74(s)] Convergence took 31.7s to simulate 262s to get engine to a steady state
[INFO] [434.74(s)] Secondary Stabilization Homeostasis: Patient heart rate = 72.3125(1/min)
[INFO] [434.74(s)] Secondary Stabilization Homeostasis: Patient diastolic arterial pressure = 67.1891(mmHg)
[INFO] [434.74(s)] Secondary Stabilization Homeostasis: Patient systolic arterial pressure = 101.386(mmHg)
[INFO] [434.74(s)] Secondary Stabilization Homeostasis: Patient mean arterial pressure = 83.5481(mmHg)
[INFO] [434.74(s)] Secondary Stabilization Homeostasis: Patient tidal volume = 0.439311 L.
[INFO] [434.74(s)] Secondary Stabilization Homeostasis: Patient inspiratory reserve volume = 2.31561 L.
[INFO] [434.74(s)] Activating Baroreceptors
[INFO] [434.74(s)] [Event Stabilizing 0]  Engine completed stabilizing
[INFO] [0(s)] Starting Patient heart rate = 72.3125(1/min)
[INFO] [0(s)] Starting Patient diastolic arterial pressure = 67.1891(mmHg)
[INFO] [0(s)] Starting Patient systolic arterial pressure = 101.386(mmHg)
[INFO] [0(s)] Starting Patient mean arterial pressure = 83.5481(mmHg)
[INFO] [0(s)] Starting Patient tidal volume = 0.439311 L.
[INFO] [0(s)] Starting Patient inspiratory reserve volume = 2.31561 L.
[INFO] [0(s)] Executing Scenario
[INFO] [0(s)] [Action]
{
 "AdvanceTime": {
  "Action": {
   "Comment": ""
  },
  "Time": {
   "ScalarTime": {
    "Value": 60,
    "Unit": "s",
    "ReadOnly": false
   }
  }
 }
}

[INFO] [60(s)] Current Time is 60s, it took 10.017s to simulate the past 60s
[INFO] [60(s)] [Action]
{
 "AdvanceTime": {
  "Action": {
   "Comment": ""
  },
  "Time": {
   "ScalarTime": {
    "Value": 3,
    "Unit": "min",
    "ReadOnly": false
   }
  }
 }
}

[INFO] [120(s)] Current Time is 120s, it took 10.252s to simulate the past 60s
[INFO] [180(s)] Current Time is 180s, it took 8.716s to simulate the past 60s
[INFO] [240(s)] Current Time is 240s, it took 8.514s to simulate the past 60s
[INFO] [240(s)] It took 37.501s to run this simulation
[INFO] [240(s)] [Final SimTime] 240(s)
[INFO] [240(s)] [Expected Final SimTime] 240(s)
